Archive member included because of file (symbol)

/cygdrive/c/cygwin/nxtOSEK/ecrobot/../ecrobot/libecrobot.a(ecrobot_interface.o)
                              build/car2_EDF.o (ecrobot_init_sonar_sensor)
/cygdrive/c/cygwin/nxtOSEK/ecrobot/../ecrobot/libecrobot.a(colorsensor.o)
                              /cygdrive/c/cygwin/nxtOSEK/ecrobot/../ecrobot/libecrobot.a(ecrobot_interface.o) (colorsensor_init)
/cygdrive/c/cygwin/nxtOSEK/ecrobot/../ecrobot/libecrobot.a(osek_hook.o)
                              build/kernel/osctl.o (StartupHook)
/cygdrive/c/cygwin/nxtOSEK/ecrobot/../ecrobot/libecrobot.a(uart.oram)
                              build/config/at91sam7s-gnu/irq.oram (uart_isr_C_0)
/cygdrive/c/cygwin/nxtOSEK/ecrobot/../ecrobot/libecrobot.a(systick.oram)
                              build/syslib/at91sam7s-gnu/lego_nxt/hw_sys_timer.oram (systick_low_priority_C)
/cygdrive/c/cygwin/nxtOSEK/ecrobot/../ecrobot/libecrobot.a(byte_fifo.oram)
                              /cygdrive/c/cygwin/nxtOSEK/ecrobot/../ecrobot/libecrobot.a(uart.oram) (byte_fifo_put)
/cygdrive/c/cygwin/nxtOSEK/ecrobot/../ecrobot/libecrobot.a(aic.oram)
                              /cygdrive/c/cygwin/nxtOSEK/ecrobot/../ecrobot/libecrobot.a(uart.oram) (aic_set_vector)
/cygdrive/c/cygwin/nxtOSEK/ecrobot/../ecrobot/libecrobot.a(udp.oram)
                              build/config/at91sam7s-gnu/irq.oram (udp_isr_C)
/cygdrive/c/cygwin/nxtOSEK/ecrobot/../ecrobot/libecrobot.a(twi.oram)
                              build/config/at91sam7s-gnu/irq.oram (twi_isr_C)
/cygdrive/c/cygwin/nxtOSEK/ecrobot/../ecrobot/libecrobot.a(nxt_spi.oram)
                              build/config/at91sam7s-gnu/irq.oram (spi_isr_C)
/cygdrive/c/cygwin/nxtOSEK/ecrobot/../ecrobot/libecrobot.a(nxt_motors.oram)
                              /cygdrive/c/cygwin/nxtOSEK/ecrobot/../ecrobot/libecrobot.a(ecrobot_interface.o) (nxt_motor_get_count)
/cygdrive/c/cygwin/nxtOSEK/ecrobot/../ecrobot/libecrobot.a(data_abort.oram)
                              build/ecrobot_init.o (data_abort_C)
/cygdrive/c/cygwin/nxtOSEK/ecrobot/../ecrobot/libecrobot.a(display.oram)
                              build/ecrobot_base.o (display_update)
/cygdrive/c/cygwin/nxtOSEK/ecrobot/../ecrobot/libecrobot.a(i2c.oram)
                              build/config/at91sam7s-gnu/irq.oram (i2c_timer_isr_C)
/cygdrive/c/cygwin/nxtOSEK/ecrobot/../ecrobot/libecrobot.a(sound.oram)
                              /cygdrive/c/cygwin/nxtOSEK/ecrobot/../ecrobot/libecrobot.a(ecrobot_interface.o) (sound_get_time)
/cygdrive/c/cygwin/nxtOSEK/ecrobot/../ecrobot/libecrobot.a(bt.oram)
                              build/ecrobot_bluetooth.o (bt_send)
/cygdrive/c/cygwin/nxtOSEK/ecrobot/../ecrobot/libecrobot.a(nxt_avr.oram)
                              build/ecrobot_base.o (nxt_avr_power_down)
/cygdrive/c/cygwin/nxtOSEK/ecrobot/../ecrobot/libecrobot.a(sensors.oram)
                              /cygdrive/c/cygwin/nxtOSEK/ecrobot/../ecrobot/libecrobot.a(ecrobot_interface.o) (unset_digi0)
/cygdrive/c/cygwin/nxtOSEK/ecrobot/../ecrobot/libecrobot.a(sensors1.oram)
                              /cygdrive/c/cygwin/nxtOSEK/ecrobot/../ecrobot/libecrobot.a(colorsensor.o) (sensor_pins)
/cygdrive/c/cygwin/nxtOSEK/ecrobot/../ecrobot/libecrobot.a(nxt_lcd.oram)
                              /cygdrive/c/cygwin/nxtOSEK/ecrobot/../ecrobot/libecrobot.a(display.oram) (nxt_lcd_force_update)
/cygdrive/c/cygwin/nxtOSEK/ecrobot/../ecrobot/libecrobot.a(flash_loader.oram)
                              build/ecrobot_base.o (set_flash_request)
/cygdrive/c/cygwin/nxtOSEK/ecrobot/../ecrobot/libecrobot.a(interrupts.oram)
                              /cygdrive/c/cygwin/nxtOSEK/ecrobot/../ecrobot/libecrobot.a(uart.oram) (interrupts_get_and_disable)
/cygdrive/c/cygwin/nxtOSEK/ecrobot/../ecrobot/libecrobot.a(nxtosek_splash.obmp)
                              build/ecrobot_base.o (nxtosek_splash_bmp_start)
/cygdrive/c/cygwin/nxtOSEK/ecrobot/../ecrobot/libecrobot.a(ecrobot_usb.o)
                              /cygdrive/c/cygwin/nxtOSEK/ecrobot/../ecrobot/libecrobot.a(flash_loader.oram) (ecrobot_init_usb)
/cygdrive/c/cygwin/nxtOSEK/ecrobot/../ecrobot/libecrobot.a(flashprog.oram)
                              /cygdrive/c/cygwin/nxtOSEK/ecrobot/../ecrobot/libecrobot.a(flash_loader.oram) (flash_write_page)
/cygdrive/C/cygwin/GNUARM/bin/../lib/gcc/arm-elf/4.0.2/thumb/interwork/libgcc.a(_udivsi3.o)
                              build/ecrobot_base.o (__udivsi3)
/cygdrive/C/cygwin/GNUARM/bin/../lib/gcc/arm-elf/4.0.2/thumb/interwork/libgcc.a(_divsi3.o)
                              /cygdrive/c/cygwin/nxtOSEK/ecrobot/../ecrobot/libecrobot.a(uart.oram) (__divsi3)
/cygdrive/C/cygwin/GNUARM/bin/../lib/gcc/arm-elf/4.0.2/thumb/interwork/libgcc.a(_umodsi3.o)
                              /cygdrive/c/cygwin/nxtOSEK/ecrobot/../ecrobot/libecrobot.a(display.oram) (__umodsi3)
/cygdrive/C/cygwin/GNUARM/bin/../lib/gcc/arm-elf/4.0.2/thumb/interwork/libgcc.a(_modsi3.o)
[...]
Memory Configuration

Name             Origin             Length             Attributes
rom              0x00108000         0x00038000
vector_ram       0x00200000         0x00000040
ram              0x00200040         0x0000ffc0
*default*        0x00000000         0xffffffff

Linker script and memory map

LOAD build/kernel/alarm.o
LOAD build/kernel/event.o
LOAD build/kernel/interrupt.o
LOAD build/kernel/osctl.o
LOAD build/kernel/resource.o
LOAD build/kernel/task.o
LOAD build/kernel/task_manage.o
LOAD build/config/at91sam7s-gnu/cpu_config.o
LOAD build/config/at91sam7s-gnu/lego_nxt/sys_config.o
LOAD build/./kernel_cfg.o
LOAD build/syscalls.o
LOAD build/ecrobot_bluetooth.o
LOAD build/ecrobot_base.o
LOAD build/ecrobot.o
LOAD build/car2_EDF.o
LOAD build/syslib/at91sam7s-gnu/lego_nxt/hw_sys_timer.oram
LOAD build/nxtvm/platform/nxt/vectors.o
LOAD build/config/at91sam7s-gnu/debug.o
LOAD build/config/at91sam7s-gnu/lego_nxt/sys_support.o
LOAD build/nxt_binary_header.o
LOAD build/nxt_entry_point.o
LOAD build/ecrobot_init.o
LOAD build/config/at91sam7s-gnu/cpu_support.oram
LOAD build/config/at91sam7s-gnu/irq.oram
LOAD /cygdrive/c/cygwin/nxtOSEK/ecrobot/../c++/liblejososek.a
LOAD /cygdrive/c/cygwin/nxtOSEK/ecrobot/../ecrobot/libecrobot.a
LOAD /cygdrive/C/cygwin/GNUARM/bin/../lib/gcc/arm-elf/4.0.2/../../../../arm-elf/lib/thumb/interwork/libstdc++.a
LOAD /cygdrive/C/cygwin/GNUARM/bin/../lib/gcc/arm-elf/4.0.2/../../../../arm-elf/lib/thumb/interwork/libm.a
LOAD /cygdrive/C/cygwin/GNUARM/bin/../lib/gcc/arm-elf/4.0.2/thumb/interwork/libgcc.a
LOAD /cygdrive/C/cygwin/GNUARM/bin/../lib/gcc/arm-elf/4.0.2/../../../../arm-elf/lib/thumb/interwork/libc.a
LOAD /cygdrive/C/cygwin/GNUARM/bin/../lib/gcc/arm-elf/4.0.2/thumb/interwork/libgcc.a
                0x00108000                ROM_BASE = 0x108000
                0x00038000                ROM_SIZE = 0x38000
                0x00200000                RAM_BASE = 0x200000
                0x00010000                RAM_SIZE = 0x10000

.vectors        0x00200000       0x40 load address 0x00108000
 vectors.o(*.text *.text.*)
 .text          0x00200000       0x38 build/nxtvm/platform/nxt/vectors.o
                0x00200040                . = ALIGN (0x10)
 *fill*         0x00200038        0x8 00
                0x00200000                __vectors_ram_start__ = ADDR (.vectors)
                0x00200040                __vectors_ram_end__ = (ADDR (.vectors) + SIZEOF (.vectors))
                0x00108000                __vectors_load_start__ = LOADADDR (.vectors)
                0x00108040                __vectors_load_end__ = (LOADADDR (.vectors) + SIZEOF (.vectors))

.init           0x00108040      0x280
 *ecrobot_init.o(*.text *.text.*)
 .text          0x00108040      0x280 build/ecrobot_init.o
                0x001081ac                undef_handler
                0x001081b4                prefetch_abort_handler
                0x001081b8                data_abort_handler
                0x001081b0                swi_handler
                0x00108040                start
                0x001081d4                reserved_handler
                0x001082c0                . = ALIGN (0x10)

.ram_text       0x00200040     0x3420 load address 0x001082c0
                0x00200040                . = ALIGN (0x10)
 *.oram(*.text *.text.* *.glue*)
 .text.systick_isr_C1
                0x00200040       0x28 build/syslib/at91sam7s-gnu/lego_nxt/hw_sys_timer.oram
                0x00200040                systick_isr_C1
 *fill*         0x00200068        0x8 00
 .text          0x00200070      0x230 build/config/at91sam7s-gnu/cpu_support.oram
                0x00200250                enable_int
                0x002000f0                start_dispatch
                0x002000b0                activate_r
                0x00200248                disable_int
                0x00200070                dispatch
                0x0020021c                int_return
                0x002001ac                _interrupt
                0x002000e0                exit_and_dispatch
                0x00200258                nop
 .text          0x002002a0      0x2c0 build/config/at91sam7s-gnu/irq.oram
                0x002002a0                default_isr
                0x0020042c                uart_isr_entry_0
                0x002003ac                twi_isr_entry
                0x0020046c                uart_isr_entry_1
                0x0020036c                spi_isr_entry
                0x002002ec                systick_low_priority_entry
                0x002004ac                nxt_motor_isr_entry
                0x002004ec                i2c_timer_isr_entry
                0x002002a0                default_fiq
                0x002002a4                systick_isr_entry
                0x002002a0                spurious_isr
                0x002003ec                sound_isr_entry
                0x0020032c                udp_isr_entry
 .text.uart_process_isr
                0x00200560       0x88 /cygdrive/c/cygwin/nxtOSEK/ecrobot/../ecrobot/libecrobot.a(uart.oram)
 .text.uart_isr_C_0
                0x002005e8        0xc /cygdrive/c/cygwin/nxtOSEK/ecrobot/../ecrobot/libecrobot.a(uart.oram)
                0x002005e8                uart_isr_C_0
 .text.uart_isr_C_1
                0x002005f4        0xc /cygdrive/c/cygwin/nxtOSEK/ecrobot/../ecrobot/libecrobot.a(uart.oram)
                0x002005f4                uart_isr_C_1
 .text.systick_low_priority_C
                0x00200600       0x1c /cygdrive/c/cygwin/nxtOSEK/ecrobot/../ecrobot/libecrobot.a(systick.oram)
                0x00200600                systick_low_priority_C
 .text.systick_isr_C
                0x0020061c       0x24 /cygdrive/c/cygwin/nxtOSEK/ecrobot/../ecrobot/libecrobot.a(systick.oram)
                0x0020061c                systick_isr_C
 .text.systick_get_ms
                0x00200640        0xc /cygdrive/c/cygwin/nxtOSEK/ecrobot/../ecrobot/libecrobot.a(systick.oram)
                0x00200640                systick_get_ms
 .text.systick_wait_ms
                0x0020064c       0x1c /cygdrive/c/cygwin/nxtOSEK/ecrobot/../ecrobot/libecrobot.a(systick.oram)
                0x0020064c                systick_wait_ms
 .text.systick_wait_ns
                0x00200668       0x1c /cygdrive/c/cygwin/nxtOSEK/ecrobot/../ecrobot/libecrobot.a(systick.oram)
                0x00200668                systick_wait_ns
 .text.systick_init
                0x00200684       0x58 /cygdrive/c/cygwin/nxtOSEK/ecrobot/../ecrobot/libecrobot.a(systick.oram)
                0x00200684                systick_init
 .text.systick_suspend
                0x002006dc        0xc /cygdrive/c/cygwin/nxtOSEK/ecrobot/../ecrobot/libecrobot.a(systick.oram)
                0x002006dc                systick_suspend
 .text.systick_resume
                0x002006e8        0xc /cygdrive/c/cygwin/nxtOSEK/ecrobot/../ecrobot/libecrobot.a(systick.oram)
                0x002006e8                systick_resume
 .text.byte_fifo_put
                0x002006f4       0x58 /cygdrive/c/cygwin/nxtOSEK/ecrobot/../ecrobot/libecrobot.a(byte_fifo.oram)
                0x002006f4                byte_fifo_put
 .text.byte_fifo_get
                0x0020074c       0x2c /cygdrive/c/cygwin/nxtOSEK/ecrobot/../ecrobot/libecrobot.a(byte_fifo.oram)
                0x0020074c                byte_fifo_get
 .text.aic_initialise
                0x00200778       0x5c /cygdrive/c/cygwin/nxtOSEK/ecrobot/../ecrobot/libecrobot.a(aic.oram)
                0x00200778                aic_initialise
 .text.aic_set_vector
                0x002007d4       0x30 /cygdrive/c/cygwin/nxtOSEK/ecrobot/../ecrobot/libecrobot.a(aic.oram)
                0x002007d4                aic_set_vector
 .text.aic_mask_on
                0x00200804       0x24 /cygdrive/c/cygwin/nxtOSEK/ecrobot/../ecrobot/libecrobot.a(aic.oram)
                0x00200804                aic_mask_on
 .text.aic_mask_off
                0x00200828       0x24 /cygdrive/c/cygwin/nxtOSEK/ecrobot/../ecrobot/libecrobot.a(aic.oram)
                0x00200828                aic_mask_off
 .text.aic_clear
                0x0020084c       0x24 /cygdrive/c/cygwin/nxtOSEK/ecrobot/../ecrobot/libecrobot.a(aic.oram)
                0x0020084c                aic_clear
 .text.reset    0x00200870       0x4c /cygdrive/c/cygwin/nxtOSEK/ecrobot/../ecrobot/libecrobot.a(udp.oram)
 .text.udp_send_null
                0x002008bc       0x2c /cygdrive/c/cygwin/nxtOSEK/ecrobot/../ecrobot/libecrobot.a(udp.oram)
 .text.udp_send_stall
                0x002008e8       0x2c /cygdrive/c/cygwin/nxtOSEK/ecrobot/../ecrobot/libecrobot.a(udp.oram)
 .text.udp_send_control
                0x00200914       0x60 /cygdrive/c/cygwin/nxtOSEK/ecrobot/../ecrobot/libecrobot.a(udp.oram)
 .text.udp_isr_C
                0x00200974      0x7d0 /cygdrive/c/cygwin/nxtOSEK/ecrobot/../ecrobot/libecrobot.a(udp.oram)
                0x00200974                udp_isr_C
 .text.twi_status
                0x00201144       0x20 /cygdrive/c/cygwin/nxtOSEK/ecrobot/../ecrobot/libecrobot.a(twi.oram)
                0x00201144                twi_status
 .text.twi_isr_C
                0x00201164       0xc4 /cygdrive/c/cygwin/nxtOSEK/ecrobot/../ecrobot/libecrobot.a(twi.oram)
                0x00201164                twi_isr_C
 .text.twi_reset
                0x00201228       0xb4 /cygdrive/c/cygwin/nxtOSEK/ecrobot/../ecrobot/libecrobot.a(twi.oram)
                0x00201228                twi_reset
 .text.twi_init
                0x002012dc       0x4c /cygdrive/c/cygwin/nxtOSEK/ecrobot/../ecrobot/libecrobot.a(twi.oram)
                0x002012dc                twi_init
 .text.twi_start_read
                0x00201328       0x60 /cygdrive/c/cygwin/nxtOSEK/ecrobot/../ecrobot/libecrobot.a(twi.oram)
                0x00201328                twi_start_read
 .text.twi_start_write
                0x00201388       0x64 /cygdrive/c/cygwin/nxtOSEK/ecrobot/../ecrobot/libecrobot.a(twi.oram)
                0x00201388                twi_start_write
 .text.spi_set_mode
                0x002013ec       0x40 /cygdrive/c/cygwin/nxtOSEK/ecrobot/../ecrobot/libecrobot.a(nxt_spi.oram)
 .text.spi_isr_C
                0x0020142c       0x8c /cygdrive/c/cygwin/nxtOSEK/ecrobot/../ecrobot/libecrobot.a(nxt_spi.oram)
                0x0020142c                spi_isr_C
 .text.nxt_spi_init
                0x002014b8      0x12c /cygdrive/c/cygwin/nxtOSEK/ecrobot/../ecrobot/libecrobot.a(nxt_spi.oram)
                0x002014b8                nxt_spi_init
 .text.nxt_spi_write
                0x002015e4       0x44 /cygdrive/c/cygwin/nxtOSEK/ecrobot/../ecrobot/libecrobot.a(nxt_spi.oram)
                0x002015e4                nxt_spi_write
 .text.nxt_spi_set_display
                0x00201628       0x10 /cygdrive/c/cygwin/nxtOSEK/ecrobot/../ecrobot/libecrobot.a(nxt_spi.oram)
                0x00201628                nxt_spi_set_display
 .text.nxt_spi_refresh
                0x00201638       0x24 /cygdrive/c/cygwin/nxtOSEK/ecrobot/../ecrobot/libecrobot.a(nxt_spi.oram)
                0x00201638                nxt_spi_refresh
 .text.nxt_motor_set_count
                0x0020165c       0x10 /cygdrive/c/cygwin/nxtOSEK/ecrobot/../ecrobot/libecrobot.a(nxt_motors.oram)
                0x0020165c                nxt_motor_set_count
 .text.nxt_motor_set_speed
                0x0020166c       0x34 /cygdrive/c/cygwin/nxtOSEK/ecrobot/../ecrobot/libecrobot.a(nxt_motors.oram)
                0x0020166c                nxt_motor_set_speed
 .text.nxt_motor_1kHz_process
                0x002016a0       0x28 /cygdrive/c/cygwin/nxtOSEK/ecrobot/../ecrobot/libecrobot.a(nxt_motors.oram)
                0x002016a0                nxt_motor_1kHz_process
 .text.nxt_motor_quad_decode
                0x002016c8       0x30 /cygdrive/c/cygwin/nxtOSEK/ecrobot/../ecrobot/libecrobot.a(nxt_motors.oram)
                0x002016c8                nxt_motor_quad_decode
 .text.nxt_motor_isr_C
                0x002016f8       0x88 /cygdrive/c/cygwin/nxtOSEK/ecrobot/../ecrobot/libecrobot.a(nxt_motors.oram)
                0x002016f8                nxt_motor_isr_C
 .text.nxt_motor_init
                0x00201780       0x68 /cygdrive/c/cygwin/nxtOSEK/ecrobot/../ecrobot/libecrobot.a(nxt_motors.oram)
                0x00201780                nxt_motor_init
 .text.data_abort_C
                0x002017e8       0x7c /cygdrive/c/cygwin/nxtOSEK/ecrobot/../ecrobot/libecrobot.a(data_abort.oram)
                0x002017e8                data_abort_C
 .text.display_update
                0x00201864       0x14 /cygdrive/c/cygwin/nxtOSEK/ecrobot/../ecrobot/libecrobot.a(display.oram)
                0x00201864                display_update
 .text.display_force_update
                0x00201878        0xc /cygdrive/c/cygwin/nxtOSEK/ecrobot/../ecrobot/libecrobot.a(display.oram)
                0x00201878                display_force_update
 .text.display_clear
                0x00201884       0x24 /cygdrive/c/cygwin/nxtOSEK/ecrobot/../ecrobot/libecrobot.a(display.oram)
                0x00201884                display_clear
 .text.display_goto_xy
                0x002018a8       0x14 /cygdrive/c/cygwin/nxtOSEK/ecrobot/../ecrobot/libecrobot.a(display.oram)
                0x002018a8                display_goto_xy
 .text.display_char
                0x002018bc       0x60 /cygdrive/c/cygwin/nxtOSEK/ecrobot/../ecrobot/libecrobot.a(display.oram)
                0x002018bc                display_char
 .text.display_string
                0x0020191c       0x3c /cygdrive/c/cygwin/nxtOSEK/ecrobot/../ecrobot/libecrobot.a(display.oram)
                0x0020191c                display_string
 .text.display_hex
                0x00201958       0x50 /cygdrive/c/cygwin/nxtOSEK/ecrobot/../ecrobot/libecrobot.a(display.oram)
                0x00201958                display_hex
 .text.display_unsigned_worker
                0x002019a8       0x70 /cygdrive/c/cygwin/nxtOSEK/ecrobot/../ecrobot/libecrobot.a(display.oram)
 .text.display_unsigned
                0x00201a18        0xc /cygdrive/c/cygwin/nxtOSEK/ecrobot/../ecrobot/libecrobot.a(display.oram)
                0x00201a18                display_unsigned
 .text.display_int
                0x00201a24       0x14 /cygdrive/c/cygwin/nxtOSEK/ecrobot/../ecrobot/libecrobot.a(display.oram)
                0x00201a24                display_int
 .text.display_bitmap_copy
                0x00201a38       0x5c /cygdrive/c/cygwin/nxtOSEK/ecrobot/../ecrobot/libecrobot.a(display.oram)
                0x00201a38                display_bitmap_copy
 .text.display_init
                0x00201a94       0x50 /cygdrive/c/cygwin/nxtOSEK/ecrobot/../ecrobot/libecrobot.a(display.oram)
                0x00201a94                display_init
 .text.i2c_timer_isr_C
                0x00201ae4      0x314 /cygdrive/c/cygwin/nxtOSEK/ecrobot/../ecrobot/libecrobot.a(i2c.oram)
                0x00201ae4                i2c_timer_isr_C
 .text.i2c_disable
                0x00201df8       0x20 /cygdrive/c/cygwin/nxtOSEK/ecrobot/../ecrobot/libecrobot.a(i2c.oram)
                0x00201df8                i2c_disable
 .text.i2c_enable
                0x00201e18       0x40 /cygdrive/c/cygwin/nxtOSEK/ecrobot/../ecrobot/libecrobot.a(i2c.oram)
                0x00201e18                i2c_enable
 .text.i2c_init
                0x00201e58       0xa4 /cygdrive/c/cygwin/nxtOSEK/ecrobot/../ecrobot/libecrobot.a(i2c.oram)
                0x00201e58                i2c_init
 .text.i2c_busy
                0x00201efc       0x24 /cygdrive/c/cygwin/nxtOSEK/ecrobot/../ecrobot/libecrobot.a(i2c.oram)
                0x00201efc                i2c_busy
 .text.i2c_start_transaction
                0x00201f20      0x108 /cygdrive/c/cygwin/nxtOSEK/ecrobot/../ecrobot/libecrobot.a(i2c.oram)
                0x00201f20                i2c_start_transaction
 .text.sound_fill_sample_buffer
                0x00202028       0xe4 /cygdrive/c/cygwin/nxtOSEK/ecrobot/../ecrobot/libecrobot.a(sound.oram)
                0x00202028                sound_fill_sample_buffer
 .text.sound_init
                0x0020210c       0xa0 /cygdrive/c/cygwin/nxtOSEK/ecrobot/../ecrobot/libecrobot.a(sound.oram)
                0x0020210c                sound_init
 .text.sound_isr_C
                0x002021ac      0x180 /cygdrive/c/cygwin/nxtOSEK/ecrobot/../ecrobot/libecrobot.a(sound.oram)
                0x002021ac                sound_isr_C
 .text.bt_init  0x0020232c      0x1c0 /cygdrive/c/cygwin/nxtOSEK/ecrobot/../ecrobot/libecrobot.a(bt.oram)
                0x0020232c                bt_init
 .text.bt_send  0x002024ec       0x5c /cygdrive/c/cygwin/nxtOSEK/ecrobot/../ecrobot/libecrobot.a(bt.oram)
                0x002024ec                bt_send
 .text.bt_write
                0x00202548       0x70 /cygdrive/c/cygwin/nxtOSEK/ecrobot/../ecrobot/libecrobot.a(bt.oram)
                0x00202548                bt_write
 .text.bt_pending
                0x002025b8       0x50 /cygdrive/c/cygwin/nxtOSEK/ecrobot/../ecrobot/libecrobot.a(bt.oram)
                0x002025b8                bt_pending
 .text.bt_clear_arm7_cmd
                0x00202608       0x10 /cygdrive/c/cygwin/nxtOSEK/ecrobot/../ecrobot/libecrobot.a(bt.oram)
                0x00202608                bt_clear_arm7_cmd
 .text.bt_set_arm7_cmd
                0x00202618       0x10 /cygdrive/c/cygwin/nxtOSEK/ecrobot/../ecrobot/libecrobot.a(bt.oram)
                0x00202618                bt_set_arm7_cmd
 .text.bt_receive
                0x00202628      0x160 /cygdrive/c/cygwin/nxtOSEK/ecrobot/../ecrobot/libecrobot.a(bt.oram)
                0x00202628                bt_receive
 .text.bt_reset
                0x00202788       0x84 /cygdrive/c/cygwin/nxtOSEK/ecrobot/../ecrobot/libecrobot.a(bt.oram)
                0x00202788                bt_reset
 .text.nxt_avr_power_down
                0x0020280c       0x10 /cygdrive/c/cygwin/nxtOSEK/ecrobot/../ecrobot/libecrobot.a(nxt_avr.oram)
                0x0020280c                nxt_avr_power_down
 .text.nxt_avr_link_init
                0x0020281c       0x20 /cygdrive/c/cygwin/nxtOSEK/ecrobot/../ecrobot/libecrobot.a(nxt_avr.oram)
                0x0020281c                nxt_avr_link_init
 .text.nxt_avr_init
                0x0020283c       0x6c /cygdrive/c/cygwin/nxtOSEK/ecrobot/../ecrobot/libecrobot.a(nxt_avr.oram)
                0x0020283c                nxt_avr_init
 .text.nxt_avr_1kHz_update
                0x002028a8      0x1cc /cygdrive/c/cygwin/nxtOSEK/ecrobot/../ecrobot/libecrobot.a(nxt_avr.oram)
                0x002028a8                nxt_avr_1kHz_update
 .text.buttons_get
                0x00202a74        0xc /cygdrive/c/cygwin/nxtOSEK/ecrobot/../ecrobot/libecrobot.a(nxt_avr.oram)
                0x00202a74                buttons_get
 .text.battery_voltage
                0x00202a80       0x28 /cygdrive/c/cygwin/nxtOSEK/ecrobot/../ecrobot/libecrobot.a(nxt_avr.oram)
                0x00202a80                battery_voltage
 .text.nxt_avr_set_motor
                0x00202aa8       0x34 /cygdrive/c/cygwin/nxtOSEK/ecrobot/../ecrobot/libecrobot.a(nxt_avr.oram)
                0x00202aa8                nxt_avr_set_motor
 .text.nxt_avr_set_input_power
                0x00202adc       0x3c /cygdrive/c/cygwin/nxtOSEK/ecrobot/../ecrobot/libecrobot.a(nxt_avr.oram)
                0x00202adc                nxt_avr_set_input_power
 .text.unset_digi0
                0x00202b18       0x44 /cygdrive/c/cygwin/nxtOSEK/ecrobot/../ecrobot/libecrobot.a(sensors.oram)
                0x00202b18                unset_digi0
 .text.unset_digi1
                0x00202b5c       0x44 /cygdrive/c/cygwin/nxtOSEK/ecrobot/../ecrobot/libecrobot.a(sensors.oram)
                0x00202b5c                unset_digi1
 .text.init_sensors
                0x00202ba0       0x4c /cygdrive/c/cygwin/nxtOSEK/ecrobot/../ecrobot/libecrobot.a(sensors.oram)
                0x00202ba0                init_sensors
 .text.nxt_lcd_command
                0x00202bec       0x18 /cygdrive/c/cygwin/nxtOSEK/ecrobot/../ecrobot/libecrobot.a(nxt_lcd.oram)
                0x00202bec                nxt_lcd_command
 .text.nxt_lcd_set_col
                0x00202c04       0x24 /cygdrive/c/cygwin/nxtOSEK/ecrobot/../ecrobot/libecrobot.a(nxt_lcd.oram)
                0x00202c04                nxt_lcd_set_col
 .text.nxt_lcd_set_multiplex_rate
                0x00202c28       0x18 /cygdrive/c/cygwin/nxtOSEK/ecrobot/../ecrobot/libecrobot.a(nxt_lcd.oram)
                0x00202c28                nxt_lcd_set_multiplex_rate
 .text.nxt_lcd_set_page_address
                0x00202c40       0x18 /cygdrive/c/cygwin/nxtOSEK/ecrobot/../ecrobot/libecrobot.a(nxt_lcd.oram)
                0x00202c40                nxt_lcd_set_page_address
 .text.nxt_lcd_set_pot
                0x00202c58       0x1c /cygdrive/c/cygwin/nxtOSEK/ecrobot/../ecrobot/libecrobot.a(nxt_lcd.oram)
                0x00202c58                nxt_lcd_set_pot
 .text.nxt_lcd_set_ram_address_control
                0x00202c74       0x18 /cygdrive/c/cygwin/nxtOSEK/ecrobot/../ecrobot/libecrobot.a(nxt_lcd.oram)
                0x00202c74                nxt_lcd_set_ram_address_control
 .text.nxt_lcd_enable
                0x00202c8c       0x14 /cygdrive/c/cygwin/nxtOSEK/ecrobot/../ecrobot/libecrobot.a(nxt_lcd.oram)
                0x00202c8c                nxt_lcd_enable
 .text.nxt_lcd_set_map_control
                0x00202ca0       0x18 /cygdrive/c/cygwin/nxtOSEK/ecrobot/../ecrobot/libecrobot.a(nxt_lcd.oram)
                0x00202ca0                nxt_lcd_set_map_control
 .text.nxt_lcd_reset
                0x00202cb8        0xc /cygdrive/c/cygwin/nxtOSEK/ecrobot/../ecrobot/libecrobot.a(nxt_lcd.oram)
                0x00202cb8                nxt_lcd_reset
 .text.nxt_lcd_set_bias_ratio
                0x00202cc4       0x18 /cygdrive/c/cygwin/nxtOSEK/ecrobot/../ecrobot/libecrobot.a(nxt_lcd.oram)
                0x00202cc4                nxt_lcd_set_bias_ratio
 .text.nxt_lcd_force_update
                0x00202cdc       0x30 /cygdrive/c/cygwin/nxtOSEK/ecrobot/../ecrobot/libecrobot.a(nxt_lcd.oram)
                0x00202cdc                nxt_lcd_force_update
 .text.nxt_lcd_update
                0x00202d0c        0xc /cygdrive/c/cygwin/nxtOSEK/ecrobot/../ecrobot/libecrobot.a(nxt_lcd.oram)
                0x00202d0c                nxt_lcd_update
 .text.nxt_lcd_power_up
                0x00202d18       0x48 /cygdrive/c/cygwin/nxtOSEK/ecrobot/../ecrobot/libecrobot.a(nxt_lcd.oram)
                0x00202d18                nxt_lcd_power_up
 .text.nxt_lcd_power_down
                0x00202d60        0xc /cygdrive/c/cygwin/nxtOSEK/ecrobot/../ecrobot/libecrobot.a(nxt_lcd.oram)
                0x00202d60                nxt_lcd_power_down
 .text.nxt_lcd_init
                0x00202d6c       0x18 /cygdrive/c/cygwin/nxtOSEK/ecrobot/../ecrobot/libecrobot.a(nxt_lcd.oram)
                0x00202d6c                nxt_lcd_init
 .text.verify_flash_page
                0x00202d84       0x34 /cygdrive/c/cygwin/nxtOSEK/ecrobot/../ecrobot/libecrobot.a(flash_loader.oram)
 .text.set_flash_request
                0x00202db8       0x38 /cygdrive/c/cygwin/nxtOSEK/ecrobot/../ecrobot/libecrobot.a(flash_loader.oram)
                0x00202db8                set_flash_request
 .text.nxt_device_init
                0x00202df0       0x38 /cygdrive/c/cygwin/nxtOSEK/ecrobot/../ecrobot/libecrobot.a(flash_loader.oram)
                0x00202df0                nxt_device_init
 .text          0x00202e28       0x68 /cygdrive/c/cygwin/nxtOSEK/ecrobot/../ecrobot/libecrobot.a(interrupts.oram)
                0x00202e80                fiq_enable
                0x00202e28                interrupts_get_and_disable
                0x00202e5c                fiq_get_and_disable
                0x00202e4c                interrupts_enable
 .text.flash_write_page
                0x00202e90       0xc0 /cygdrive/c/cygwin/nxtOSEK/ecrobot/../ecrobot/libecrobot.a(flashprog.oram)
                0x00202e90                flash_write_page
                0x00202f50                . = ALIGN (0x10)
 *.oram(*.rodata *.rodata.*)
 .rodata.ld     0x00202f50        0x4 /cygdrive/c/cygwin/nxtOSEK/ecrobot/../ecrobot/libecrobot.a(udp.oram)
 .rodata.cfd    0x00202f54       0x20 /cygdrive/c/cygwin/nxtOSEK/ecrobot/../ecrobot/libecrobot.a(udp.oram)
 .rodata.dd     0x00202f74       0x12 /cygdrive/c/cygwin/nxtOSEK/ecrobot/../ecrobot/libecrobot.a(udp.oram)
 *fill*         0x00202f86        0x2 00
 .rodata.str1.4
                0x00202f88       0x22 /cygdrive/c/cygwin/nxtOSEK/ecrobot/../ecrobot/libecrobot.a(data_abort.oram)
                                 0x24 (size before relaxing)
 .rodata.font   0x00202faa      0x280 /cygdrive/c/cygwin/nxtOSEK/ecrobot/../ecrobot/libecrobot.a(display.oram)
 *fill*         0x0020322a        0x2 00
 .rodata.str1.4
                0x0020322c       0x76 /cygdrive/c/cygwin/nxtOSEK/ecrobot/../ecrobot/libecrobot.a(display.oram)
                                 0x78 (size before relaxing)
 *fill*         0x002032a2        0x2 00
 .rodata.i2c_pin
                0x002032a4       0x20 /cygdrive/c/cygwin/nxtOSEK/ecrobot/../ecrobot/libecrobot.a(i2c.oram)
 .rodata.i2c_timer_isr_C
                0x002032c4       0x38 /cygdrive/c/cygwin/nxtOSEK/ecrobot/../ecrobot/libecrobot.a(i2c.oram)
 .rodata.silence
                0x002032fc       0x40 /cygdrive/c/cygwin/nxtOSEK/ecrobot/../ecrobot/libecrobot.a(sound.oram)
                0x002032fc                silence
 .rodata.sample_pattern
                0x0020333c       0x84 /cygdrive/c/cygwin/nxtOSEK/ecrobot/../ecrobot/libecrobot.a(sound.oram)
                0x0020333c                sample_pattern
 .rodata        0x002033c0        0xc /cygdrive/c/cygwin/nxtOSEK/ecrobot/../ecrobot/libecrobot.a(sound.oram)
 .rodata.avr_brainwash_string
                0x002033cc       0x30 /cygdrive/c/cygwin/nxtOSEK/ecrobot/../ecrobot/libecrobot.a(nxt_avr.oram)
                0x002033cc                avr_brainwash_string
 .rodata.nxt_avr_1kHz_update
                0x002033fc       0x14 /cygdrive/c/cygwin/nxtOSEK/ecrobot/../ecrobot/libecrobot.a(nxt_avr.oram)
 .rodata.C.33.1823
                0x00203410       0x10 /cygdrive/c/cygwin/nxtOSEK/ecrobot/../ecrobot/libecrobot.a(sensors.oram)
 .rodata.C.37.1857
                0x00203420       0x10 /cygdrive/c/cygwin/nxtOSEK/ecrobot/../ecrobot/libecrobot.a(sensors.oram)
 .rodata.str1.4
                0x00203430       0x23 /cygdrive/c/cygwin/nxtOSEK/ecrobot/../ecrobot/libecrobot.a(flash_loader.oram)
                                 0x24 (size before relaxing)
                0x00203460                . = ALIGN (0x10)
 *fill*         0x00203453        0xd 00
                0x00200040                __ramtext_ram_start__ = ADDR (.ram_text)
                0x00203460                __ramtext_ram_end__ = (ADDR (.ram_text) + SIZEOF (.ram_text))
                0x001082c0                __ramtext_load_start__ = LOADADDR (.ram_text)
                0x0010b6e0                __ramtext_load_end__ = (__ramtext_load_start__ + SIZEOF (.ram_text))

.wav_data       0x0010b6e0        0x0
 *.owav(*.data *.data.*)
                0x0010b6e0                . = ALIGN (0x10)

.bmp_data       0x0010b6e0      0x440
 *.obmp(*.data *.data.*)
 .data          0x0010b6e0      0x43e /cygdrive/c/cygwin/nxtOSEK/ecrobot/../ecrobot/libecrobot.a(nxtosek_splash.obmp)
                0x0010b6e0                nxtosek_splash_bmp_start
                0x0010bb1e                nxtosek_splash_bmp_end
                0x0010bb20                . = ALIGN (0x10)
 *fill*         0x0010bb1e        0x2 00

.spr_data       0x0010bb20        0x0
 *.ospr(*.data *.data.*)
                0x0010bb20                . = ALIGN (0x10)

.data           0x00203460       0x70 load address 0x0010bb20
 *(*.data *.data.*)
 .data.bt_status
                0x00203460        0x1 build/ecrobot_bluetooth.o
 *fill*         0x00203461        0x3 00
 .data.bt_status.2864
                0x00203464        0x4 build/car2_EDF.o
 .data.distance_state
                0x00203468       0x10 /cygdrive/c/cygwin/nxtOSEK/ecrobot/../ecrobot/libecrobot.a(ecrobot_interface.o)
 .data.deviceStatus
                0x00203478        0x1 /cygdrive/c/cygwin/nxtOSEK/ecrobot/../ecrobot/libecrobot.a(ecrobot_interface.o)
 .bss.data.2763
                0x00203479        0x4 /cygdrive/c/cygwin/nxtOSEK/ecrobot/../ecrobot/libecrobot.a(ecrobot_interface.o)
 .data.named    0x0020347d       0x22 /cygdrive/c/cygwin/nxtOSEK/ecrobot/../ecrobot/libecrobot.a(udp.oram)
 .data.snd      0x0020349f       0x1a /cygdrive/c/cygwin/nxtOSEK/ecrobot/../ecrobot/libecrobot.a(udp.oram)
 *fill*         0x002034b9        0x3 00
 .data.configured
                0x002034bc        0x4 /cygdrive/c/cygwin/nxtOSEK/ecrobot/../ecrobot/libecrobot.a(udp.oram)
 .data.mode     0x002034c0        0x1 /cygdrive/c/cygwin/nxtOSEK/ecrobot/../ecrobot/libecrobot.a(nxt_spi.oram)
                0x002034c0                mode
 *fill*         0x002034c1        0x3 00
 .bss.data      0x002034c4        0x4 /cygdrive/c/cygwin/nxtOSEK/ecrobot/../ecrobot/libecrobot.a(nxt_spi.oram)
                0x002034c4                data
 .data.display_auto_update
                0x002034c8        0x4 /cygdrive/c/cygwin/nxtOSEK/ecrobot/../ecrobot/libecrobot.a(display.oram)
                0x002034c8                display_auto_update
 .data.display_buffer
                0x002034cc        0x4 /cygdrive/c/cygwin/nxtOSEK/ecrobot/../ecrobot/libecrobot.a(display.oram)
                0x002034d0                . = ALIGN (0x10)
                0x00203460                __data_ram_start__ = ADDR (.data)
                0x002034d0                __data_ram_end__ = (ADDR (.data) + SIZEOF (.data))
                0x0010bb20                __data_load_start__ = LOADADDR (.data)
                0x0010bb90                __data_load_end__ = (__data_load_start__ + SIZEOF (.data))

.text           0x0010bb90     0x1bb0
                0x0010bb90                . = ALIGN (0x10)
 *(*.text *.text.* *.glue*)
 .text.enqueue_alarm
                0x0010bb90       0x90 build/kernel/alarm.o
 .text.alarm_initialize
                0x0010bc20       0x98 build/kernel/alarm.o
                0x0010bc20                alarm_initialize
 .text.SignalCounter
                0x0010bcb8      0x134 build/kernel/alarm.o
                0x0010bcb8                SignalCounter
 .text.SetEvent
                0x0010bdec       0xac build/kernel/event.o
                0x0010bdec                SetEvent
 .text.WaitEvent
                0x0010be98       0xa8 build/kernel/event.o
                0x0010be98                WaitEvent
 .text.StartOS  0x0010bf40       0x58 build/kernel/osctl.o
                0x0010bf40                StartOS
 .text.ShutdownOS
                0x0010bf98       0x4c build/kernel/osctl.o
                0x0010bf98                ShutdownOS
 .text.call_pretaskhook
                0x0010bfe4       0x24 build/kernel/osctl.o
                0x0010bfe4                call_pretaskhook
 .text.call_errorhook
                0x0010c008       0x78 build/kernel/osctl.o
                0x0010c008                call_errorhook
 .text.call_posttaskhook
                0x0010c080       0x24 build/kernel/osctl.o
                0x0010c080                call_posttaskhook
 .text.resource_initialize
                0x0010c0a4       0x2c build/kernel/resource.o
                0x0010c0a4                resource_initialize
 .text.GetResource
                0x0010c0d0       0xe0 build/kernel/resource.o
                0x0010c0d0                GetResource
 .text.search_schedtsk
                0x0010c1b0       0x94 build/kernel/task.o
                0x0010c1b0                search_schedtsk
 .text.make_runnable
                0x0010c244       0xac build/kernel/task.o
                0x0010c244                make_runnable
 .text.make_active
                0x0010c2f0       0x78 build/kernel/task.o
                0x0010c2f0                make_active
 .text.task_initialize
                0x0010c368       0x90 build/kernel/task.o
                0x0010c368                task_initialize
 .text.cpu_initialize
                0x0010c3f8        0x4 build/config/at91sam7s-gnu/cpu_config.o
                0x0010c3f8                cpu_initialize
 .text.cpu_terminate
                0x0010c3fc        0x4 build/config/at91sam7s-gnu/cpu_config.o
                0x0010c3fc                cpu_terminate
 .text.sys_initialize
                0x0010c400        0x4 build/config/at91sam7s-gnu/lego_nxt/sys_config.o
                0x0010c400                sys_initialize
 .text.sys_exit
                0x0010c404        0x4 build/config/at91sam7s-gnu/lego_nxt/sys_config.o
                0x0010c404                sys_exit
 .text.object_initialize
                0x0010c408       0x14 build/./kernel_cfg.o
                0x0010c408                object_initialize
 .text.ecrobot_get_bt_status
                0x0010c41c       0x10 build/ecrobot_bluetooth.o
                0x0010c41c                ecrobot_get_bt_status
 .text.close_bt_stream
                0x0010c42c       0x2c build/ecrobot_bluetooth.o
 .text.ecrobot_send_bt_packet
                0x0010c458       0x54 build/ecrobot_bluetooth.o
                0x0010c458                ecrobot_send_bt_packet
 .text.ecrobot_read_bt_packet
                0x0010c4ac       0x4c build/ecrobot_bluetooth.o
                0x0010c4ac                ecrobot_read_bt_packet
 .text.send_bt_command
                0x0010c4f8       0x40 build/ecrobot_bluetooth.o
 .text.ecrobot_term_bt_connection
                0x0010c538       0x48 build/ecrobot_bluetooth.o
                0x0010c538                ecrobot_term_bt_connection
 .text.read_bt_command
                0x0010c580       0x5c build/ecrobot_bluetooth.o
 .text.open_bt_stream
                0x0010c5dc       0x50 build/ecrobot_bluetooth.o
 .text.ecrobot_get_bt_device_address
                0x0010c62c       0x6c build/ecrobot_bluetooth.o
                0x0010c62c                ecrobot_get_bt_device_address
 .text.ecrobot_init_bt_slave
                0x0010c698      0x12c build/ecrobot_bluetooth.o
                0x0010c698                ecrobot_init_bt_slave
 .text.init_OS_flag
                0x0010c7c4        0xc build/ecrobot_base.o
                0x0010c7c4                init_OS_flag
 .text.set_OS_flag
                0x0010c7d0        0xc build/ecrobot_base.o
                0x0010c7d0                set_OS_flag
 .text.get_OS_flag
                0x0010c7dc        0xc build/ecrobot_base.o
                0x0010c7dc                get_OS_flag
 .text.cpp_constructor
                0x0010c7e8       0x28 build/ecrobot_base.o
                0x0010c7e8                cpp_constructor
 .text.cpp_destructor
                0x0010c810       0x28 build/ecrobot_base.o
                0x0010c810                cpp_destructor
 .text.execution_mode
                0x0010c838       0x24 build/ecrobot_base.o
                0x0010c838                execution_mode
 .text.show_main_screen
                0x0010c85c       0x48 build/ecrobot_base.o
                0x0010c85c                show_main_screen
 .text.display_status_bar
                0x0010c8a4       0x5c build/ecrobot_base.o
                0x0010c8a4                display_status_bar
 .text.restart_NXT
                0x0010c900       0x2c build/ecrobot_base.o
                0x0010c900                restart_NXT
 .text.shutdown_NXT
                0x0010c92c       0x2c build/ecrobot_base.o
                0x0010c92c                shutdown_NXT
 .text.check_NXT_buttons
                0x0010c958       0x38 build/ecrobot_base.o
                0x0010c958                check_NXT_buttons
 .text.show_bd_addr
                0x0010c990       0x44 build/ecrobot_base.o
                0x0010c990                show_bd_addr
 .text.show_bd_addr_err
                0x0010c9d4       0x3c build/ecrobot_base.o
                0x0010c9d4                show_bd_addr_err
 .text.add_status_info
                0x0010ca10       0x68 build/ecrobot_base.o
                0x0010ca10                add_status_info
 .text.show_splash_screen
                0x0010ca78       0x90 build/ecrobot_base.o
                0x0010ca78                show_splash_screen
 .text.main     0x0010cb08      0x10c build/ecrobot.o
                0x0010cb08                main
 .text.ecrobot_device_initialize
                0x0010cc14       0x20 build/car2_EDF.o
                0x0010cc14                ecrobot_device_initialize
 .text.ecrobot_device_terminate
                0x0010cc34       0x24 build/car2_EDF.o
                0x0010cc34                ecrobot_device_terminate
 .text.user_1ms_isr_type2
                0x0010cc58       0x1c build/car2_EDF.o
                0x0010cc58                user_1ms_isr_type2
 .text.TaskMainBluetooth_Receive
                0x0010cc74       0xac build/car2_EDF.o
                0x0010cc74                TaskMainBluetooth_Receive
 .text.TaskMainGetCurrentSonarSensor
                0x0010cd20       0x48 build/car2_EDF.o
                0x0010cd20                TaskMainGetCurrentSonarSensor
 .text.TaskMainMotorControlTask
                0x0010cd68       0x98 build/car2_EDF.o
                0x0010cd68                TaskMainMotorControlTask
 .text.TaskMainEventManager
                0x0010ce00       0xa4 build/car2_EDF.o
                0x0010ce00                TaskMainEventManager
 .text.TaskMainIdleTask
                0x0010cea4       0x80 build/car2_EDF.o
                0x0010cea4                TaskMainIdleTask
 .text.ecrobot_init_i2c
                0x0010cf24       0x2c /cygdrive/c/cygwin/nxtOSEK/ecrobot/../ecrobot/libecrobot.a(ecrobot_interface.o)
                0x0010cf24                ecrobot_init_i2c
 .text.ecrobot_init_sonar_sensor
                0x0010cf50       0x10 /cygdrive/c/cygwin/nxtOSEK/ecrobot/../ecrobot/libecrobot.a(ecrobot_interface.o)
                0x0010cf50                ecrobot_init_sonar_sensor
 .text.ecrobot_get_sonar_sensor
                0x0010cf60       0x48 /cygdrive/c/cygwin/nxtOSEK/ecrobot/../ecrobot/libecrobot.a(ecrobot_interface.o)
                0x0010cf60                ecrobot_get_sonar_sensor
 .text.ecrobot_term_sonar_sensor
                0x0010cfa8       0x20 /cygdrive/c/cygwin/nxtOSEK/ecrobot/../ecrobot/libecrobot.a(ecrobot_interface.o)
                0x0010cfa8                ecrobot_term_sonar_sensor
 .text.ecrobot_get_battery_voltage
                0x0010cfc8        0xc /cygdrive/c/cygwin/nxtOSEK/ecrobot/../ecrobot/libecrobot.a(ecrobot_interface.o)
                0x0010cfc8                ecrobot_get_battery_voltage
 .text.ecrobot_get_systick_ms
                0x0010cfd4        0xc /cygdrive/c/cygwin/nxtOSEK/ecrobot/../ecrobot/libecrobot.a(ecrobot_interface.o)
                0x0010cfd4                ecrobot_get_systick_ms
 .text.ecrobot_get_button_state
                0x0010cfe0        0xc /cygdrive/c/cygwin/nxtOSEK/ecrobot/../ecrobot/libecrobot.a(ecrobot_interface.o)
                0x0010cfe0                ecrobot_get_button_state
 .text.ecrobot_init_nxtstate
                0x0010cfec       0x28 /cygdrive/c/cygwin/nxtOSEK/ecrobot/../ecrobot/libecrobot.a(ecrobot_interface.o)
                0x0010cfec                ecrobot_init_nxtstate
 .text.ecrobot_poll_nxtstate
                0x0010d014       0x64 /cygdrive/c/cygwin/nxtOSEK/ecrobot/../ecrobot/libecrobot.a(ecrobot_interface.o)
                0x0010d014                ecrobot_poll_nxtstate
 .text.ecrobot_setDeviceInitialized
                0x0010d078       0x18 /cygdrive/c/cygwin/nxtOSEK/ecrobot/../ecrobot/libecrobot.a(ecrobot_interface.o)
                0x0010d078                ecrobot_setDeviceInitialized
 .text.ecrobot_initDeviceStatus
                0x0010d090        0xc /cygdrive/c/cygwin/nxtOSEK/ecrobot/../ecrobot/libecrobot.a(ecrobot_interface.o)
                0x0010d090                ecrobot_initDeviceStatus
 .text.ecrobot_bmp2lcd
                0x0010d09c      0x1c8 /cygdrive/c/cygwin/nxtOSEK/ecrobot/../ecrobot/libecrobot.a(ecrobot_interface.o)
                0x0010d09c                ecrobot_bmp2lcd
 .text.StartupHook
                0x0010d264        0x4 /cygdrive/c/cygwin/nxtOSEK/ecrobot/../ecrobot/libecrobot.a(osek_hook.o)
                0x0010d264                StartupHook
 .text.PreTaskHook
                0x0010d268        0x4 /cygdrive/c/cygwin/nxtOSEK/ecrobot/../ecrobot/libecrobot.a(osek_hook.o)
                0x0010d268                PreTaskHook
 .text.PostTaskHook
                0x0010d26c        0x4 /cygdrive/c/cygwin/nxtOSEK/ecrobot/../ecrobot/libecrobot.a(osek_hook.o)
                0x0010d26c                PostTaskHook
 .text.ErrorHook
                0x0010d270        0x4 /cygdrive/c/cygwin/nxtOSEK/ecrobot/../ecrobot/libecrobot.a(osek_hook.o)
                0x0010d270                ErrorHook
 .text.ShutdownHook
                0x0010d274        0x4 /cygdrive/c/cygwin/nxtOSEK/ecrobot/../ecrobot/libecrobot.a(osek_hook.o)
                0x0010d274                ShutdownHook
 .text          0x0010d278       0x8c /cygdrive/C/cygwin/GNUARM/bin/../lib/gcc/arm-elf/4.0.2/thumb/interwork/libgcc.a(_udivsi3.o)
                0x0010d278                __udivsi3
                0x0010d2f4                __aeabi_uidivmod
 .text          0x0010d304       0xc8 /cygdrive/C/cygwin/GNUARM/bin/../lib/gcc/arm-elf/4.0.2/thumb/interwork/libgcc.a(_umodsi3.o)
                0x0010d304                __umodsi3
 .text          0x0010d3cc        0x4 /cygdrive/C/cygwin/GNUARM/bin/../lib/gcc/arm-elf/4.0.2/thumb/interwork/libgcc.a(_dvmd_tls.o)
                0x0010d3cc                __aeabi_ldiv0
                0x0010d3cc                __div0
                0x0010d3cc                __aeabi_idiv0
 .text          0x0010d3d0       0x68 /cygdrive/C/cygwin/GNUARM/bin/../lib/gcc/arm-elf/4.0.2/../../../../arm-elf/lib/thumb/interwork/libc.a(memcpy.o)
                0x0010d3d0                memcpy
 .text          0x0010d438       0x68 /cygdrive/C/cygwin/GNUARM/bin/../lib/gcc/arm-elf/4.0.2/../../../../arm-elf/lib/thumb/interwork/libc.a(memset.o)
                0x0010d438                memset
 .text          0x0010d4a0       0x60 /cygdrive/C/cygwin/GNUARM/bin/../lib/gcc/arm-elf/4.0.2/../../../../arm-elf/lib/thumb/interwork/libc.a(strcpy.o)
                0x0010d4a0                strcpy
 .text          0x0010d500       0x48 /cygdrive/C/cygwin/GNUARM/bin/../lib/gcc/arm-elf/4.0.2/../../../../arm-elf/lib/thumb/interwork/libc.a(strlen.o)
                0x0010d500                strlen
 .glue_7        0x0010d548       0x30 /cygdrive/C/cygwin/GNUARM/bin/../lib/gcc/arm-elf/4.0.2/../../../../arm-elf/lib/thumb/interwork/libc.a(strncpy.o)
                0x0010d560                __call_posttaskhook_from_arm
                0x0010d549                __ecrobot_debug1_from_arm
                0x0010d555                __ecrobot_debug2_from_arm
                0x0010d56c                __call_pretaskhook_from_arm
 .glue_7t       0x0010d578       0x60 /cygdrive/C/cygwin/GNUARM/bin/../lib/gcc/arm-elf/4.0.2/../../../../arm-elf/lib/thumb/interwork/libc.a(strncpy.o)
                0x0010d5a4                __start_change_to_arm
                0x0010d5c0                __interrupts_get_and_disable_from_thumb
                0x0010d5b9                ____gtdf2_from_thumb
                0x0010d599                __exit_and_dispatch_from_thumb
                0x0010d59c                __exit_and_dispatch_change_to_arm
                0x0010d578                __disable_int_from_thumb
                0x0010d590                __start_dispatch_from_thumb
                0x0010d5a0                __start_from_thumb
                0x0010d5b4                ____muldf3_change_to_arm
                0x0010d580                __enable_int_from_thumb
                0x0010d588                __dispatch_from_thumb
                0x0010d5cc                __interrupts_enable_change_to_arm
                0x0010d5c4                __interrupts_get_and_disable_change_to_arm
                0x0010d58c                __dispatch_change_to_arm
                0x0010d5bc                ____gtdf2_change_to_arm
                0x0010d5a9                ____floatsidf_from_thumb
                0x0010d5d1                __display_bios_status_from_thumb
                0x0010d57c                __disable_int_change_to_arm
                0x0010d5b1                ____muldf3_from_thumb
                0x0010d584                __enable_int_change_to_arm
                0x0010d5ac                ____floatsidf_change_to_arm
                0x0010d5c8                __interrupts_enable_from_thumb
                0x0010d5d4                __display_bios_status_change_to_arm
                0x0010d594                __start_dispatch_change_to_arm
                0x0010d5e0                . = ALIGN (0x10)
 *fill*         0x0010d5d8        0x8 00
 *(*.rodata *.rodata.*)
 .rodata.search_table.966
                0x0010d5e0        0xf build/kernel/task.o
 .rodata.isrinib_intpri
                0x0010d5ef        0x1 build/./kernel_cfg.o
                0x0010d5ef                isrinib_intpri
 .rodata.SonarSensorEvent
                0x0010d5f0        0x4 build/./kernel_cfg.o
                0x0010d5f0                SonarSensorEvent
 .rodata.BluetoothEvent
                0x0010d5f4        0x4 build/./kernel_cfg.o
                0x0010d5f4                BluetoothEvent
 .rodata.MotorCtrlEvent
                0x0010d5f8        0x4 build/./kernel_cfg.o
                0x0010d5f8                MotorCtrlEvent
 .rodata.resinib_ceilpri
                0x0010d5fc        0x2 build/./kernel_cfg.o
                0x0010d5fc                resinib_ceilpri
 .rodata.TimeResource
                0x0010d5fe        0x1 build/./kernel_cfg.o
                0x0010d5fe                TimeResource
 .rodata.SonarSensor
                0x0010d5ff        0x1 build/./kernel_cfg.o
                0x0010d5ff                SonarSensor
 .rodata.alminib_cycle
                0x0010d600        0x4 build/./kernel_cfg.o
                0x0010d600                alminib_cycle
 .rodata.alminib_almval
                0x0010d604        0x4 build/./kernel_cfg.o
                0x0010d604                alminib_almval
 .rodata.alminib_autosta
                0x0010d608        0x1 build/./kernel_cfg.o
                0x0010d608                alminib_autosta
 *fill*         0x0010d609        0x3 00
 .rodata.alminib_cback
                0x0010d60c        0x4 build/./kernel_cfg.o
                0x0010d60c                alminib_cback
 .rodata.alminib_cntid
                0x0010d610        0x1 build/./kernel_cfg.o
                0x0010d610                alminib_cntid
 *fill*         0x0010d611        0x3 00
 .rodata.cntinib_tickbase
                0x0010d614        0x4 build/./kernel_cfg.o
                0x0010d614                cntinib_tickbase
 .rodata.cntinib_maxval2
                0x0010d618        0x4 build/./kernel_cfg.o
                0x0010d618                cntinib_maxval2
 .rodata.cntinib_maxval
                0x0010d61c        0x4 build/./kernel_cfg.o
                0x0010d61c                cntinib_maxval
 .rodata.TimerCounter
                0x0010d620        0x1 build/./kernel_cfg.o
                0x0010d620                TimerCounter
 *fill*         0x0010d621        0x1 00
 .rodata.tinib_stksz
                0x0010d622        0xa build/./kernel_cfg.o
                0x0010d622                tinib_stksz
 .rodata.tinib_stk
                0x0010d62c       0x14 build/./kernel_cfg.o
                0x0010d62c                tinib_stk
 .rodata.tinib_task
                0x0010d640       0x14 build/./kernel_cfg.o
                0x0010d640                tinib_task
 .rodata.tinib_autoact
                0x0010d654        0x5 build/./kernel_cfg.o
                0x0010d654                tinib_autoact
 .rodata.tinib_exepri
                0x0010d659        0x5 build/./kernel_cfg.o
                0x0010d659                tinib_exepri
 .rodata.tinib_inipri
                0x0010d65e        0x5 build/./kernel_cfg.o
                0x0010d65e                tinib_inipri
 .rodata.GetCurrentSonarSensor
                0x0010d663        0x1 build/./kernel_cfg.o
                0x0010d663                GetCurrentSonarSensor
 .rodata.MotorControlTask
                0x0010d664        0x1 build/./kernel_cfg.o
                0x0010d664                MotorControlTask
 .rodata.Bluetooth_Receive
                0x0010d665        0x1 build/./kernel_cfg.o
                0x0010d665                Bluetooth_Receive
 .rodata.tnum_exttask
                0x0010d666        0x1 build/./kernel_cfg.o
                0x0010d666                tnum_exttask
 .rodata.tnum_task
                0x0010d667        0x1 build/./kernel_cfg.o
                0x0010d667                tnum_task
 .rodata.tnum_resource
                0x0010d668        0x1 build/./kernel_cfg.o
                0x0010d668                tnum_resource
 .rodata.tnum_counter
                0x0010d669        0x1 build/./kernel_cfg.o
                0x0010d669                tnum_counter
 .rodata.tnum_alarm
                0x0010d66a        0x1 build/./kernel_cfg.o
                0x0010d66a                tnum_alarm
 *fill*         0x0010d66b        0x1 00
 .rodata.exec_addr
                0x0010d66c        0x4 build/ecrobot_base.o
                0x0010d66c                exec_addr
 .rodata.str1.4
                0x0010d670       0x80 build/ecrobot_base.o
 .rodata.str1.4
                0x0010d6f0       0x44 build/car2_EDF.o
                                 0x4c (size before relaxing)
                0x0010d740                . = ALIGN (0x10)
 *fill*         0x0010d734        0xc 00
 *(*.gnu.linkonce.* .gcc_except_table)
                0x0010d740                . = ALIGN (0x10)

.tors           0x0010d740        0x0
                0x0010d740                . = ALIGN (0x10)
                0x0010d740                __ctor_begin = .
 *(*.ctors*)
                0x0010d740                __ctor_end = .
                0x0010d740                . = ALIGN (0x10)
                0x0010d740                __dtor_begin = .
 *(*.dtors*)
                0x0010d740                __dtor_end = .
                0x0010d740                . = ALIGN (0x10)
                0x0010d740                __rom_end__ = __dtor_end

.bss            0x002034d0     0x1c24
 *(*.bss *.bss.*)
 .bss.ready_primap
                0x002034d0        0x2 build/kernel/task.o
 .bss.ready_queue_last
                0x002034d2       0x10 build/kernel/task.o
 .bss.ready_queue_first
                0x002034e2       0x10 build/kernel/task.o
 *fill*         0x002034f2        0x2 00
 .bss._stack_EventManager
                0x002034f4      0x200 build/./kernel_cfg.o
 .bss._stack_IdleTask
                0x002036f4      0x200 build/./kernel_cfg.o
 .bss._stack_GetCurrentSonarSensor
                0x002038f4      0x200 build/./kernel_cfg.o
 .bss._stack_MotorControlTask
                0x00203af4      0x200 build/./kernel_cfg.o
 .bss._stack_Bluetooth_Receive
                0x00203cf4      0x200 build/./kernel_cfg.o
 .bss.receiveBuf
                0x00203ef4       0x80 build/ecrobot_bluetooth.o
 .bss.sendBuf   0x00203f74      0x100 build/ecrobot_bluetooth.o
 .bss.handle    0x00204074        0x1 build/ecrobot_bluetooth.o
 *fill*         0x00204075        0x3 00
 .bss.status_bar_position
                0x00204078        0x4 build/ecrobot_base.o
 .bss.last_act_time.2753
                0x0020407c        0x4 build/ecrobot_base.o
 .bss.lcd.2682  0x00204080      0x320 build/ecrobot_base.o
 .bss.OS_flag   0x002043a0        0x4 build/ecrobot_base.o
 .bss.status_bar
                0x002043a4       0x10 build/ecrobot_base.o
 .bss.bt_receive_buf.2793
                0x002043b4       0x20 build/car2_EDF.o
 .bss.buttons_i
                0x002043d4        0x4 /cygdrive/c/cygwin/nxtOSEK/ecrobot/../ecrobot/libecrobot.a(ecrobot_interface.o)
 .bss.buttons_states
                0x002043d8       0x14 /cygdrive/c/cygwin/nxtOSEK/ecrobot/../ecrobot/libecrobot.a(ecrobot_interface.o)
 .bss.ecrobot_inputs
                0x002043ec        0x8 /cygdrive/c/cygwin/nxtOSEK/ecrobot/../ecrobot/libecrobot.a(ecrobot_interface.o)
 .bss.systick_ms
                0x002043f4        0x4 /cygdrive/c/cygwin/nxtOSEK/ecrobot/../ecrobot/libecrobot.a(systick.oram)
 .bss.delayedEnable
                0x002043f8        0x1 /cygdrive/c/cygwin/nxtOSEK/ecrobot/../ecrobot/libecrobot.a(udp.oram)
 *fill*         0x002043f9        0x3 00
 .bss.outCnt    0x002043fc        0x4 /cygdrive/c/cygwin/nxtOSEK/ecrobot/../ecrobot/libecrobot.a(udp.oram)
 .bss.outPtr    0x00204400        0x4 /cygdrive/c/cygwin/nxtOSEK/ecrobot/../ecrobot/libecrobot.a(udp.oram)
 .bss.newAddress
                0x00204404        0x4 /cygdrive/c/cygwin/nxtOSEK/ecrobot/../ecrobot/libecrobot.a(udp.oram)
 .bss.currentRxBank
                0x00204408        0x4 /cygdrive/c/cygwin/nxtOSEK/ecrobot/../ecrobot/libecrobot.a(udp.oram)
 .bss.currentFeatures
                0x0020440c        0x4 /cygdrive/c/cygwin/nxtOSEK/ecrobot/../ecrobot/libecrobot.a(udp.oram)
 .bss.currentConfig
                0x00204410        0x1 /cygdrive/c/cygwin/nxtOSEK/ecrobot/../ecrobot/libecrobot.a(udp.oram)
 *fill*         0x00204411        0x3 00
 .bss.twi_mask  0x00204414        0x4 /cygdrive/c/cygwin/nxtOSEK/ecrobot/../ecrobot/libecrobot.a(twi.oram)
 .bss.twi_ptr   0x00204418        0x4 /cygdrive/c/cygwin/nxtOSEK/ecrobot/../ecrobot/libecrobot.a(twi.oram)
 .bss.twi_pending
                0x0020441c        0x4 /cygdrive/c/cygwin/nxtOSEK/ecrobot/../ecrobot/libecrobot.a(twi.oram)
 .bss.twi_state
                0x00204420        0x4 /cygdrive/c/cygwin/nxtOSEK/ecrobot/../ecrobot/libecrobot.a(twi.oram)
 .bss.page      0x00204424        0x1 /cygdrive/c/cygwin/nxtOSEK/ecrobot/../ecrobot/libecrobot.a(nxt_spi.oram)
                0x00204424                page
 .bss.dirty     0x00204425        0x1 /cygdrive/c/cygwin/nxtOSEK/ecrobot/../ecrobot/libecrobot.a(nxt_spi.oram)
                0x00204425                dirty
 *fill*         0x00204426        0x2 00
 .bss.display   0x00204428        0x4 /cygdrive/c/cygwin/nxtOSEK/ecrobot/../ecrobot/libecrobot.a(nxt_spi.oram)
                0x00204428                display
 .bss.interrupts_this_period
                0x0020442c        0x4 /cygdrive/c/cygwin/nxtOSEK/ecrobot/../ecrobot/libecrobot.a(nxt_motors.oram)
 .bss.nxt_motor_initialised
                0x00204430        0x4 /cygdrive/c/cygwin/nxtOSEK/ecrobot/../ecrobot/libecrobot.a(nxt_motors.oram)
 .bss.motor     0x00204434       0x30 /cygdrive/c/cygwin/nxtOSEK/ecrobot/../ecrobot/libecrobot.a(nxt_motors.oram)
 .bss.display_tick
                0x00204464        0x4 /cygdrive/c/cygwin/nxtOSEK/ecrobot/../ecrobot/libecrobot.a(display.oram)
                0x00204464                display_tick
 .bss.display_array
                0x00204468      0x388 /cygdrive/c/cygwin/nxtOSEK/ecrobot/../ecrobot/libecrobot.a(display.oram)
 .bss.i2c_int_count
                0x002047f0        0x4 /cygdrive/c/cygwin/nxtOSEK/ecrobot/../ecrobot/libecrobot.a(i2c.oram)
 .bss.i2c_port  0x002047f4      0x170 /cygdrive/c/cygwin/nxtOSEK/ecrobot/../ecrobot/libecrobot.a(i2c.oram)
 .bss.sound_mode
                0x00204964        0x1 /cygdrive/c/cygwin/nxtOSEK/ecrobot/../ecrobot/libecrobot.a(sound.oram)
                0x00204964                sound_mode
 *fill*         0x00204965        0x3 00
 .bss.in_buf_idx
                0x00204968        0x4 /cygdrive/c/cygwin/nxtOSEK/ecrobot/../ecrobot/libecrobot.a(bt.oram)
 .bss.buf_ptr   0x0020496c        0x4 /cygdrive/c/cygwin/nxtOSEK/ecrobot/../ecrobot/libecrobot.a(bt.oram)
 .bss.out_buf   0x00204970      0x200 /cygdrive/c/cygwin/nxtOSEK/ecrobot/../ecrobot/libecrobot.a(bt.oram)
 .bss.out_buf_ptr
                0x00204b70        0x1 /cygdrive/c/cygwin/nxtOSEK/ecrobot/../ecrobot/libecrobot.a(bt.oram)
 .bss.in_buf_in_ptr
                0x00204b71        0x1 /cygdrive/c/cygwin/nxtOSEK/ecrobot/../ecrobot/libecrobot.a(bt.oram)
 .bss.in_buf    0x00204b72      0x100 /cygdrive/c/cygwin/nxtOSEK/ecrobot/../ecrobot/libecrobot.a(bt.oram)
 *fill*         0x00204c72        0x2 00
 .bss.link_state
                0x00204c74        0x4 /cygdrive/c/cygwin/nxtOSEK/ecrobot/../ecrobot/libecrobot.a(nxt_avr.oram)
 .bss.update_count
                0x00204c78        0x4 /cygdrive/c/cygwin/nxtOSEK/ecrobot/../ecrobot/libecrobot.a(nxt_avr.oram)
 .bss.nxt_avr_stats
                0x00204c7c       0x14 /cygdrive/c/cygwin/nxtOSEK/ecrobot/../ecrobot/libecrobot.a(nxt_avr.oram)
 .bss.debounce_cnt
                0x00204c90        0x2 /cygdrive/c/cygwin/nxtOSEK/ecrobot/../ecrobot/libecrobot.a(nxt_avr.oram)
 .bss.debounce_state
                0x00204c92        0x2 /cygdrive/c/cygwin/nxtOSEK/ecrobot/../ecrobot/libecrobot.a(nxt_avr.oram)
 .bss.button_state
                0x00204c94        0x2 /cygdrive/c/cygwin/nxtOSEK/ecrobot/../ecrobot/libecrobot.a(nxt_avr.oram)
 .bss.prev_buttons
                0x00204c96        0x2 /cygdrive/c/cygwin/nxtOSEK/ecrobot/../ecrobot/libecrobot.a(nxt_avr.oram)
 .bss.from_buf  0x00204c98        0x4 /cygdrive/c/cygwin/nxtOSEK/ecrobot/../ecrobot/libecrobot.a(nxt_avr.oram)
 .bss.io_from_avr
                0x00204c9c        0x4 /cygdrive/c/cygwin/nxtOSEK/ecrobot/../ecrobot/libecrobot.a(nxt_avr.oram)
 .bss.data_from_avr
                0x00204ca0       0x1a /cygdrive/c/cygwin/nxtOSEK/ecrobot/../ecrobot/libecrobot.a(nxt_avr.oram)
 .bss.data_to_avr
                0x00204cba        0x9 /cygdrive/c/cygwin/nxtOSEK/ecrobot/../ecrobot/libecrobot.a(nxt_avr.oram)
 .bss.io_to_avr
                0x00204cc3        0x8 /cygdrive/c/cygwin/nxtOSEK/ecrobot/../ecrobot/libecrobot.a(nxt_avr.oram)
 *fill*         0x00204ccb        0x1 00
 .bss.display   0x00204ccc        0x4 /cygdrive/c/cygwin/nxtOSEK/ecrobot/../ecrobot/libecrobot.a(nxt_lcd.oram)
                0x00204cd0                . = ALIGN (0x10)
                0x00204cd0                __bss_end__ = .
 COMMON         0x00204cd0        0x2 build/kernel/interrupt.o
                0x00204cd0                runisr
                0x00204cd1                sus_all_cnt
 *fill*         0x00204cd2        0x2 00
 COMMON         0x00204cd4       0x10 build/kernel/osctl.o
                0x00204cd4                callevel
                0x00204cd5                _errorhook_svcid
                0x00204cd6                appmode
                0x00204cd8                _errorhook_par1
                0x00204cdc                _errorhook_par3
                0x00204ce0                _errorhook_par2
 COMMON         0x00204ce4        0x3 build/kernel/task.o
                0x00204ce4                runtsk
                0x00204ce5                schedtsk
                0x00204ce6                nextpri
 *fill*         0x00204ce7        0x1 00
 COMMON         0x00204ce8       0x70 build/./kernel_cfg.o
                0x00204ce8                tcb_waievt
                0x00204cf4                rescb_prevpri
                0x00204cf6                almcb_prev
                0x00204cf7                tcb_lastres
                0x00204cfc                almcb_almval
                0x00204d00                tcxb_pc
                0x00204d14                tcb_next
                0x00204d19                tcb_curpri
                0x00204d1e                tcb_tstat
                0x00204d23                isrcb_lastres
                0x00204d24                cntcb_almque
                0x00204d25                rescb_prevres
                0x00204d27                tcb_actcnt
                0x00204d2c                tcb_curevt
                0x00204d38                almcb_cycle
                0x00204d3c                tcxb_sp
                0x00204d50                almcb_next
                0x00204d54                cntcb_curval
 COMMON         0x00204d58       0x28 build/car2_EDF.o
                0x00204d58                sMotorResource
                0x00204d6c                sTimingResource
 COMMON         0x00204d80       0x44 /cygdrive/c/cygwin/nxtOSEK/ecrobot/../ecrobot/libecrobot.a(uart.oram)
                0x00204d80                uart
 COMMON         0x00204dc4        0x4 /cygdrive/c/cygwin/nxtOSEK/ecrobot/../ecrobot/libecrobot.a(data_abort.oram)
                0x00204dc4                data_abort_pc
 COMMON         0x00204dc8        0x8 /cygdrive/c/cygwin/nxtOSEK/ecrobot/../ecrobot/libecrobot.a(display.oram)
                0x00204dc8                display_x
                0x00204dcc                display_y
 COMMON         0x00204dd0      0x324 /cygdrive/c/cygwin/nxtOSEK/ecrobot/../ecrobot/libecrobot.a(sound.oram)
                0x00204dd0                sample
                0x002034d0                __bss_start__ = ADDR (.bss)
                0x002050f4                __bss_end__ = (ADDR (.bss) + SIZEOF (.bss))
                0x002050f4                PROVIDE (end, .)

.heap_area      0x002050f4     0xaa84
                0x0020fb78                . = (. + (0x20fb78 - end))
 *fill*         0x002050f4     0xaa84 00

.stack          0x0020fb78      0x488
                0x0020fbf8                . = (. + 0x80)
 *fill*         0x0020fb78       0x80 00
                0x0020fc00                . = ALIGN (0x10)
 *fill*         0x0020fbf8        0x8 00
                0x0020fc00                __irq_stack__ = .
                0x0020fc00                __system_stack_bottom__ = .
                0x00210000                . = (. + 0x400)
 *fill*         0x0020fc00      0x400 00
                0x00210000                . = ALIGN (0x10)
                0x00210000                __system_stack__ = .
                0x00210000                __system_stack_top__ = .
                0x0020fb78                __stack_start__ = ADDR (.stack)
                0x00210000                __stack_end__ = (ADDR (.stack) + SIZEOF (.stack))
OUTPUT(car2_EDF_rom.elf elf32-littlearm)

.comment        0x00000000      0x360
 .comment       0x00000000       0x12 build/kernel/alarm.o
 .comment       0x00000012       0x12 build/kernel/event.o
 .comment       0x00000024       0x12 build/kernel/interrupt.o
 .comment       0x00000036       0x12 build/kernel/osctl.o
 .comment       0x00000048       0x12 build/kernel/resource.o
 .comment       0x0000005a       0x12 build/kernel/task.o
 .comment       0x0000006c       0x12 build/kernel/task_manage.o
 .comment       0x0000007e       0x12 build/config/at91sam7s-gnu/cpu_config.o
 .comment       0x00000090       0x12 build/config/at91sam7s-gnu/lego_nxt/sys_config.o
 .comment       0x000000a2       0x12 build/./kernel_cfg.o
 .comment       0x000000b4       0x12 build/syscalls.o
 .comment       0x000000c6       0x12 build/ecrobot_bluetooth.o
 .comment       0x000000d8       0x12 build/ecrobot_base.o
 .comment       0x000000ea       0x12 build/ecrobot.o
 .comment       0x000000fc       0x12 build/car2_EDF.o
 .comment       0x0000010e       0x12 build/syslib/at91sam7s-gnu/lego_nxt/hw_sys_timer.oram
 .comment       0x00000120       0x12 /cygdrive/c/cygwin/nxtOSEK/ecrobot/../ecrobot/libecrobot.a(ecrobot_interface.o)
 .comment       0x00000132       0x12 /cygdrive/c/cygwin/nxtOSEK/ecrobot/../ecrobot/libecrobot.a(colorsensor.o)
 .comment       0x00000144       0x12 /cygdrive/c/cygwin/nxtOSEK/ecrobot/../ecrobot/libecrobot.a(osek_hook.o)
 .comment       0x00000156       0x12 /cygdrive/c/cygwin/nxtOSEK/ecrobot/../ecrobot/libecrobot.a(uart.oram)
 .comment       0x00000168       0x12 /cygdrive/c/cygwin/nxtOSEK/ecrobot/../ecrobot/libecrobot.a(systick.oram)
 .comment       0x0000017a       0x12 /cygdrive/c/cygwin/nxtOSEK/ecrobot/../ecrobot/libecrobot.a(byte_fifo.oram)
 .comment       0x0000018c       0x12 /cygdrive/c/cygwin/nxtOSEK/ecrobot/../ecrobot/libecrobot.a(aic.oram)
 .comment       0x0000019e       0x12 /cygdrive/c/cygwin/nxtOSEK/ecrobot/../ecrobot/libecrobot.a(udp.oram)
 .comment       0x000001b0       0x12 /cygdrive/c/cygwin/nxtOSEK/ecrobot/../ecrobot/libecrobot.a(twi.oram)
 .comment       0x000001c2       0x12 /cygdrive/c/cygwin/nxtOSEK/ecrobot/../ecrobot/libecrobot.a(nxt_spi.oram)
 .comment       0x000001d4       0x12 /cygdrive/c/cygwin/nxtOSEK/ecrobot/../ecrobot/libecrobot.a(nxt_motors.oram)
 .comment       0x000001e6       0x12 /cygdrive/c/cygwin/nxtOSEK/ecrobot/../ecrobot/libecrobot.a(data_abort.oram)
 .comment       0x000001f8       0x12 /cygdrive/c/cygwin/nxtOSEK/ecrobot/../ecrobot/libecrobot.a(display.oram)
 .comment       0x0000020a       0x12 /cygdrive/c/cygwin/nxtOSEK/ecrobot/../ecrobot/libecrobot.a(i2c.oram)
 .comment       0x0000021c       0x12 /cygdrive/c/cygwin/nxtOSEK/ecrobot/../ecrobot/libecrobot.a(sound.oram)
 .comment       0x0000022e       0x12 /cygdrive/c/cygwin/nxtOSEK/ecrobot/../ecrobot/libecrobot.a(bt.oram)
 .comment       0x00000240       0x12 /cygdrive/c/cygwin/nxtOSEK/ecrobot/../ecrobot/libecrobot.a(nxt_avr.oram)
 .comment       0x00000252       0x12 /cygdrive/c/cygwin/nxtOSEK/ecrobot/../ecrobot/libecrobot.a(sensors.oram)
 .comment       0x00000264       0x12 /cygdrive/c/cygwin/nxtOSEK/ecrobot/../ecrobot/libecrobot.a(sensors1.oram)
 .comment       0x00000276       0x12 /cygdrive/c/cygwin/nxtOSEK/ecrobot/../ecrobot/libecrobot.a(nxt_lcd.oram)
 .comment       0x00000288       0x12 /cygdrive/c/cygwin/nxtOSEK/ecrobot/../ecrobot/libecrobot.a(flash_loader.oram)
 .comment       0x0000029a       0x12 /cygdrive/c/cygwin/nxtOSEK/ecrobot/../ecrobot/libecrobot.a(ecrobot_usb.o)
 .comment       0x000002ac       0x12 /cygdrive/c/cygwin/nxtOSEK/ecrobot/../ecrobot/libecrobot.a(flashprog.oram)
 .comment       0x000002be       0x12 /cygdrive/C/cygwin/GNUARM/bin/../lib/gcc/arm-elf/4.0.2/thumb/interwork/libgcc.a(_muldi3.o)
 .comment       0x000002d0       0x12 /cygdrive/C/cygwin/GNUARM/bin/../lib/gcc/arm-elf/4.0.2/thumb/interwork/libgcc.a(_divdi3.o)
 .comment       0x000002e2       0x12 /cygdrive/C/cygwin/GNUARM/bin/../lib/gcc/arm-elf/4.0.2/thumb/interwork/libgcc.a(_clz.o)
 .comment       0x000002f4       0x12 /cygdrive/C/cygwin/GNUARM/bin/../lib/gcc/arm-elf/4.0.2/../../../../arm-elf/lib/thumb/interwork/libc.a(memcpy.o)
 .comment       0x00000306       0x12 /cygdrive/C/cygwin/GNUARM/bin/../lib/gcc/arm-elf/4.0.2/../../../../arm-elf/lib/thumb/interwork/libc.a(memset.o)
 .comment       0x00000318       0x12 /cygdrive/C/cygwin/GNUARM/bin/../lib/gcc/arm-elf/4.0.2/../../../../arm-elf/lib/thumb/interwork/libc.a(strcmp.o)
 .comment       0x0000032a       0x12 /cygdrive/C/cygwin/GNUARM/bin/../lib/gcc/arm-elf/4.0.2/../../../../arm-elf/lib/thumb/interwork/libc.a(strcpy.o)
 .comment       0x0000033c       0x12 /cygdrive/C/cygwin/GNUARM/bin/../lib/gcc/arm-elf/4.0.2/../../../../arm-elf/lib/thumb/interwork/libc.a(strlen.o)
 .comment       0x0000034e       0x12 /cygdrive/C/cygwin/GNUARM/bin/../lib/gcc/arm-elf/4.0.2/../../../../arm-elf/lib/thumb/interwork/libc.a(strncpy.o)

.debug_line     0x00000000      0xb77
 .debug_line    0x00000000       0x70 /cygdrive/C/cygwin/GNUARM/bin/../lib/gcc/arm-elf/4.0.2/thumb/interwork/libgcc.a(_udivsi3.o)
 .debug_line    0x00000070       0x7c /cygdrive/C/cygwin/GNUARM/bin/../lib/gcc/arm-elf/4.0.2/thumb/interwork/libgcc.a(_divsi3.o)
 .debug_line    0x000000ec       0x68 /cygdrive/C/cygwin/GNUARM/bin/../lib/gcc/arm-elf/4.0.2/thumb/interwork/libgcc.a(_umodsi3.o)
 .debug_line    0x00000154       0x71 /cygdrive/C/cygwin/GNUARM/bin/../lib/gcc/arm-elf/4.0.2/thumb/interwork/libgcc.a(_modsi3.o)
 .debug_line    0x000001c5       0x5a /cygdrive/C/cygwin/GNUARM/bin/../lib/gcc/arm-elf/4.0.2/thumb/interwork/libgcc.a(_dvmd_tls.o)
 .debug_line    0x0000021f      0x162 /cygdrive/C/cygwin/GNUARM/bin/../lib/gcc/arm-elf/4.0.2/thumb/interwork/libgcc.a(_addsubdf3.o)
 .debug_line    0x00000381      0x177 /cygdrive/C/cygwin/GNUARM/bin/../lib/gcc/arm-elf/4.0.2/thumb/interwork/libgcc.a(_muldivdf3.o)
 .debug_line    0x000004f8       0xa4 /cygdrive/C/cygwin/GNUARM/bin/../lib/gcc/arm-elf/4.0.2/thumb/interwork/libgcc.a(_cmpdf2.o)
 .debug_line    0x0000059c       0x61 /cygdrive/C/cygwin/GNUARM/bin/../lib/gcc/arm-elf/4.0.2/thumb/interwork/libgcc.a(_muldi3.o)
 .debug_line    0x000005fd      0x122 /cygdrive/C/cygwin/GNUARM/bin/../lib/gcc/arm-elf/4.0.2/thumb/interwork/libgcc.a(_divdi3.o)
 .debug_line    0x0000071f       0x48 /cygdrive/C/cygwin/GNUARM/bin/../lib/gcc/arm-elf/4.0.2/thumb/interwork/libgcc.a(_clz.o)
 .debug_line    0x00000767       0xc3 /cygdrive/C/cygwin/GNUARM/bin/../lib/gcc/arm-elf/4.0.2/../../../../arm-elf/lib/thumb/interwork/libc.a(memcpy.o)
 .debug_line    0x0000082a       0xd4 /cygdrive/C/cygwin/GNUARM/bin/../lib/gcc/arm-elf/4.0.2/../../../../arm-elf/lib/thumb/interwork/libc.a(memset.o)
 .debug_line    0x000008fe       0x88 /cygdrive/C/cygwin/GNUARM/bin/../lib/gcc/arm-elf/4.0.2/../../../../arm-elf/lib/thumb/interwork/libc.a(strcmp.o)
 .debug_line    0x00000986       0x80 /cygdrive/C/cygwin/GNUARM/bin/../lib/gcc/arm-elf/4.0.2/../../../../arm-elf/lib/thumb/interwork/libc.a(strcpy.o)
 .debug_line    0x00000a06       0xaf /cygdrive/C/cygwin/GNUARM/bin/../lib/gcc/arm-elf/4.0.2/../../../../arm-elf/lib/thumb/interwork/libc.a(strlen.o)
 .debug_line    0x00000ab5       0xc2 /cygdrive/C/cygwin/GNUARM/bin/../lib/gcc/arm-elf/4.0.2/../../../../arm-elf/lib/thumb/interwork/libc.a(strncpy.o)

.debug_info     0x00000000     0x137a
 .debug_info    0x00000000       0x6a /cygdrive/C/cygwin/GNUARM/bin/../lib/gcc/arm-elf/4.0.2/thumb/interwork/libgcc.a(_udivsi3.o)
 .debug_info    0x0000006a       0x6a /cygdrive/C/cygwin/GNUARM/bin/../lib/gcc/arm-elf/4.0.2/thumb/interwork/libgcc.a(_divsi3.o)
 .debug_info    0x000000d4       0x6a /cygdrive/C/cygwin/GNUARM/bin/../lib/gcc/arm-elf/4.0.2/thumb/interwork/libgcc.a(_umodsi3.o)
 .debug_info    0x0000013e       0x6a /cygdrive/C/cygwin/GNUARM/bin/../lib/gcc/arm-elf/4.0.2/thumb/interwork/libgcc.a(_modsi3.o)
 .debug_info    0x000001a8       0x6a /cygdrive/C/cygwin/GNUARM/bin/../lib/gcc/arm-elf/4.0.2/thumb/interwork/libgcc.a(_dvmd_tls.o)
 .debug_info    0x00000212       0x69 /cygdrive/C/cygwin/GNUARM/bin/../lib/gcc/arm-elf/4.0.2/thumb/interwork/libgcc.a(_addsubdf3.o)
 .debug_info    0x0000027b       0x69 /cygdrive/C/cygwin/GNUARM/bin/../lib/gcc/arm-elf/4.0.2/thumb/interwork/libgcc.a(_muldivdf3.o)
 .debug_info    0x000002e4       0x69 /cygdrive/C/cygwin/GNUARM/bin/../lib/gcc/arm-elf/4.0.2/thumb/interwork/libgcc.a(_cmpdf2.o)
 .debug_info    0x0000034d      0x20e /cygdrive/C/cygwin/GNUARM/bin/../lib/gcc/arm-elf/4.0.2/thumb/interwork/libgcc.a(_muldi3.o)
 .debug_info    0x0000055b      0x758 /cygdrive/C/cygwin/GNUARM/bin/../lib/gcc/arm-elf/4.0.2/thumb/interwork/libgcc.a(_divdi3.o)
 .debug_info    0x00000cb3       0xc9 /cygdrive/C/cygwin/GNUARM/bin/../lib/gcc/arm-elf/4.0.2/thumb/interwork/libgcc.a(_clz.o)
 .debug_info    0x00000d7c      0x10d /cygdrive/C/cygwin/GNUARM/bin/../lib/gcc/arm-elf/4.0.2/../../../../arm-elf/lib/thumb/interwork/libc.a(memcpy.o)
 .debug_info    0x00000e89      0x111 /cygdrive/C/cygwin/GNUARM/bin/../lib/gcc/arm-elf/4.0.2/../../../../arm-elf/lib/thumb/interwork/libc.a(memset.o)
 .debug_info    0x00000f9a       0xd9 /cygdrive/C/cygwin/GNUARM/bin/../lib/gcc/arm-elf/4.0.2/../../../../arm-elf/lib/thumb/interwork/libc.a(strcmp.o)
 .debug_info    0x00001073      0x10c /cygdrive/C/cygwin/GNUARM/bin/../lib/gcc/arm-elf/4.0.2/../../../../arm-elf/lib/thumb/interwork/libc.a(strcpy.o)
 .debug_info    0x0000117f       0xd5 /cygdrive/C/cygwin/GNUARM/bin/../lib/gcc/arm-elf/4.0.2/../../../../arm-elf/lib/thumb/interwork/libc.a(strlen.o)
 .debug_info    0x00001254      0x126 /cygdrive/C/cygwin/GNUARM/bin/../lib/gcc/arm-elf/4.0.2/../../../../arm-elf/lib/thumb/interwork/libc.a(strncpy.o)

.debug_abbrev   0x00000000      0x69d
 .debug_abbrev  0x00000000       0x14 /cygdrive/C/cygwin/GNUARM/bin/../lib/gcc/arm-elf/4.0.2/thumb/interwork/libgcc.a(_udivsi3.o)
 .debug_abbrev  0x00000014       0x14 /cygdrive/C/cygwin/GNUARM/bin/../lib/gcc/arm-elf/4.0.2/thumb/interwork/libgcc.a(_divsi3.o)
 .debug_abbrev  0x00000028       0x14 /cygdrive/C/cygwin/GNUARM/bin/../lib/gcc/arm-elf/4.0.2/thumb/interwork/libgcc.a(_umodsi3.o)
 .debug_abbrev  0x0000003c       0x14 /cygdrive/C/cygwin/GNUARM/bin/../lib/gcc/arm-elf/4.0.2/thumb/interwork/libgcc.a(_modsi3.o)
 .debug_abbrev  0x00000050       0x14 /cygdrive/C/cygwin/GNUARM/bin/../lib/gcc/arm-elf/4.0.2/thumb/interwork/libgcc.a(_dvmd_tls.o)
 .debug_abbrev  0x00000064       0x14 /cygdrive/C/cygwin/GNUARM/bin/../lib/gcc/arm-elf/4.0.2/thumb/interwork/libgcc.a(_addsubdf3.o)
 .debug_abbrev  0x00000078       0x14 /cygdrive/C/cygwin/GNUARM/bin/../lib/gcc/arm-elf/4.0.2/thumb/interwork/libgcc.a(_muldivdf3.o)
 .debug_abbrev  0x0000008c       0x14 /cygdrive/C/cygwin/GNUARM/bin/../lib/gcc/arm-elf/4.0.2/thumb/interwork/libgcc.a(_cmpdf2.o)
 .debug_abbrev  0x000000a0       0xec /cygdrive/C/cygwin/GNUARM/bin/../lib/gcc/arm-elf/4.0.2/thumb/interwork/libgcc.a(_muldi3.o)
 .debug_abbrev  0x0000018c      0x174 /cygdrive/C/cygwin/GNUARM/bin/../lib/gcc/arm-elf/4.0.2/thumb/interwork/libgcc.a(_divdi3.o)
 .debug_abbrev  0x00000300       0x61 /cygdrive/C/cygwin/GNUARM/bin/../lib/gcc/arm-elf/4.0.2/thumb/interwork/libgcc.a(_clz.o)
 .debug_abbrev  0x00000361       0x99 /cygdrive/C/cygwin/GNUARM/bin/../lib/gcc/arm-elf/4.0.2/../../../../arm-elf/lib/thumb/interwork/libc.a(memcpy.o)
 .debug_abbrev  0x000003fa       0x9a /cygdrive/C/cygwin/GNUARM/bin/../lib/gcc/arm-elf/4.0.2/../../../../arm-elf/lib/thumb/interwork/libc.a(memset.o)
 .debug_abbrev  0x00000494       0x71 /cygdrive/C/cygwin/GNUARM/bin/../lib/gcc/arm-elf/4.0.2/../../../../arm-elf/lib/thumb/interwork/libc.a(strcmp.o)
 .debug_abbrev  0x00000505       0x80 /cygdrive/C/cygwin/GNUARM/bin/../lib/gcc/arm-elf/4.0.2/../../../../arm-elf/lib/thumb/interwork/libc.a(strcpy.o)
 .debug_abbrev  0x00000585       0x8b /cygdrive/C/cygwin/GNUARM/bin/../lib/gcc/arm-elf/4.0.2/../../../../arm-elf/lib/thumb/interwork/libc.a(strlen.o)
 .debug_abbrev  0x00000610       0x8d /cygdrive/C/cygwin/GNUARM/bin/../lib/gcc/arm-elf/4.0.2/../../../../arm-elf/lib/thumb/interwork/libc.a(strncpy.o)

.debug_aranges  0x00000000      0x200
 .debug_aranges
                0x00000000       0x20 /cygdrive/C/cygwin/GNUARM/bin/../lib/gcc/arm-elf/4.0.2/thumb/interwork/libgcc.a(_udivsi3.o)
 .debug_aranges
                0x00000020       0x20 /cygdrive/C/cygwin/GNUARM/bin/../lib/gcc/arm-elf/4.0.2/thumb/interwork/libgcc.a(_divsi3.o)
 .debug_aranges
                0x00000040       0x20 /cygdrive/C/cygwin/GNUARM/bin/../lib/gcc/arm-elf/4.0.2/thumb/interwork/libgcc.a(_umodsi3.o)
 .debug_aranges
                0x00000060       0x20 /cygdrive/C/cygwin/GNUARM/bin/../lib/gcc/arm-elf/4.0.2/thumb/interwork/libgcc.a(_modsi3.o)
 .debug_aranges
                0x00000080       0x20 /cygdrive/C/cygwin/GNUARM/bin/../lib/gcc/arm-elf/4.0.2/thumb/interwork/libgcc.a(_dvmd_tls.o)
 .debug_aranges
                0x000000a0       0x20 /cygdrive/C/cygwin/GNUARM/bin/../lib/gcc/arm-elf/4.0.2/thumb/interwork/libgcc.a(_addsubdf3.o)
 .debug_aranges
                0x000000c0       0x20 /cygdrive/C/cygwin/GNUARM/bin/../lib/gcc/arm-elf/4.0.2/thumb/interwork/libgcc.a(_muldivdf3.o)
 .debug_aranges
                0x000000e0       0x20 /cygdrive/C/cygwin/GNUARM/bin/../lib/gcc/arm-elf/4.0.2/thumb/interwork/libgcc.a(_cmpdf2.o)
 .debug_aranges
                0x00000100       0x20 /cygdrive/C/cygwin/GNUARM/bin/../lib/gcc/arm-elf/4.0.2/thumb/interwork/libgcc.a(_muldi3.o)
 .debug_aranges
                0x00000120       0x20 /cygdrive/C/cygwin/GNUARM/bin/../lib/gcc/arm-elf/4.0.2/thumb/interwork/libgcc.a(_divdi3.o)
 .debug_aranges
                0x00000140       0x20 /cygdrive/C/cygwin/GNUARM/bin/../lib/gcc/arm-elf/4.0.2/../../../../arm-elf/lib/thumb/interwork/libc.a(memcpy.o)
 .debug_aranges
                0x00000160       0x20 /cygdrive/C/cygwin/GNUARM/bin/../lib/gcc/arm-elf/4.0.2/../../../../arm-elf/lib/thumb/interwork/libc.a(memset.o)
 .debug_aranges
                0x00000180       0x20 /cygdrive/C/cygwin/GNUARM/bin/../lib/gcc/arm-elf/4.0.2/../../../../arm-elf/lib/thumb/interwork/libc.a(strcmp.o)
 .debug_aranges
                0x000001a0       0x20 /cygdrive/C/cygwin/GNUARM/bin/../lib/gcc/arm-elf/4.0.2/../../../../arm-elf/lib/thumb/interwork/libc.a(strcpy.o)
 .debug_aranges
                0x000001c0       0x20 /cygdrive/C/cygwin/GNUARM/bin/../lib/gcc/arm-elf/4.0.2/../../../../arm-elf/lib/thumb/interwork/libc.a(strlen.o)
 .debug_aranges
                0x000001e0       0x20 /cygdrive/C/cygwin/GNUARM/bin/../lib/gcc/arm-elf/4.0.2/../../../../arm-elf/lib/thumb/interwork/libc.a(strncpy.o)

.debug_frame    0x00000000      0x180
 .debug_frame   0x00000000       0x38 /cygdrive/C/cygwin/GNUARM/bin/../lib/gcc/arm-elf/4.0.2/thumb/interwork/libgcc.a(_muldi3.o)
 .debug_frame   0x00000038       0x3c /cygdrive/C/cygwin/GNUARM/bin/../lib/gcc/arm-elf/4.0.2/thumb/interwork/libgcc.a(_divdi3.o)
 .debug_frame   0x00000074       0x2c /cygdrive/C/cygwin/GNUARM/bin/../lib/gcc/arm-elf/4.0.2/../../../../arm-elf/lib/thumb/interwork/libc.a(memcpy.o)
 .debug_frame   0x000000a0       0x2c /cygdrive/C/cygwin/GNUARM/bin/../lib/gcc/arm-elf/4.0.2/../../../../arm-elf/lib/thumb/interwork/libc.a(memset.o)
 .debug_frame   0x000000cc       0x2c /cygdrive/C/cygwin/GNUARM/bin/../lib/gcc/arm-elf/4.0.2/../../../../arm-elf/lib/thumb/interwork/libc.a(strcmp.o)
 .debug_frame   0x000000f8       0x2c /cygdrive/C/cygwin/GNUARM/bin/../lib/gcc/arm-elf/4.0.2/../../../../arm-elf/lib/thumb/interwork/libc.a(strcpy.o)
 .debug_frame   0x00000124       0x2c /cygdrive/C/cygwin/GNUARM/bin/../lib/gcc/arm-elf/4.0.2/../../../../arm-elf/lib/thumb/interwork/libc.a(strlen.o)
 .debug_frame   0x00000150       0x30 /cygdrive/C/cygwin/GNUARM/bin/../lib/gcc/arm-elf/4.0.2/../../../../arm-elf/lib/thumb/interwork/libc.a(strncpy.o)

.debug_loc      0x00000000     0x13c0
 .debug_loc     0x00000000      0x156 /cygdrive/C/cygwin/GNUARM/bin/../lib/gcc/arm-elf/4.0.2/thumb/interwork/libgcc.a(_muldi3.o)
 .debug_loc     0x00000156      0xd45 /cygdrive/C/cygwin/GNUARM/bin/../lib/gcc/arm-elf/4.0.2/thumb/interwork/libgcc.a(_divdi3.o)
 .debug_loc     0x00000e9b      0x127 /cygdrive/C/cygwin/GNUARM/bin/../lib/gcc/arm-elf/4.0.2/../../../../arm-elf/lib/thumb/interwork/libc.a(memcpy.o)
 .debug_loc     0x00000fc2      0x12a /cygdrive/C/cygwin/GNUARM/bin/../lib/gcc/arm-elf/4.0.2/../../../../arm-elf/lib/thumb/interwork/libc.a(memset.o)
 .debug_loc     0x000010ec       0x8e /cygdrive/C/cygwin/GNUARM/bin/../lib/gcc/arm-elf/4.0.2/../../../../arm-elf/lib/thumb/interwork/libc.a(strcmp.o)
 .debug_loc     0x0000117a       0xb4 /cygdrive/C/cygwin/GNUARM/bin/../lib/gcc/arm-elf/4.0.2/../../../../arm-elf/lib/thumb/interwork/libc.a(strcpy.o)
 .debug_loc     0x0000122e       0x3c /cygdrive/C/cygwin/GNUARM/bin/../lib/gcc/arm-elf/4.0.2/../../../../arm-elf/lib/thumb/interwork/libc.a(strlen.o)
 .debug_loc     0x0000126a      0x156 /cygdrive/C/cygwin/GNUARM/bin/../lib/gcc/arm-elf/4.0.2/../../../../arm-elf/lib/thumb/interwork/libc.a(strncpy.o)

.debug_pubnames
                0x00000000      0x10d
 .debug_pubnames
                0x00000000       0x1f /cygdrive/C/cygwin/GNUARM/bin/../lib/gcc/arm-elf/4.0.2/thumb/interwork/libgcc.a(_muldi3.o)
 .debug_pubnames
                0x0000001f       0x1f /cygdrive/C/cygwin/GNUARM/bin/../lib/gcc/arm-elf/4.0.2/thumb/interwork/libgcc.a(_divdi3.o)
 .debug_pubnames
                0x0000003e       0x20 /cygdrive/C/cygwin/GNUARM/bin/../lib/gcc/arm-elf/4.0.2/thumb/interwork/libgcc.a(_clz.o)
 .debug_pubnames
                0x0000005e       0x1d /cygdrive/C/cygwin/GNUARM/bin/../lib/gcc/arm-elf/4.0.2/../../../../arm-elf/lib/thumb/interwork/libc.a(memcpy.o)
 .debug_pubnames
                0x0000007b       0x1d /cygdrive/C/cygwin/GNUARM/bin/../lib/gcc/arm-elf/4.0.2/../../../../arm-elf/lib/thumb/interwork/libc.a(memset.o)
 .debug_pubnames
                0x00000098       0x1d /cygdrive/C/cygwin/GNUARM/bin/../lib/gcc/arm-elf/4.0.2/../../../../arm-elf/lib/thumb/interwork/libc.a(strcmp.o)
 .debug_pubnames
                0x000000b5       0x1d /cygdrive/C/cygwin/GNUARM/bin/../lib/gcc/arm-elf/4.0.2/../../../../arm-elf/lib/thumb/interwork/libc.a(strcpy.o)
 .debug_pubnames
                0x000000d2       0x1d /cygdrive/C/cygwin/GNUARM/bin/../lib/gcc/arm-elf/4.0.2/../../../../arm-elf/lib/thumb/interwork/libc.a(strlen.o)
 .debug_pubnames
                0x000000ef       0x1e /cygdrive/C/cygwin/GNUARM/bin/../lib/gcc/arm-elf/4.0.2/../../../../arm-elf/lib/thumb/interwork/libc.a(strncpy.o)

.debug_ranges   0x00000000      0x1d8
 .debug_ranges  0x00000000       0x30 /cygdrive/C/cygwin/GNUARM/bin/../lib/gcc/arm-elf/4.0.2/thumb/interwork/libgcc.a(_muldi3.o)
 .debug_ranges  0x00000030      0x1a8 /cygdrive/C/cygwin/GNUARM/bin/../lib/gcc/arm-elf/4.0.2/thumb/interwork/libgcc.a(_divdi3.o)

.debug_str      0x00000000      0x38b
 .debug_str     0x00000000       0xfb /cygdrive/C/cygwin/GNUARM/bin/../lib/gcc/arm-elf/4.0.2/thumb/interwork/libgcc.a(_muldi3.o)
                                0x14f (size before relaxing)
 .debug_str     0x000000fb       0x5d /cygdrive/C/cygwin/GNUARM/bin/../lib/gcc/arm-elf/4.0.2/thumb/interwork/libgcc.a(_divdi3.o)
                                0x1a3 (size before relaxing)
 .debug_str     0x00000158        0x0 /cygdrive/C/cygwin/GNUARM/bin/../lib/gcc/arm-elf/4.0.2/thumb/interwork/libgcc.a(_clz.o)
                                0x104 (size before relaxing)
 .debug_str     0x00000158       0xb3 /cygdrive/C/cygwin/GNUARM/bin/../lib/gcc/arm-elf/4.0.2/../../../../arm-elf/lib/thumb/interwork/libc.a(memcpy.o)
                                 0xdf (size before relaxing)
 .debug_str     0x0000020b       0x5a /cygdrive/C/cygwin/GNUARM/bin/../lib/gcc/arm-elf/4.0.2/../../../../arm-elf/lib/thumb/interwork/libc.a(memset.o)
                                0x129 (size before relaxing)
 .debug_str     0x00000265       0x46 /cygdrive/C/cygwin/GNUARM/bin/../lib/gcc/arm-elf/4.0.2/../../../../arm-elf/lib/thumb/interwork/libc.a(strcmp.o)
                                0x10e (size before relaxing)
 .debug_str     0x000002ab       0x46 /cygdrive/C/cygwin/GNUARM/bin/../lib/gcc/arm-elf/4.0.2/../../../../arm-elf/lib/thumb/interwork/libc.a(strcpy.o)
                                0x130 (size before relaxing)
 .debug_str     0x000002f1       0x4c /cygdrive/C/cygwin/GNUARM/bin/../lib/gcc/arm-elf/4.0.2/../../../../arm-elf/lib/thumb/interwork/libc.a(strlen.o)
                                0x128 (size before relaxing)
 .debug_str     0x0000033d       0x4e /cygdrive/C/cygwin/GNUARM/bin/../lib/gcc/arm-elf/4.0.2/../../../../arm-elf/lib/thumb/interwork/libc.a(strncpy.o)
                                0x13f (size before relaxing)

Cross Reference Table

Symbol                                            File
ActivateTask                                      build/kernel/task_manage.o
BluetoothEvent                                    build/./kernel_cfg.o
                                                  build/car2_EDF.o
Bluetooth_Receive                                 build/./kernel_cfg.o
                                                  build/car2_EDF.o
CancelAlarm                                       build/kernel/alarm.o
ChainTask                                         build/kernel/task_manage.o
ClearEvent                                        build/kernel/event.o
DisableAllInterrupts                              build/kernel/interrupt.o
EnableAllInterrupts                               build/kernel/interrupt.o
ErrorHook                                         /cygdrive/c/cygwin/nxtOSEK/ecrobot/../ecrobot/libecrobot.a(osek_hook.o)
                                                  build/kernel/osctl.o
EventManager                                      build/./kernel_cfg.o
GetActiveApplicationMode                          build/kernel/osctl.o
GetAlarm                                          build/kernel/alarm.o
GetAlarmBase                                      build/kernel/alarm.o
GetCurrentSonarSensor                             build/./kernel_cfg.o
                                                  build/car2_EDF.o
GetEvent                                          build/kernel/event.o
GetResource                                       build/kernel/resource.o
                                                  build/car2_EDF.o
GetTaskID                                         build/kernel/task_manage.o
GetTaskState                                      build/kernel/task_manage.o
IdleTask                                          build/./kernel_cfg.o
MotorControlTask                                  build/./kernel_cfg.o
                                                  build/car2_EDF.o
MotorCtrlEvent                                    build/./kernel_cfg.o
                                                  build/car2_EDF.o
NXT_COLORSENSOR_PROTOCOLS                         /cygdrive/c/cygwin/nxtOSEK/ecrobot/../ecrobot/libecrobot.a(ecrobot_interface.o)
NXT_Entry_Point                                   build/nxt_entry_point.o
                                                  build/nxt_binary_header.o
PostTaskHook                                      /cygdrive/c/cygwin/nxtOSEK/ecrobot/../ecrobot/libecrobot.a(osek_hook.o)
                                                  build/config/at91sam7s-gnu/cpu_support.oram
                                                  build/kernel/osctl.o
PreTaskHook                                       /cygdrive/c/cygwin/nxtOSEK/ecrobot/../ecrobot/libecrobot.a(osek_hook.o)
                                                  build/config/at91sam7s-gnu/cpu_support.oram
                                                  build/kernel/osctl.o
ReadyEvent                                        build/./kernel_cfg.o
ReleaseResource                                   build/kernel/resource.o
ResumeAllInterrupts                               build/kernel/interrupt.o
ResumeOSInterrupts                                build/kernel/interrupt.o
Schedule                                          build/kernel/task_manage.o
SetAbsAlarm                                       build/kernel/alarm.o
SetEvent                                          build/kernel/event.o
                                                  build/car2_EDF.o
SetRelAlarm                                       build/kernel/alarm.o
ShutdownHook                                      /cygdrive/c/cygwin/nxtOSEK/ecrobot/../ecrobot/libecrobot.a(osek_hook.o)
                                                  build/kernel/osctl.o
ShutdownOS                                        build/kernel/osctl.o
                                                  build/car2_EDF.o
SignalCounter                                     build/kernel/alarm.o
                                                  build/car2_EDF.o
SonarSensor                                       build/./kernel_cfg.o
                                                  build/car2_EDF.o
SonarSensorEvent                                  build/./kernel_cfg.o
                                                  build/car2_EDF.o
StartOS                                           build/kernel/osctl.o
                                                  build/ecrobot.o
StartupHook                                       /cygdrive/c/cygwin/nxtOSEK/ecrobot/../ecrobot/libecrobot.a(osek_hook.o)
                                                  build/kernel/osctl.o
SuspendAllInterrupts                              build/kernel/interrupt.o
SuspendOSInterrupts                               build/kernel/interrupt.o
TaskMainBluetooth_Receive                         build/car2_EDF.o
                                                  build/./kernel_cfg.o
TaskMainEventManager                              build/car2_EDF.o
                                                  build/./kernel_cfg.o
TaskMainGetCurrentSonarSensor                     build/car2_EDF.o
                                                  build/./kernel_cfg.o
TaskMainIdleTask                                  build/car2_EDF.o
                                                  build/./kernel_cfg.o
TaskMainMotorControlTask                          build/car2_EDF.o
                                                  build/./kernel_cfg.o
TerminateTask                                     build/kernel/task_manage.o
TimeResource                                      build/./kernel_cfg.o
                                                  build/car2_EDF.o
TimerCounter                                      build/./kernel_cfg.o
                                                  build/car2_EDF.o
WaitEvent                                         build/kernel/event.o
                                                  build/car2_EDF.o
____floatsidf_change_to_arm                       /cygdrive/C/cygwin/GNUARM/bin/../lib/gcc/arm-elf/4.0.2/../../../../arm-elf/lib/thumb/interwork/libc.a(strncpy.o)
____floatsidf_from_thumb                          /cygdrive/C/cygwin/GNUARM/bin/../lib/gcc/arm-elf/4.0.2/../../../../arm-elf/lib/thumb/interwork/libc.a(strncpy.o)
____gtdf2_change_to_arm                           /cygdrive/C/cygwin/GNUARM/bin/../lib/gcc/arm-elf/4.0.2/../../../../arm-elf/lib/thumb/interwork/libc.a(strncpy.o)
____gtdf2_from_thumb                              /cygdrive/C/cygwin/GNUARM/bin/../lib/gcc/arm-elf/4.0.2/../../../../arm-elf/lib/thumb/interwork/libc.a(strncpy.o)
____muldf3_change_to_arm                          /cygdrive/C/cygwin/GNUARM/bin/../lib/gcc/arm-elf/4.0.2/../../../../arm-elf/lib/thumb/interwork/libc.a(strncpy.o)
____muldf3_from_thumb                             /cygdrive/C/cygwin/GNUARM/bin/../lib/gcc/arm-elf/4.0.2/../../../../arm-elf/lib/thumb/interwork/libc.a(strncpy.o)
__adddf3                                          /cygdrive/C/cygwin/GNUARM/bin/../lib/gcc/arm-elf/4.0.2/thumb/interwork/libgcc.a(_addsubdf3.o)
__aeabi_cdcmpeq                                   /cygdrive/C/cygwin/GNUARM/bin/../lib/gcc/arm-elf/4.0.2/thumb/interwork/libgcc.a(_cmpdf2.o)
__aeabi_cdcmple                                   /cygdrive/C/cygwin/GNUARM/bin/../lib/gcc/arm-elf/4.0.2/thumb/interwork/libgcc.a(_cmpdf2.o)
__aeabi_cdrcmple                                  /cygdrive/C/cygwin/GNUARM/bin/../lib/gcc/arm-elf/4.0.2/thumb/interwork/libgcc.a(_cmpdf2.o)
__aeabi_dadd                                      /cygdrive/C/cygwin/GNUARM/bin/../lib/gcc/arm-elf/4.0.2/thumb/interwork/libgcc.a(_addsubdf3.o)
__aeabi_dcmpeq                                    /cygdrive/C/cygwin/GNUARM/bin/../lib/gcc/arm-elf/4.0.2/thumb/interwork/libgcc.a(_cmpdf2.o)
__aeabi_dcmpge                                    /cygdrive/C/cygwin/GNUARM/bin/../lib/gcc/arm-elf/4.0.2/thumb/interwork/libgcc.a(_cmpdf2.o)
__aeabi_dcmpgt                                    /cygdrive/C/cygwin/GNUARM/bin/../lib/gcc/arm-elf/4.0.2/thumb/interwork/libgcc.a(_cmpdf2.o)
__aeabi_dcmple                                    /cygdrive/C/cygwin/GNUARM/bin/../lib/gcc/arm-elf/4.0.2/thumb/interwork/libgcc.a(_cmpdf2.o)
__aeabi_dcmplt                                    /cygdrive/C/cygwin/GNUARM/bin/../lib/gcc/arm-elf/4.0.2/thumb/interwork/libgcc.a(_cmpdf2.o)
__aeabi_ddiv                                      /cygdrive/C/cygwin/GNUARM/bin/../lib/gcc/arm-elf/4.0.2/thumb/interwork/libgcc.a(_muldivdf3.o)
__aeabi_dmul                                      /cygdrive/C/cygwin/GNUARM/bin/../lib/gcc/arm-elf/4.0.2/thumb/interwork/libgcc.a(_muldivdf3.o)
__aeabi_drsub                                     /cygdrive/C/cygwin/GNUARM/bin/../lib/gcc/arm-elf/4.0.2/thumb/interwork/libgcc.a(_addsubdf3.o)
__aeabi_dsub                                      /cygdrive/C/cygwin/GNUARM/bin/../lib/gcc/arm-elf/4.0.2/thumb/interwork/libgcc.a(_addsubdf3.o)
__aeabi_f2d                                       /cygdrive/C/cygwin/GNUARM/bin/../lib/gcc/arm-elf/4.0.2/thumb/interwork/libgcc.a(_addsubdf3.o)
__aeabi_i2d                                       /cygdrive/C/cygwin/GNUARM/bin/../lib/gcc/arm-elf/4.0.2/thumb/interwork/libgcc.a(_addsubdf3.o)
__aeabi_idiv0                                     /cygdrive/C/cygwin/GNUARM/bin/../lib/gcc/arm-elf/4.0.2/thumb/interwork/libgcc.a(_dvmd_tls.o)
__aeabi_idivmod                                   /cygdrive/C/cygwin/GNUARM/bin/../lib/gcc/arm-elf/4.0.2/thumb/interwork/libgcc.a(_divsi3.o)
__aeabi_l2d                                       /cygdrive/C/cygwin/GNUARM/bin/../lib/gcc/arm-elf/4.0.2/thumb/interwork/libgcc.a(_addsubdf3.o)
__aeabi_ldiv0                                     /cygdrive/C/cygwin/GNUARM/bin/../lib/gcc/arm-elf/4.0.2/thumb/interwork/libgcc.a(_dvmd_tls.o)
__aeabi_ui2d                                      /cygdrive/C/cygwin/GNUARM/bin/../lib/gcc/arm-elf/4.0.2/thumb/interwork/libgcc.a(_addsubdf3.o)
__aeabi_uidivmod                                  /cygdrive/C/cygwin/GNUARM/bin/../lib/gcc/arm-elf/4.0.2/thumb/interwork/libgcc.a(_udivsi3.o)
__aeabi_ul2d                                      /cygdrive/C/cygwin/GNUARM/bin/../lib/gcc/arm-elf/4.0.2/thumb/interwork/libgcc.a(_addsubdf3.o)
__bss_end__                                       build/ecrobot_init.o
__bss_start__                                     build/ecrobot_init.o
__call_posttaskhook_from_arm                      /cygdrive/C/cygwin/GNUARM/bin/../lib/gcc/arm-elf/4.0.2/../../../../arm-elf/lib/thumb/interwork/libc.a(strncpy.o)
__call_pretaskhook_from_arm                       /cygdrive/C/cygwin/GNUARM/bin/../lib/gcc/arm-elf/4.0.2/../../../../arm-elf/lib/thumb/interwork/libc.a(strncpy.o)
__clz_tab                                         /cygdrive/C/cygwin/GNUARM/bin/../lib/gcc/arm-elf/4.0.2/thumb/interwork/libgcc.a(_clz.o)
                                                  /cygdrive/C/cygwin/GNUARM/bin/../lib/gcc/arm-elf/4.0.2/thumb/interwork/libgcc.a(_divdi3.o)
__cmpdf2                                          /cygdrive/C/cygwin/GNUARM/bin/../lib/gcc/arm-elf/4.0.2/thumb/interwork/libgcc.a(_cmpdf2.o)
__ctor_begin                                      build/ecrobot_base.o
__ctor_end                                        build/ecrobot_base.o
__data_load_end__                                 build/ecrobot_init.o
__data_load_start__                               build/ecrobot_init.o
__data_ram_start__                                build/ecrobot_init.o
__disable_int_change_to_arm                       /cygdrive/C/cygwin/GNUARM/bin/../lib/gcc/arm-elf/4.0.2/../../../../arm-elf/lib/thumb/interwork/libc.a(strncpy.o)
__disable_int_from_thumb                          /cygdrive/C/cygwin/GNUARM/bin/../lib/gcc/arm-elf/4.0.2/../../../../arm-elf/lib/thumb/interwork/libc.a(strncpy.o)
__dispatch_change_to_arm                          /cygdrive/C/cygwin/GNUARM/bin/../lib/gcc/arm-elf/4.0.2/../../../../arm-elf/lib/thumb/interwork/libc.a(strncpy.o)
__dispatch_from_thumb                             /cygdrive/C/cygwin/GNUARM/bin/../lib/gcc/arm-elf/4.0.2/../../../../arm-elf/lib/thumb/interwork/libc.a(strncpy.o)
__display_bios_status_change_to_arm               /cygdrive/C/cygwin/GNUARM/bin/../lib/gcc/arm-elf/4.0.2/../../../../arm-elf/lib/thumb/interwork/libc.a(strncpy.o)