Archive member included because of file (symbol)

/cygdrive/c/cygwin/nxtOSEK/ecrobot/../ecrobot/libecrobot.a(ecrobot_interface.o)
                              build/car1.o (ecrobot_get_touch_sensor)
/cygdrive/c/cygwin/nxtOSEK/ecrobot/../ecrobot/libecrobot.a(colorsensor.o)
                              /cygdrive/c/cygwin/nxtOSEK/ecrobot/../ecrobot/libecrobot.a(ecrobot_interface.o) (colorsensor_init)
/cygdrive/c/cygwin/nxtOSEK/ecrobot/../ecrobot/libecrobot.a(osek_hook.o)
                              build/kernel/osctl.o (StartupHook)
/cygdrive/c/cygwin/nxtOSEK/ecrobot/../ecrobot/libecrobot.a(uart.oram)
                              build/config/at91sam7s-gnu/irq.oram (uart_isr_C_0)
/cygdrive/c/cygwin/nxtOSEK/ecrobot/../ecrobot/libecrobot.a(systick.oram)
                              build/syslib/at91sam7s-gnu/lego_nxt/hw_sys_timer.oram (systick_low_priority_C)
/cygdrive/c/cygwin/nxtOSEK/ecrobot/../ecrobot/libecrobot.a(byte_fifo.oram)
                              /cygdrive/c/cygwin/nxtOSEK/ecrobot/../ecrobot/libecrobot.a(uart.oram) (byte_fifo_put)
/cygdrive/c/cygwin/nxtOSEK/ecrobot/../ecrobot/libecrobot.a(aic.oram)
                              /cygdrive/c/cygwin/nxtOSEK/ecrobot/../ecrobot/libecrobot.a(uart.oram) (aic_set_vector)
/cygdrive/c/cygwin/nxtOSEK/ecrobot/../ecrobot/libecrobot.a(udp.oram)
                              build/config/at91sam7s-gnu/irq.oram (udp_isr_C)
/cygdrive/c/cygwin/nxtOSEK/ecrobot/../ecrobot/libecrobot.a(twi.oram)
                              build/config/at91sam7s-gnu/irq.oram (twi_isr_C)
/cygdrive/c/cygwin/nxtOSEK/ecrobot/../ecrobot/libecrobot.a(nxt_spi.oram)
                              build/config/at91sam7s-gnu/irq.oram (spi_isr_C)
/cygdrive/c/cygwin/nxtOSEK/ecrobot/../ecrobot/libecrobot.a(nxt_motors.oram)
                              /cygdrive/c/cygwin/nxtOSEK/ecrobot/../ecrobot/libecrobot.a(ecrobot_interface.o) (nxt_motor_get_count)
/cygdrive/c/cygwin/nxtOSEK/ecrobot/../ecrobot/libecrobot.a(data_abort.oram)
                              build/ecrobot_init.o (data_abort_C)
/cygdrive/c/cygwin/nxtOSEK/ecrobot/../ecrobot/libecrobot.a(display.oram)
                              build/ecrobot_base.o (display_update)
/cygdrive/c/cygwin/nxtOSEK/ecrobot/../ecrobot/libecrobot.a(i2c.oram)
                              build/config/at91sam7s-gnu/irq.oram (i2c_timer_isr_C)
/cygdrive/c/cygwin/nxtOSEK/ecrobot/../ecrobot/libecrobot.a(sound.oram)
                              /cygdrive/c/cygwin/nxtOSEK/ecrobot/../ecrobot/libecrobot.a(ecrobot_interface.o) (sound_get_time)
/cygdrive/c/cygwin/nxtOSEK/ecrobot/../ecrobot/libecrobot.a(bt.oram)
                              build/ecrobot_bluetooth.o (bt_send)
/cygdrive/c/cygwin/nxtOSEK/ecrobot/../ecrobot/libecrobot.a(nxt_avr.oram)
                              build/ecrobot_base.o (nxt_avr_power_down)
/cygdrive/c/cygwin/nxtOSEK/ecrobot/../ecrobot/libecrobot.a(sensors.oram)
                              /cygdrive/c/cygwin/nxtOSEK/ecrobot/../ecrobot/libecrobot.a(ecrobot_interface.o) (unset_digi0)
/cygdrive/c/cygwin/nxtOSEK/ecrobot/../ecrobot/libecrobot.a(sensors1.oram)
                              /cygdrive/c/cygwin/nxtOSEK/ecrobot/../ecrobot/libecrobot.a(colorsensor.o) (sensor_pins)
/cygdrive/c/cygwin/nxtOSEK/ecrobot/../ecrobot/libecrobot.a(nxt_lcd.oram)
                              /cygdrive/c/cygwin/nxtOSEK/ecrobot/../ecrobot/libecrobot.a(display.oram) (nxt_lcd_force_update)
/cygdrive/c/cygwin/nxtOSEK/ecrobot/../ecrobot/libecrobot.a(flash_loader.oram)
                              build/ecrobot_base.o (set_flash_request)
/cygdrive/c/cygwin/nxtOSEK/ecrobot/../ecrobot/libecrobot.a(interrupts.oram)
                              /cygdrive/c/cygwin/nxtOSEK/ecrobot/../ecrobot/libecrobot.a(uart.oram) (interrupts_get_and_disable)
/cygdrive/c/cygwin/nxtOSEK/ecrobot/../ecrobot/libecrobot.a(nxtosek_splash.obmp)
                              build/ecrobot_base.o (nxtosek_splash_bmp_start)
/cygdrive/c/cygwin/nxtOSEK/ecrobot/../ecrobot/libecrobot.a(ecrobot_usb.o)
                              /cygdrive/c/cygwin/nxtOSEK/ecrobot/../ecrobot/libecrobot.a(flash_loader.oram) (ecrobot_init_usb)
/cygdrive/c/cygwin/nxtOSEK/ecrobot/../ecrobot/libecrobot.a(flashprog.oram)
                              /cygdrive/c/cygwin/nxtOSEK/ecrobot/../ecrobot/libecrobot.a(flash_loader.oram) (flash_write_page)
/cygdrive/C/cygwin/GNUARM/bin/../lib/gcc/arm-elf/4.0.2/thumb/interwork/libgcc.a(_udivsi3.o)
                              build/ecrobot_base.o (__udivsi3)
/cygdrive/C/cygwin/GNUARM/bin/../lib/gcc/arm-elf/4.0.2/thumb/interwork/libgcc.a(_divsi3.o)
                              /cygdrive/c/cygwin/nxtOSEK/ecrobot/../ecrobot/libecrobot.a(uart.oram) (__divsi3)
/cygdrive/C/cygwin/GNUARM/bin/../lib/gcc/arm-elf/4.0.2/thumb/interwork/libgcc.a(_umodsi3.o)
                              /cygdrive/c/cygwin/nxtOSEK/ecrobot/../ecrobot/libecrobot.a(display.oram) (__umodsi3)
/cygdrive/C/cygwin/GNUARM/bin/../lib/gcc/arm-elf/4.0.2/thumb/interwork/libgcc.a(_modsi3.o)
[...]
Memory Configuration

Name             Origin             Length             Attributes
header_ram       0x001ffff0         0x00000010
vector_ram       0x00200000         0x00000040
ram              0x00200040         0x0000ffc0
*default*        0x00000000         0xffffffff

Linker script and memory map

LOAD build/kernel/alarm.o
LOAD build/kernel/event.o
LOAD build/kernel/interrupt.o
LOAD build/kernel/osctl.o
LOAD build/kernel/resource.o
LOAD build/kernel/task.o
LOAD build/kernel/task_manage.o
LOAD build/config/at91sam7s-gnu/cpu_config.o
LOAD build/config/at91sam7s-gnu/lego_nxt/sys_config.o
LOAD build/./kernel_cfg.o
LOAD build/syscalls.o
LOAD build/ecrobot_bluetooth.o
LOAD build/ecrobot_base.o
LOAD build/ecrobot.o
LOAD build/car1.o
LOAD build/syslib/at91sam7s-gnu/lego_nxt/hw_sys_timer.oram
LOAD build/nxtvm/platform/nxt/vectors.o
LOAD build/config/at91sam7s-gnu/debug.o
LOAD build/config/at91sam7s-gnu/lego_nxt/sys_support.o
LOAD build/nxt_binary_header.o
LOAD build/nxt_entry_point.o
LOAD build/ecrobot_init.o
LOAD build/config/at91sam7s-gnu/cpu_support.oram
LOAD build/config/at91sam7s-gnu/irq.oram
LOAD /cygdrive/c/cygwin/nxtOSEK/ecrobot/../c++/liblejososek.a
LOAD /cygdrive/c/cygwin/nxtOSEK/ecrobot/../ecrobot/libecrobot.a
LOAD /cygdrive/C/cygwin/GNUARM/bin/../lib/gcc/arm-elf/4.0.2/../../../../arm-elf/lib/thumb/interwork/libstdc++.a
LOAD /cygdrive/C/cygwin/GNUARM/bin/../lib/gcc/arm-elf/4.0.2/../../../../arm-elf/lib/thumb/interwork/libm.a
LOAD /cygdrive/C/cygwin/GNUARM/bin/../lib/gcc/arm-elf/4.0.2/thumb/interwork/libgcc.a
LOAD /cygdrive/C/cygwin/GNUARM/bin/../lib/gcc/arm-elf/4.0.2/../../../../arm-elf/lib/thumb/interwork/libc.a
LOAD /cygdrive/C/cygwin/GNUARM/bin/../lib/gcc/arm-elf/4.0.2/thumb/interwork/libgcc.a
                0x00200000                RAM_BASE = 0x200000
                0x00010000                RAM_SIZE = 0x10000

.header         0x001ffff0       0x10
 *nxt_binary_header.o(*.text *.text.*)
 .text          0x001ffff0       0x10 build/nxt_binary_header.o
                0x00200000                . = ALIGN (0x10)

.vectors        0x00200000       0x40
 vectors.o(*.text *.text.*)
 .text          0x00200000       0x38 build/nxtvm/platform/nxt/vectors.o
                0x00200040                . = ALIGN (0x10)
 *fill*         0x00200038        0x8 00
                0x00200000                __vectors_ram_start__ = ADDR (.vectors)
                0x00200040                __vectors_ram_end__ = (ADDR (.vectors) + SIZEOF (.vectors))
                0x00200000                __vectors_load_start__ = LOADADDR (.vectors)
                0x00200040                __vectors_load_end__ = (LOADADDR (.vectors) + SIZEOF (.vectors))

.entry          0x00200040       0x40
 *nxt_entry_point.o(*.text *.text.*)
 .text          0x00200040       0x38 build/nxt_entry_point.o
                0x00200040                NXT_Entry_Point
                0x00200080                . = ALIGN (0x10)
 *fill*         0x00200078        0x8 00

.init           0x00200080      0x280
 *ecrobot_init.o(*.text *.text.*)
 .text          0x00200080      0x280 build/ecrobot_init.o
                0x002001ec                undef_handler
                0x002001f4                prefetch_abort_handler
                0x002001f8                data_abort_handler
                0x002001f0                swi_handler
                0x00200080                start
                0x00200214                reserved_handler
                0x00200300                . = ALIGN (0x10)

.ram_text       0x00200300     0x3460
                0x00200300                . = ALIGN (0x10)
 *.oram(*.text *.text.* *.glue*)
 .text.systick_isr_C1
                0x00200300       0x28 build/syslib/at91sam7s-gnu/lego_nxt/hw_sys_timer.oram
                0x00200300                systick_isr_C1
 *fill*         0x00200328        0x8 00
 .text          0x00200330      0x230 build/config/at91sam7s-gnu/cpu_support.oram
                0x00200510                enable_int
                0x002003b0                start_dispatch
                0x00200370                activate_r
                0x00200508                disable_int
                0x00200330                dispatch
                0x002004dc                int_return
                0x0020046c                _interrupt
                0x002003a0                exit_and_dispatch
                0x00200518                nop
 .text          0x00200560      0x2c0 build/config/at91sam7s-gnu/irq.oram
                0x00200560                default_isr
                0x002006ec                uart_isr_entry_0
                0x0020066c                twi_isr_entry
                0x0020072c                uart_isr_entry_1
                0x0020062c                spi_isr_entry
                0x002005ac                systick_low_priority_entry
                0x0020076c                nxt_motor_isr_entry
                0x002007ac                i2c_timer_isr_entry
                0x00200560                default_fiq
                0x00200564                systick_isr_entry
                0x00200560                spurious_isr
                0x002006ac                sound_isr_entry
                0x002005ec                udp_isr_entry
 .text.uart_process_isr
                0x00200820       0x88 /cygdrive/c/cygwin/nxtOSEK/ecrobot/../ecrobot/libecrobot.a(uart.oram)
 .text.uart_isr_C_0
                0x002008a8        0xc /cygdrive/c/cygwin/nxtOSEK/ecrobot/../ecrobot/libecrobot.a(uart.oram)
                0x002008a8                uart_isr_C_0
 .text.uart_isr_C_1
                0x002008b4        0xc /cygdrive/c/cygwin/nxtOSEK/ecrobot/../ecrobot/libecrobot.a(uart.oram)
                0x002008b4                uart_isr_C_1
 .text.systick_low_priority_C
                0x002008c0       0x1c /cygdrive/c/cygwin/nxtOSEK/ecrobot/../ecrobot/libecrobot.a(systick.oram)
                0x002008c0                systick_low_priority_C
 .text.systick_isr_C
                0x002008dc       0x24 /cygdrive/c/cygwin/nxtOSEK/ecrobot/../ecrobot/libecrobot.a(systick.oram)
                0x002008dc                systick_isr_C
 .text.systick_get_ms
                0x00200900        0xc /cygdrive/c/cygwin/nxtOSEK/ecrobot/../ecrobot/libecrobot.a(systick.oram)
                0x00200900                systick_get_ms
 .text.systick_wait_ms
                0x0020090c       0x1c /cygdrive/c/cygwin/nxtOSEK/ecrobot/../ecrobot/libecrobot.a(systick.oram)
                0x0020090c                systick_wait_ms
 .text.systick_wait_ns
                0x00200928       0x1c /cygdrive/c/cygwin/nxtOSEK/ecrobot/../ecrobot/libecrobot.a(systick.oram)
                0x00200928                systick_wait_ns
 .text.systick_init
                0x00200944       0x58 /cygdrive/c/cygwin/nxtOSEK/ecrobot/../ecrobot/libecrobot.a(systick.oram)
                0x00200944                systick_init
 .text.systick_suspend
                0x0020099c        0xc /cygdrive/c/cygwin/nxtOSEK/ecrobot/../ecrobot/libecrobot.a(systick.oram)
                0x0020099c                systick_suspend
 .text.systick_resume
                0x002009a8        0xc /cygdrive/c/cygwin/nxtOSEK/ecrobot/../ecrobot/libecrobot.a(systick.oram)
                0x002009a8                systick_resume
 .text.byte_fifo_put
                0x002009b4       0x58 /cygdrive/c/cygwin/nxtOSEK/ecrobot/../ecrobot/libecrobot.a(byte_fifo.oram)
                0x002009b4                byte_fifo_put
 .text.byte_fifo_get
                0x00200a0c       0x2c /cygdrive/c/cygwin/nxtOSEK/ecrobot/../ecrobot/libecrobot.a(byte_fifo.oram)
                0x00200a0c                byte_fifo_get
 .text.aic_initialise
                0x00200a38       0x5c /cygdrive/c/cygwin/nxtOSEK/ecrobot/../ecrobot/libecrobot.a(aic.oram)
                0x00200a38                aic_initialise
 .text.aic_set_vector
                0x00200a94       0x30 /cygdrive/c/cygwin/nxtOSEK/ecrobot/../ecrobot/libecrobot.a(aic.oram)
                0x00200a94                aic_set_vector
 .text.aic_mask_on
                0x00200ac4       0x24 /cygdrive/c/cygwin/nxtOSEK/ecrobot/../ecrobot/libecrobot.a(aic.oram)
                0x00200ac4                aic_mask_on
 .text.aic_mask_off
                0x00200ae8       0x24 /cygdrive/c/cygwin/nxtOSEK/ecrobot/../ecrobot/libecrobot.a(aic.oram)
                0x00200ae8                aic_mask_off
 .text.aic_clear
                0x00200b0c       0x24 /cygdrive/c/cygwin/nxtOSEK/ecrobot/../ecrobot/libecrobot.a(aic.oram)
                0x00200b0c                aic_clear
 .text.reset    0x00200b30       0x4c /cygdrive/c/cygwin/nxtOSEK/ecrobot/../ecrobot/libecrobot.a(udp.oram)
 .text.udp_send_null
                0x00200b7c       0x2c /cygdrive/c/cygwin/nxtOSEK/ecrobot/../ecrobot/libecrobot.a(udp.oram)
 .text.udp_send_stall
                0x00200ba8       0x2c /cygdrive/c/cygwin/nxtOSEK/ecrobot/../ecrobot/libecrobot.a(udp.oram)
 .text.udp_send_control
                0x00200bd4       0x60 /cygdrive/c/cygwin/nxtOSEK/ecrobot/../ecrobot/libecrobot.a(udp.oram)
 .text.udp_isr_C
                0x00200c34      0x7d0 /cygdrive/c/cygwin/nxtOSEK/ecrobot/../ecrobot/libecrobot.a(udp.oram)
                0x00200c34                udp_isr_C
 .text.twi_status
                0x00201404       0x20 /cygdrive/c/cygwin/nxtOSEK/ecrobot/../ecrobot/libecrobot.a(twi.oram)
                0x00201404                twi_status
 .text.twi_isr_C
                0x00201424       0xc4 /cygdrive/c/cygwin/nxtOSEK/ecrobot/../ecrobot/libecrobot.a(twi.oram)
                0x00201424                twi_isr_C
 .text.twi_reset
                0x002014e8       0xb4 /cygdrive/c/cygwin/nxtOSEK/ecrobot/../ecrobot/libecrobot.a(twi.oram)
                0x002014e8                twi_reset
 .text.twi_init
                0x0020159c       0x4c /cygdrive/c/cygwin/nxtOSEK/ecrobot/../ecrobot/libecrobot.a(twi.oram)
                0x0020159c                twi_init
 .text.twi_start_read
                0x002015e8       0x60 /cygdrive/c/cygwin/nxtOSEK/ecrobot/../ecrobot/libecrobot.a(twi.oram)
                0x002015e8                twi_start_read
 .text.twi_start_write
                0x00201648       0x64 /cygdrive/c/cygwin/nxtOSEK/ecrobot/../ecrobot/libecrobot.a(twi.oram)
                0x00201648                twi_start_write
 .text.spi_set_mode
                0x002016ac       0x40 /cygdrive/c/cygwin/nxtOSEK/ecrobot/../ecrobot/libecrobot.a(nxt_spi.oram)
 .text.spi_isr_C
                0x002016ec       0x8c /cygdrive/c/cygwin/nxtOSEK/ecrobot/../ecrobot/libecrobot.a(nxt_spi.oram)
                0x002016ec                spi_isr_C
 .text.nxt_spi_init
                0x00201778      0x12c /cygdrive/c/cygwin/nxtOSEK/ecrobot/../ecrobot/libecrobot.a(nxt_spi.oram)
                0x00201778                nxt_spi_init
 .text.nxt_spi_write
                0x002018a4       0x44 /cygdrive/c/cygwin/nxtOSEK/ecrobot/../ecrobot/libecrobot.a(nxt_spi.oram)
                0x002018a4                nxt_spi_write
 .text.nxt_spi_set_display
                0x002018e8       0x10 /cygdrive/c/cygwin/nxtOSEK/ecrobot/../ecrobot/libecrobot.a(nxt_spi.oram)
                0x002018e8                nxt_spi_set_display
 .text.nxt_spi_refresh
                0x002018f8       0x24 /cygdrive/c/cygwin/nxtOSEK/ecrobot/../ecrobot/libecrobot.a(nxt_spi.oram)
                0x002018f8                nxt_spi_refresh
 .text.nxt_motor_set_count
                0x0020191c       0x10 /cygdrive/c/cygwin/nxtOSEK/ecrobot/../ecrobot/libecrobot.a(nxt_motors.oram)
                0x0020191c                nxt_motor_set_count
 .text.nxt_motor_set_speed
                0x0020192c       0x34 /cygdrive/c/cygwin/nxtOSEK/ecrobot/../ecrobot/libecrobot.a(nxt_motors.oram)
                0x0020192c                nxt_motor_set_speed
 .text.nxt_motor_1kHz_process
                0x00201960       0x28 /cygdrive/c/cygwin/nxtOSEK/ecrobot/../ecrobot/libecrobot.a(nxt_motors.oram)
                0x00201960                nxt_motor_1kHz_process
 .text.nxt_motor_quad_decode
                0x00201988       0x30 /cygdrive/c/cygwin/nxtOSEK/ecrobot/../ecrobot/libecrobot.a(nxt_motors.oram)
                0x00201988                nxt_motor_quad_decode
 .text.nxt_motor_isr_C
                0x002019b8       0x88 /cygdrive/c/cygwin/nxtOSEK/ecrobot/../ecrobot/libecrobot.a(nxt_motors.oram)
                0x002019b8                nxt_motor_isr_C
 .text.nxt_motor_init
                0x00201a40       0x68 /cygdrive/c/cygwin/nxtOSEK/ecrobot/../ecrobot/libecrobot.a(nxt_motors.oram)
                0x00201a40                nxt_motor_init
 .text.data_abort_C
                0x00201aa8       0x7c /cygdrive/c/cygwin/nxtOSEK/ecrobot/../ecrobot/libecrobot.a(data_abort.oram)
                0x00201aa8                data_abort_C
 .text.display_update
                0x00201b24       0x14 /cygdrive/c/cygwin/nxtOSEK/ecrobot/../ecrobot/libecrobot.a(display.oram)
                0x00201b24                display_update
 .text.display_force_update
                0x00201b38        0xc /cygdrive/c/cygwin/nxtOSEK/ecrobot/../ecrobot/libecrobot.a(display.oram)
                0x00201b38                display_force_update
 .text.display_clear
                0x00201b44       0x24 /cygdrive/c/cygwin/nxtOSEK/ecrobot/../ecrobot/libecrobot.a(display.oram)
                0x00201b44                display_clear
 .text.display_goto_xy
                0x00201b68       0x14 /cygdrive/c/cygwin/nxtOSEK/ecrobot/../ecrobot/libecrobot.a(display.oram)
                0x00201b68                display_goto_xy
 .text.display_char
                0x00201b7c       0x60 /cygdrive/c/cygwin/nxtOSEK/ecrobot/../ecrobot/libecrobot.a(display.oram)
                0x00201b7c                display_char
 .text.display_string
                0x00201bdc       0x3c /cygdrive/c/cygwin/nxtOSEK/ecrobot/../ecrobot/libecrobot.a(display.oram)
                0x00201bdc                display_string
 .text.display_hex
                0x00201c18       0x50 /cygdrive/c/cygwin/nxtOSEK/ecrobot/../ecrobot/libecrobot.a(display.oram)
                0x00201c18                display_hex
 .text.display_unsigned_worker
                0x00201c68       0x70 /cygdrive/c/cygwin/nxtOSEK/ecrobot/../ecrobot/libecrobot.a(display.oram)
 .text.display_unsigned
                0x00201cd8        0xc /cygdrive/c/cygwin/nxtOSEK/ecrobot/../ecrobot/libecrobot.a(display.oram)
                0x00201cd8                display_unsigned
 .text.display_int
                0x00201ce4       0x14 /cygdrive/c/cygwin/nxtOSEK/ecrobot/../ecrobot/libecrobot.a(display.oram)
                0x00201ce4                display_int
 .text.display_bitmap_copy
                0x00201cf8       0x5c /cygdrive/c/cygwin/nxtOSEK/ecrobot/../ecrobot/libecrobot.a(display.oram)
                0x00201cf8                display_bitmap_copy
 .text.display_init
                0x00201d54       0x50 /cygdrive/c/cygwin/nxtOSEK/ecrobot/../ecrobot/libecrobot.a(display.oram)
                0x00201d54                display_init
 .text.i2c_timer_isr_C
                0x00201da4      0x314 /cygdrive/c/cygwin/nxtOSEK/ecrobot/../ecrobot/libecrobot.a(i2c.oram)
                0x00201da4                i2c_timer_isr_C
 .text.i2c_disable
                0x002020b8       0x20 /cygdrive/c/cygwin/nxtOSEK/ecrobot/../ecrobot/libecrobot.a(i2c.oram)
                0x002020b8                i2c_disable
 .text.i2c_init
                0x002020d8       0xa4 /cygdrive/c/cygwin/nxtOSEK/ecrobot/../ecrobot/libecrobot.a(i2c.oram)
                0x002020d8                i2c_init
 .text.sound_fill_sample_buffer
                0x0020217c       0xe4 /cygdrive/c/cygwin/nxtOSEK/ecrobot/../ecrobot/libecrobot.a(sound.oram)
                0x0020217c                sound_fill_sample_buffer
 .text.sound_init
                0x00202260       0xa0 /cygdrive/c/cygwin/nxtOSEK/ecrobot/../ecrobot/libecrobot.a(sound.oram)
                0x00202260                sound_init
 .text.sound_isr_C
                0x00202300      0x180 /cygdrive/c/cygwin/nxtOSEK/ecrobot/../ecrobot/libecrobot.a(sound.oram)
                0x00202300                sound_isr_C
 .text.bt_init  0x00202480      0x1c0 /cygdrive/c/cygwin/nxtOSEK/ecrobot/../ecrobot/libecrobot.a(bt.oram)
                0x00202480                bt_init
 .text.bt_send  0x00202640       0x5c /cygdrive/c/cygwin/nxtOSEK/ecrobot/../ecrobot/libecrobot.a(bt.oram)
                0x00202640                bt_send
 .text.bt_write
                0x0020269c       0x70 /cygdrive/c/cygwin/nxtOSEK/ecrobot/../ecrobot/libecrobot.a(bt.oram)
                0x0020269c                bt_write
 .text.bt_pending
                0x0020270c       0x50 /cygdrive/c/cygwin/nxtOSEK/ecrobot/../ecrobot/libecrobot.a(bt.oram)
                0x0020270c                bt_pending
 .text.bt_clear_arm7_cmd
                0x0020275c       0x10 /cygdrive/c/cygwin/nxtOSEK/ecrobot/../ecrobot/libecrobot.a(bt.oram)
                0x0020275c                bt_clear_arm7_cmd
 .text.bt_set_arm7_cmd
                0x0020276c       0x10 /cygdrive/c/cygwin/nxtOSEK/ecrobot/../ecrobot/libecrobot.a(bt.oram)
                0x0020276c                bt_set_arm7_cmd
 .text.bt_receive
                0x0020277c      0x160 /cygdrive/c/cygwin/nxtOSEK/ecrobot/../ecrobot/libecrobot.a(bt.oram)
                0x0020277c                bt_receive
 .text.bt_reset
                0x002028dc       0x84 /cygdrive/c/cygwin/nxtOSEK/ecrobot/../ecrobot/libecrobot.a(bt.oram)
                0x002028dc                bt_reset
 .text.nxt_avr_power_down
                0x00202960       0x10 /cygdrive/c/cygwin/nxtOSEK/ecrobot/../ecrobot/libecrobot.a(nxt_avr.oram)
                0x00202960                nxt_avr_power_down
 .text.nxt_avr_link_init
                0x00202970       0x20 /cygdrive/c/cygwin/nxtOSEK/ecrobot/../ecrobot/libecrobot.a(nxt_avr.oram)
                0x00202970                nxt_avr_link_init
 .text.nxt_avr_init
                0x00202990       0x6c /cygdrive/c/cygwin/nxtOSEK/ecrobot/../ecrobot/libecrobot.a(nxt_avr.oram)
                0x00202990                nxt_avr_init
 .text.nxt_avr_1kHz_update
                0x002029fc      0x1cc /cygdrive/c/cygwin/nxtOSEK/ecrobot/../ecrobot/libecrobot.a(nxt_avr.oram)
                0x002029fc                nxt_avr_1kHz_update
 .text.buttons_get
                0x00202bc8        0xc /cygdrive/c/cygwin/nxtOSEK/ecrobot/../ecrobot/libecrobot.a(nxt_avr.oram)
                0x00202bc8                buttons_get
 .text.battery_voltage
                0x00202bd4       0x28 /cygdrive/c/cygwin/nxtOSEK/ecrobot/../ecrobot/libecrobot.a(nxt_avr.oram)
                0x00202bd4                battery_voltage
 .text.sensor_adc
                0x00202bfc       0x20 /cygdrive/c/cygwin/nxtOSEK/ecrobot/../ecrobot/libecrobot.a(nxt_avr.oram)
                0x00202bfc                sensor_adc
 .text.nxt_avr_set_motor
                0x00202c1c       0x34 /cygdrive/c/cygwin/nxtOSEK/ecrobot/../ecrobot/libecrobot.a(nxt_avr.oram)
                0x00202c1c                nxt_avr_set_motor
 .text.nxt_avr_set_input_power
                0x00202c50       0x3c /cygdrive/c/cygwin/nxtOSEK/ecrobot/../ecrobot/libecrobot.a(nxt_avr.oram)
                0x00202c50                nxt_avr_set_input_power
 .text.unset_digi0
                0x00202c8c       0x44 /cygdrive/c/cygwin/nxtOSEK/ecrobot/../ecrobot/libecrobot.a(sensors.oram)
                0x00202c8c                unset_digi0
 .text.unset_digi1
                0x00202cd0       0x44 /cygdrive/c/cygwin/nxtOSEK/ecrobot/../ecrobot/libecrobot.a(sensors.oram)
                0x00202cd0                unset_digi1
 .text.init_sensors
                0x00202d14       0x4c /cygdrive/c/cygwin/nxtOSEK/ecrobot/../ecrobot/libecrobot.a(sensors.oram)
                0x00202d14                init_sensors
 .text.sp_set_mode
                0x00202d60       0x88 /cygdrive/c/cygwin/nxtOSEK/ecrobot/../ecrobot/libecrobot.a(sensors1.oram)
                0x00202d60                sp_set_mode
 .text.sp_set   0x00202de8       0x24 /cygdrive/c/cygwin/nxtOSEK/ecrobot/../ecrobot/libecrobot.a(sensors1.oram)
                0x00202de8                sp_set
 .text.sp_read  0x00202e0c       0x20 /cygdrive/c/cygwin/nxtOSEK/ecrobot/../ecrobot/libecrobot.a(sensors1.oram)
                0x00202e0c                sp_read
 .text.sp_get   0x00202e2c       0x20 /cygdrive/c/cygwin/nxtOSEK/ecrobot/../ecrobot/libecrobot.a(sensors1.oram)
                0x00202e2c                sp_get
 .text.sp_set_power
                0x00202e4c        0xc /cygdrive/c/cygwin/nxtOSEK/ecrobot/../ecrobot/libecrobot.a(sensors1.oram)
                0x00202e4c                sp_set_power
 .text.sp_reset
                0x00202e58       0x54 /cygdrive/c/cygwin/nxtOSEK/ecrobot/../ecrobot/libecrobot.a(sensors1.oram)
                0x00202e58                sp_reset
 .text.nxt_lcd_command
                0x00202eac       0x18 /cygdrive/c/cygwin/nxtOSEK/ecrobot/../ecrobot/libecrobot.a(nxt_lcd.oram)
                0x00202eac                nxt_lcd_command
 .text.nxt_lcd_set_col
                0x00202ec4       0x24 /cygdrive/c/cygwin/nxtOSEK/ecrobot/../ecrobot/libecrobot.a(nxt_lcd.oram)
                0x00202ec4                nxt_lcd_set_col
 .text.nxt_lcd_set_multiplex_rate
                0x00202ee8       0x18 /cygdrive/c/cygwin/nxtOSEK/ecrobot/../ecrobot/libecrobot.a(nxt_lcd.oram)
                0x00202ee8                nxt_lcd_set_multiplex_rate
 .text.nxt_lcd_set_page_address
                0x00202f00       0x18 /cygdrive/c/cygwin/nxtOSEK/ecrobot/../ecrobot/libecrobot.a(nxt_lcd.oram)
                0x00202f00                nxt_lcd_set_page_address
 .text.nxt_lcd_set_pot
                0x00202f18       0x1c /cygdrive/c/cygwin/nxtOSEK/ecrobot/../ecrobot/libecrobot.a(nxt_lcd.oram)
                0x00202f18                nxt_lcd_set_pot
 .text.nxt_lcd_set_ram_address_control
                0x00202f34       0x18 /cygdrive/c/cygwin/nxtOSEK/ecrobot/../ecrobot/libecrobot.a(nxt_lcd.oram)
                0x00202f34                nxt_lcd_set_ram_address_control
 .text.nxt_lcd_enable
                0x00202f4c       0x14 /cygdrive/c/cygwin/nxtOSEK/ecrobot/../ecrobot/libecrobot.a(nxt_lcd.oram)
                0x00202f4c                nxt_lcd_enable
 .text.nxt_lcd_set_map_control
                0x00202f60       0x18 /cygdrive/c/cygwin/nxtOSEK/ecrobot/../ecrobot/libecrobot.a(nxt_lcd.oram)
                0x00202f60                nxt_lcd_set_map_control
 .text.nxt_lcd_reset
                0x00202f78        0xc /cygdrive/c/cygwin/nxtOSEK/ecrobot/../ecrobot/libecrobot.a(nxt_lcd.oram)
                0x00202f78                nxt_lcd_reset
 .text.nxt_lcd_set_bias_ratio
                0x00202f84       0x18 /cygdrive/c/cygwin/nxtOSEK/ecrobot/../ecrobot/libecrobot.a(nxt_lcd.oram)
                0x00202f84                nxt_lcd_set_bias_ratio
 .text.nxt_lcd_force_update
                0x00202f9c       0x30 /cygdrive/c/cygwin/nxtOSEK/ecrobot/../ecrobot/libecrobot.a(nxt_lcd.oram)
                0x00202f9c                nxt_lcd_force_update
 .text.nxt_lcd_update
                0x00202fcc        0xc /cygdrive/c/cygwin/nxtOSEK/ecrobot/../ecrobot/libecrobot.a(nxt_lcd.oram)
                0x00202fcc                nxt_lcd_update
 .text.nxt_lcd_power_up
                0x00202fd8       0x48 /cygdrive/c/cygwin/nxtOSEK/ecrobot/../ecrobot/libecrobot.a(nxt_lcd.oram)
                0x00202fd8                nxt_lcd_power_up
 .text.nxt_lcd_power_down
                0x00203020        0xc /cygdrive/c/cygwin/nxtOSEK/ecrobot/../ecrobot/libecrobot.a(nxt_lcd.oram)
                0x00203020                nxt_lcd_power_down
 .text.nxt_lcd_init
                0x0020302c       0x18 /cygdrive/c/cygwin/nxtOSEK/ecrobot/../ecrobot/libecrobot.a(nxt_lcd.oram)
                0x0020302c                nxt_lcd_init
 .text.verify_flash_page
                0x00203044       0x34 /cygdrive/c/cygwin/nxtOSEK/ecrobot/../ecrobot/libecrobot.a(flash_loader.oram)
 .text.set_flash_request
                0x00203078       0x38 /cygdrive/c/cygwin/nxtOSEK/ecrobot/../ecrobot/libecrobot.a(flash_loader.oram)
                0x00203078                set_flash_request
 .text.nxt_device_init
                0x002030b0       0x38 /cygdrive/c/cygwin/nxtOSEK/ecrobot/../ecrobot/libecrobot.a(flash_loader.oram)
                0x002030b0                nxt_device_init
 .text          0x002030e8       0x68 /cygdrive/c/cygwin/nxtOSEK/ecrobot/../ecrobot/libecrobot.a(interrupts.oram)
                0x00203140                fiq_enable
                0x002030e8                interrupts_get_and_disable
                0x0020311c                fiq_get_and_disable
                0x0020310c                interrupts_enable
 .text.flash_write_page
                0x00203150       0xc0 /cygdrive/c/cygwin/nxtOSEK/ecrobot/../ecrobot/libecrobot.a(flashprog.oram)
                0x00203150                flash_write_page
                0x00203210                . = ALIGN (0x10)
 *.oram(*.rodata *.rodata.*)
 .rodata.ld     0x00203210        0x4 /cygdrive/c/cygwin/nxtOSEK/ecrobot/../ecrobot/libecrobot.a(udp.oram)
 .rodata.cfd    0x00203214       0x20 /cygdrive/c/cygwin/nxtOSEK/ecrobot/../ecrobot/libecrobot.a(udp.oram)
 .rodata.dd     0x00203234       0x12 /cygdrive/c/cygwin/nxtOSEK/ecrobot/../ecrobot/libecrobot.a(udp.oram)
 *fill*         0x00203246        0x2 00
 .rodata.str1.4
                0x00203248       0x22 /cygdrive/c/cygwin/nxtOSEK/ecrobot/../ecrobot/libecrobot.a(data_abort.oram)
                                 0x24 (size before relaxing)
 .rodata.font   0x0020326a      0x280 /cygdrive/c/cygwin/nxtOSEK/ecrobot/../ecrobot/libecrobot.a(display.oram)
 *fill*         0x002034ea        0x2 00
 .rodata.str1.4
                0x002034ec       0x76 /cygdrive/c/cygwin/nxtOSEK/ecrobot/../ecrobot/libecrobot.a(display.oram)
                                 0x78 (size before relaxing)
 *fill*         0x00203562        0x2 00
 .rodata.i2c_pin
                0x00203564       0x20 /cygdrive/c/cygwin/nxtOSEK/ecrobot/../ecrobot/libecrobot.a(i2c.oram)
 .rodata.i2c_timer_isr_C
                0x00203584       0x38 /cygdrive/c/cygwin/nxtOSEK/ecrobot/../ecrobot/libecrobot.a(i2c.oram)
 .rodata.silence
                0x002035bc       0x40 /cygdrive/c/cygwin/nxtOSEK/ecrobot/../ecrobot/libecrobot.a(sound.oram)
                0x002035bc                silence
 .rodata.sample_pattern
                0x002035fc       0x84 /cygdrive/c/cygwin/nxtOSEK/ecrobot/../ecrobot/libecrobot.a(sound.oram)
                0x002035fc                sample_pattern
 .rodata        0x00203680        0xc /cygdrive/c/cygwin/nxtOSEK/ecrobot/../ecrobot/libecrobot.a(sound.oram)
 .rodata.avr_brainwash_string
                0x0020368c       0x30 /cygdrive/c/cygwin/nxtOSEK/ecrobot/../ecrobot/libecrobot.a(nxt_avr.oram)
                0x0020368c                avr_brainwash_string
 .rodata.nxt_avr_1kHz_update
                0x002036bc       0x14 /cygdrive/c/cygwin/nxtOSEK/ecrobot/../ecrobot/libecrobot.a(nxt_avr.oram)
 .rodata.C.33.1823
                0x002036d0       0x10 /cygdrive/c/cygwin/nxtOSEK/ecrobot/../ecrobot/libecrobot.a(sensors.oram)
 .rodata.C.37.1857
                0x002036e0       0x10 /cygdrive/c/cygwin/nxtOSEK/ecrobot/../ecrobot/libecrobot.a(sensors.oram)
 .rodata.sensor_pins
                0x002036f0       0x40 /cygdrive/c/cygwin/nxtOSEK/ecrobot/../ecrobot/libecrobot.a(sensors1.oram)
                0x002036f0                sensor_pins
 .rodata.str1.4
                0x00203730       0x23 /cygdrive/c/cygwin/nxtOSEK/ecrobot/../ecrobot/libecrobot.a(flash_loader.oram)
                                 0x24 (size before relaxing)
                0x00203760                . = ALIGN (0x10)
 *fill*         0x00203753        0xd 00
                0x00200300                __ramtext_ram_start__ = ADDR (.ram_text)
                0x00203760                __ramtext_ram_end__ = (ADDR (.ram_text) + SIZEOF (.ram_text))
                0x00200300                __ramtext_load_start__ = LOADADDR (.ram_text)
                0x00203760                __ramtext_load_end__ = (__ramtext_load_start__ + SIZEOF (.ram_text))

.wav_data       0x00203760        0x0
 *.owav(*.data *.data.*)
                0x00203760                . = ALIGN (0x10)

.bmp_data       0x00203760      0x440
 *.obmp(*.data *.data.*)
 .data          0x00203760      0x43e /cygdrive/c/cygwin/nxtOSEK/ecrobot/../ecrobot/libecrobot.a(nxtosek_splash.obmp)
                0x00203760                nxtosek_splash_bmp_start
                0x00203b9e                nxtosek_splash_bmp_end
                0x00203ba0                . = ALIGN (0x10)
 *fill*         0x00203b9e        0x2 00

.spr_data       0x00203ba0        0x0
 *.ospr(*.data *.data.*)
                0x00203ba0                . = ALIGN (0x10)

.data           0x00203ba0       0x60
 *(*.data *.data.*)
 .data.bt_status
                0x00203ba0        0x1 build/ecrobot_bluetooth.o
 *fill*         0x00203ba1        0x3 00
 .data.bt_status.2874
                0x00203ba4        0x4 build/car1.o
 .data.deviceStatus
                0x00203ba8        0x1 /cygdrive/c/cygwin/nxtOSEK/ecrobot/../ecrobot/libecrobot.a(ecrobot_interface.o)
 .data.named    0x00203ba9       0x22 /cygdrive/c/cygwin/nxtOSEK/ecrobot/../ecrobot/libecrobot.a(udp.oram)
 .data.snd      0x00203bcb       0x1a /cygdrive/c/cygwin/nxtOSEK/ecrobot/../ecrobot/libecrobot.a(udp.oram)
 *fill*         0x00203be5        0x3 00
 .data.configured
                0x00203be8        0x4 /cygdrive/c/cygwin/nxtOSEK/ecrobot/../ecrobot/libecrobot.a(udp.oram)
 .data.mode     0x00203bec        0x1 /cygdrive/c/cygwin/nxtOSEK/ecrobot/../ecrobot/libecrobot.a(nxt_spi.oram)
                0x00203bec                mode
 *fill*         0x00203bed        0x3 00
 .bss.data      0x00203bf0        0x4 /cygdrive/c/cygwin/nxtOSEK/ecrobot/../ecrobot/libecrobot.a(nxt_spi.oram)
                0x00203bf0                data
 .data.display_auto_update
                0x00203bf4        0x4 /cygdrive/c/cygwin/nxtOSEK/ecrobot/../ecrobot/libecrobot.a(display.oram)
                0x00203bf4                display_auto_update
 .data.display_buffer
                0x00203bf8        0x4 /cygdrive/c/cygwin/nxtOSEK/ecrobot/../ecrobot/libecrobot.a(display.oram)
                0x00203c00                . = ALIGN (0x10)
 *fill*         0x00203bfc        0x4 00
                0x00203ba0                __data_ram_start__ = ADDR (.data)
                0x00203c00                __data_ram_end__ = (ADDR (.data) + SIZEOF (.data))
                0x00203ba0                __data_load_start__ = LOADADDR (.data)
                0x00203c00                __data_load_end__ = (__data_load_start__ + SIZEOF (.data))

.text           0x00203c00     0x3460
                0x00203c00                . = ALIGN (0x10)
 *(*.text *.text.* *.glue*)
 .text.enqueue_alarm
                0x00203c00       0x90 build/kernel/alarm.o
 .text.alarm_initialize
                0x00203c90       0x98 build/kernel/alarm.o
                0x00203c90                alarm_initialize
 .text.SignalCounter
                0x00203d28      0x134 build/kernel/alarm.o
                0x00203d28                SignalCounter
 .text.SetEvent
                0x00203e5c       0xac build/kernel/event.o
                0x00203e5c                SetEvent
 .text.ClearEvent
                0x00203f08       0x64 build/kernel/event.o
                0x00203f08                ClearEvent
 .text.GetEvent
                0x00203f6c       0x84 build/kernel/event.o
                0x00203f6c                GetEvent
 .text.WaitEvent
                0x00203ff0       0xa8 build/kernel/event.o
                0x00203ff0                WaitEvent
 .text.StartOS  0x00204098       0x58 build/kernel/osctl.o
                0x00204098                StartOS
 .text.ShutdownOS
                0x002040f0       0x4c build/kernel/osctl.o
                0x002040f0                ShutdownOS
 .text.call_pretaskhook
                0x0020413c       0x24 build/kernel/osctl.o
                0x0020413c                call_pretaskhook
 .text.call_errorhook
                0x00204160       0x78 build/kernel/osctl.o
                0x00204160                call_errorhook
 .text.call_posttaskhook
                0x002041d8       0x24 build/kernel/osctl.o
                0x002041d8                call_posttaskhook
 .text.resource_initialize
                0x002041fc       0x2c build/kernel/resource.o
                0x002041fc                resource_initialize
 .text.ReleaseResource
                0x00204228       0xf0 build/kernel/resource.o
                0x00204228                ReleaseResource
 .text.GetResource
                0x00204318       0xe0 build/kernel/resource.o
                0x00204318                GetResource
 .text.search_schedtsk
                0x002043f8       0x94 build/kernel/task.o
                0x002043f8                search_schedtsk
 .text.preempt  0x0020448c       0x4c build/kernel/task.o
                0x0020448c                preempt
 .text.make_runnable
                0x002044d8       0xac build/kernel/task.o
                0x002044d8                make_runnable
 .text.make_active
                0x00204584       0x78 build/kernel/task.o
                0x00204584                make_active
 .text.task_initialize
                0x002045fc       0x90 build/kernel/task.o
                0x002045fc                task_initialize
 .text.ActivateTask
                0x0020468c       0x8c build/kernel/task_manage.o
                0x0020468c                ActivateTask
 .text.TerminateTask
                0x00204718       0x74 build/kernel/task_manage.o
                0x00204718                TerminateTask
 .text.cpu_initialize
                0x0020478c        0x4 build/config/at91sam7s-gnu/cpu_config.o
                0x0020478c                cpu_initialize
 .text.cpu_terminate
                0x00204790        0x4 build/config/at91sam7s-gnu/cpu_config.o
                0x00204790                cpu_terminate
 .text.sys_initialize
                0x00204794        0x4 build/config/at91sam7s-gnu/lego_nxt/sys_config.o
                0x00204794                sys_initialize
 .text.sys_exit
                0x00204798        0x4 build/config/at91sam7s-gnu/lego_nxt/sys_config.o
                0x00204798                sys_exit
 .text._activate_alarm_light_sensor_alarm
                0x0020479c        0xc build/./kernel_cfg.o
 .text._activate_alarm_motor_control_alarm
                0x002047a8        0xc build/./kernel_cfg.o
 .text.object_initialize
                0x002047b4       0x14 build/./kernel_cfg.o
                0x002047b4                object_initialize
 .text.ecrobot_get_bt_status
                0x002047c8       0x10 build/ecrobot_bluetooth.o
                0x002047c8                ecrobot_get_bt_status
 .text.ecrobot_send_bt_packet
                0x002047d8       0x54 build/ecrobot_bluetooth.o
                0x002047d8                ecrobot_send_bt_packet
 .text.ecrobot_read_bt_packet
                0x0020482c       0x4c build/ecrobot_bluetooth.o
                0x0020482c                ecrobot_read_bt_packet
 .text.send_bt_command
                0x00204878       0x40 build/ecrobot_bluetooth.o
 .text.ecrobot_term_bt_connection
                0x002048b8       0x48 build/ecrobot_bluetooth.o
                0x002048b8                ecrobot_term_bt_connection
 .text.read_bt_command
                0x00204900       0x5c build/ecrobot_bluetooth.o
 .text.open_bt_stream
                0x0020495c       0x50 build/ecrobot_bluetooth.o
 .text.ecrobot_init_bt_master
                0x002049ac      0x108 build/ecrobot_bluetooth.o
                0x002049ac                ecrobot_init_bt_master
 .text.init_OS_flag
                0x00204ab4        0xc build/ecrobot_base.o
                0x00204ab4                init_OS_flag
 .text.set_OS_flag
                0x00204ac0        0xc build/ecrobot_base.o
                0x00204ac0                set_OS_flag
 .text.get_OS_flag
                0x00204acc        0xc build/ecrobot_base.o
                0x00204acc                get_OS_flag
 .text.cpp_constructor
                0x00204ad8       0x28 build/ecrobot_base.o
                0x00204ad8                cpp_constructor
 .text.cpp_destructor
                0x00204b00       0x28 build/ecrobot_base.o
                0x00204b00                cpp_destructor
 .text.execution_mode
                0x00204b28       0x24 build/ecrobot_base.o
                0x00204b28                execution_mode
 .text.show_main_screen
                0x00204b4c       0x48 build/ecrobot_base.o
                0x00204b4c                show_main_screen
 .text.display_status_bar
                0x00204b94       0x5c build/ecrobot_base.o
                0x00204b94                display_status_bar
 .text.restart_NXT
                0x00204bf0       0x2c build/ecrobot_base.o
                0x00204bf0                restart_NXT
 .text.shutdown_NXT
                0x00204c1c       0x2c build/ecrobot_base.o
                0x00204c1c                shutdown_NXT
 .text.check_NXT_buttons
                0x00204c48       0x38 build/ecrobot_base.o
                0x00204c48                check_NXT_buttons
 .text.add_status_info
                0x00204c80       0x68 build/ecrobot_base.o
                0x00204c80                add_status_info
 .text.show_splash_screen
                0x00204ce8       0x90 build/ecrobot_base.o
                0x00204ce8                show_splash_screen
 .text.main     0x00204d78      0x10c build/ecrobot.o
                0x00204d78                main
 .text.ecrobot_device_initialize
                0x00204e84       0x30 build/car1.o
                0x00204e84                ecrobot_device_initialize
 .text.ecrobot_device_terminate
                0x00204eb4       0x2c build/car1.o
                0x00204eb4                ecrobot_device_terminate
 .text.user_1ms_isr_type2
                0x00204ee0       0x1c build/car1.o
                0x00204ee0                user_1ms_isr_type2
 .text.TaskMainStarterTask
                0x00204efc       0xa4 build/car1.o
                0x00204efc                TaskMainStarterTask
 .text.TaskMainCalibrateSensorsTask
                0x00204fa0      0x150 build/car1.o
                0x00204fa0                TaskMainCalibrateSensorsTask
 .text.TaskMainGetCurrentLightSensor
                0x002050f0       0x34 build/car1.o
                0x002050f0                TaskMainGetCurrentLightSensor
 .text.TaskMainMotorControlTask
                0x00205124      0x1b0 build/car1.o
                0x00205124                TaskMainMotorControlTask
 .text.TaskMainIdleTask
                0x002052d4       0x98 build/car1.o
                0x002052d4                TaskMainIdleTask
 .text.ecrobot_get_touch_sensor
                0x0020536c       0x20 /cygdrive/c/cygwin/nxtOSEK/ecrobot/../ecrobot/libecrobot.a(ecrobot_interface.o)
                0x0020536c                ecrobot_get_touch_sensor
 .text.ecrobot_process_bg_nxtcolorsensor
                0x0020538c       0x98 /cygdrive/c/cygwin/nxtOSEK/ecrobot/../ecrobot/libecrobot.a(ecrobot_interface.o)
                0x0020538c                ecrobot_process_bg_nxtcolorsensor
 .text.ecrobot_set_nxtcolorsensor
                0x00205424       0x44 /cygdrive/c/cygwin/nxtOSEK/ecrobot/../ecrobot/libecrobot.a(ecrobot_interface.o)
                0x00205424                ecrobot_set_nxtcolorsensor
 .text.ecrobot_init_nxtcolorsensor
                0x00205468       0x30 /cygdrive/c/cygwin/nxtOSEK/ecrobot/../ecrobot/libecrobot.a(ecrobot_interface.o)
                0x00205468                ecrobot_init_nxtcolorsensor
 .text.ecrobot_get_nxtcolorsensor_light
                0x00205498       0x10 /cygdrive/c/cygwin/nxtOSEK/ecrobot/../ecrobot/libecrobot.a(ecrobot_interface.o)
                0x00205498                ecrobot_get_nxtcolorsensor_light
 .text.ecrobot_term_nxtcolorsensor
                0x002054a8       0x10 /cygdrive/c/cygwin/nxtOSEK/ecrobot/../ecrobot/libecrobot.a(ecrobot_interface.o)
                0x002054a8                ecrobot_term_nxtcolorsensor
 .text.ecrobot_get_battery_voltage
                0x002054b8        0xc /cygdrive/c/cygwin/nxtOSEK/ecrobot/../ecrobot/libecrobot.a(ecrobot_interface.o)
                0x002054b8                ecrobot_get_battery_voltage
 .text.ecrobot_get_button_state
                0x002054c4        0xc /cygdrive/c/cygwin/nxtOSEK/ecrobot/../ecrobot/libecrobot.a(ecrobot_interface.o)
                0x002054c4                ecrobot_get_button_state
 .text.ecrobot_init_nxtstate
                0x002054d0       0x28 /cygdrive/c/cygwin/nxtOSEK/ecrobot/../ecrobot/libecrobot.a(ecrobot_interface.o)
                0x002054d0                ecrobot_init_nxtstate
 .text.ecrobot_poll_nxtstate
                0x002054f8       0x64 /cygdrive/c/cygwin/nxtOSEK/ecrobot/../ecrobot/libecrobot.a(ecrobot_interface.o)
                0x002054f8                ecrobot_poll_nxtstate
 .text.ecrobot_setDeviceInitialized
                0x0020555c       0x18 /cygdrive/c/cygwin/nxtOSEK/ecrobot/../ecrobot/libecrobot.a(ecrobot_interface.o)
                0x0020555c                ecrobot_setDeviceInitialized
 .text.ecrobot_initDeviceStatus
                0x00205574        0xc /cygdrive/c/cygwin/nxtOSEK/ecrobot/../ecrobot/libecrobot.a(ecrobot_interface.o)
                0x00205574                ecrobot_initDeviceStatus
 .text.ecrobot_bmp2lcd
                0x00205580      0x1c8 /cygdrive/c/cygwin/nxtOSEK/ecrobot/../ecrobot/libecrobot.a(ecrobot_interface.o)
                0x00205580                ecrobot_bmp2lcd
 .text.colorsensor_recv
                0x00205748       0x68 /cygdrive/c/cygwin/nxtOSEK/ecrobot/../ecrobot/libecrobot.a(colorsensor.o)
 .text.colorsensor_init
                0x002057b0      0x108 /cygdrive/c/cygwin/nxtOSEK/ecrobot/../ecrobot/libecrobot.a(colorsensor.o)
                0x002057b0                colorsensor_init
 .text.colorsensor_term
                0x002058b8       0x6c /cygdrive/c/cygwin/nxtOSEK/ecrobot/../ecrobot/libecrobot.a(colorsensor.o)
                0x002058b8                colorsensor_term
 .text.colorsensor_light_get
                0x00205924       0x44 /cygdrive/c/cygwin/nxtOSEK/ecrobot/../ecrobot/libecrobot.a(colorsensor.o)
                0x00205924                colorsensor_light_get
 .text.colorsensor_light_full
                0x00205968       0xac /cygdrive/c/cygwin/nxtOSEK/ecrobot/../ecrobot/libecrobot.a(colorsensor.o)
                0x00205968                colorsensor_light_full
 .text.colorsensor_rgb_get
                0x00205a14       0x14 /cygdrive/c/cygwin/nxtOSEK/ecrobot/../ecrobot/libecrobot.a(colorsensor.o)
                0x00205a14                colorsensor_rgb_get
 .text.colorsensor_color_get
                0x00205a28       0xfc /cygdrive/c/cygwin/nxtOSEK/ecrobot/../ecrobot/libecrobot.a(colorsensor.o)
                0x00205a28                colorsensor_color_get
 .text.StartupHook
                0x00205b24        0x4 /cygdrive/c/cygwin/nxtOSEK/ecrobot/../ecrobot/libecrobot.a(osek_hook.o)
                0x00205b24                StartupHook
 .text.PreTaskHook
                0x00205b28        0x4 /cygdrive/c/cygwin/nxtOSEK/ecrobot/../ecrobot/libecrobot.a(osek_hook.o)
                0x00205b28                PreTaskHook
 .text.PostTaskHook
                0x00205b2c        0x4 /cygdrive/c/cygwin/nxtOSEK/ecrobot/../ecrobot/libecrobot.a(osek_hook.o)
                0x00205b2c                PostTaskHook
 .text.ErrorHook
                0x00205b30        0x4 /cygdrive/c/cygwin/nxtOSEK/ecrobot/../ecrobot/libecrobot.a(osek_hook.o)
                0x00205b30                ErrorHook
 .text.ShutdownHook
                0x00205b34        0x4 /cygdrive/c/cygwin/nxtOSEK/ecrobot/../ecrobot/libecrobot.a(osek_hook.o)
                0x00205b34                ShutdownHook
 .text          0x00205b38       0x8c /cygdrive/C/cygwin/GNUARM/bin/../lib/gcc/arm-elf/4.0.2/thumb/interwork/libgcc.a(_udivsi3.o)
                0x00205b38                __udivsi3
                0x00205bb4                __aeabi_uidivmod
 .text          0x00205bc4       0xc8 /cygdrive/C/cygwin/GNUARM/bin/../lib/gcc/arm-elf/4.0.2/thumb/interwork/libgcc.a(_umodsi3.o)
                0x00205bc4                __umodsi3
 .text          0x00205c8c        0x4 /cygdrive/C/cygwin/GNUARM/bin/../lib/gcc/arm-elf/4.0.2/thumb/interwork/libgcc.a(_dvmd_tls.o)
                0x00205c8c                __aeabi_ldiv0
                0x00205c8c                __div0
                0x00205c8c                __aeabi_idiv0
 .text          0x00205c90      0x430 /cygdrive/C/cygwin/GNUARM/bin/../lib/gcc/arm-elf/4.0.2/thumb/interwork/libgcc.a(_addsubdf3.o)
                0x00206054                __floatdidf
                0x00205fd4                __floatsidf
                0x00205fac                __aeabi_ui2d
                0x00205c90                __aeabi_drsub
                0x00206000                __extendsfdf2
                0x00205c9c                __adddf3
                0x00205fac                __floatunsidf
                0x00205c9c                __aeabi_dadd
                0x00206040                __aeabi_ul2d
                0x00205c98                __aeabi_dsub
                0x00206040                __floatundidf
                0x00205fd4                __aeabi_i2d
                0x00206054                __aeabi_l2d
                0x00206000                __aeabi_f2d
                0x00205c98                __subdf3
 .text          0x002060c0      0x49c /cygdrive/C/cygwin/GNUARM/bin/../lib/gcc/arm-elf/4.0.2/thumb/interwork/libgcc.a(_muldivdf3.o)
                0x00206350                __aeabi_ddiv
                0x002060c0                __aeabi_dmul
                0x00206350                __divdf3
                0x002060c0                __muldf3
 .text          0x0020655c      0x140 /cygdrive/C/cygwin/GNUARM/bin/../lib/gcc/arm-elf/4.0.2/thumb/interwork/libgcc.a(_cmpdf2.o)
                0x00206654                __aeabi_dcmple
                0x0020656c                __cmpdf2
                0x0020656c                __eqdf2
                0x0020655c                __gtdf2
                0x0020660c                __aeabi_cdcmple
                0x002065f0                __aeabi_cdrcmple
                0x00206564                __ltdf2
                0x0020663c                __aeabi_dcmplt
                0x00206564                __ledf2
                0x00206684                __aeabi_dcmpgt
                0x0020666c                __aeabi_dcmpge
                0x0020656c                __nedf2
                0x00206624                __aeabi_dcmpeq
                0x0020660c                __aeabi_cdcmpeq
                0x0020655c                __gedf2
 .text          0x0020669c      0x2ac /cygdrive/C/cygwin/GNUARM/bin/../lib/gcc/arm-elf/4.0.2/thumb/interwork/libgcc.a(_addsubsf3.o)
                0x002066a8                __aeabi_fadd
                0x002066a4                __subsf3
                0x0020686c                __aeabi_i2f
                0x002066a4                __aeabi_fsub
                0x0020689c                __floatdisf
                0x0020686c                __floatsisf
                0x0020688c                __floatundisf
                0x00206864                __aeabi_ui2f
                0x0020689c                __aeabi_l2f
                0x0020688c                __aeabi_ul2f
                0x0020669c                __aeabi_frsub
                0x00206864                __floatunsisf
                0x002066a8                __addsf3
 .text          0x00206948      0x2f8 /cygdrive/C/cygwin/GNUARM/bin/../lib/gcc/arm-elf/4.0.2/thumb/interwork/libgcc.a(_muldivsf3.o)
                0x00206ae0                __divsf3
                0x00206ae0                __aeabi_fdiv
                0x00206948                __mulsf3
                0x00206948                __aeabi_fmul
 .text          0x00206c40       0x5c /cygdrive/C/cygwin/GNUARM/bin/../lib/gcc/arm-elf/4.0.2/thumb/interwork/libgcc.a(_fixsfsi.o)
                0x00206c40                __fixsfsi
                0x00206c40                __aeabi_f2iz
 .text          0x00206c9c       0x68 /cygdrive/C/cygwin/GNUARM/bin/../lib/gcc/arm-elf/4.0.2/../../../../arm-elf/lib/thumb/interwork/libc.a(memcpy.o)
                0x00206c9c                memcpy
 .text          0x00206d04       0x68 /cygdrive/C/cygwin/GNUARM/bin/../lib/gcc/arm-elf/4.0.2/../../../../arm-elf/lib/thumb/interwork/libc.a(memset.o)
                0x00206d04                memset
 .text          0x00206d6c       0x60 /cygdrive/C/cygwin/GNUARM/bin/../lib/gcc/arm-elf/4.0.2/../../../../arm-elf/lib/thumb/interwork/libc.a(strcpy.o)
                0x00206d6c                strcpy
 .text          0x00206dcc       0x48 /cygdrive/C/cygwin/GNUARM/bin/../lib/gcc/arm-elf/4.0.2/../../../../arm-elf/lib/thumb/interwork/libc.a(strlen.o)
                0x00206dcc                strlen
 .glue_7        0x00206e14       0x30 /cygdrive/C/cygwin/GNUARM/bin/../lib/gcc/arm-elf/4.0.2/../../../../arm-elf/lib/thumb/interwork/libc.a(strncpy.o)
                0x00206e2c                __call_posttaskhook_from_arm
                0x00206e15                __ecrobot_debug1_from_arm
                0x00206e21                __ecrobot_debug2_from_arm
                0x00206e38                __call_pretaskhook_from_arm
 .glue_7t       0x00206e44       0x78 /cygdrive/C/cygwin/GNUARM/bin/../lib/gcc/arm-elf/4.0.2/../../../../arm-elf/lib/thumb/interwork/libc.a(strncpy.o)
                0x00206e70                __start_change_to_arm
                0x00206ea4                __interrupts_get_and_disable_from_thumb
                0x00206e9c                ____gtdf2_from_thumb
                0x00206e64                __exit_and_dispatch_from_thumb
                0x00206e88                ____fixsfsi_change_to_arm
                0x00206e84                ____fixsfsi_from_thumb
                0x00206e74                ____floatsisf_from_thumb
                0x00206e68                __exit_and_dispatch_change_to_arm
                0x00206e44                __disable_int_from_thumb
                0x00206e5c                __start_dispatch_from_thumb
                0x00206e6c                __start_from_thumb
                0x00206e98                ____muldf3_change_to_arm
                0x00206e4c                __enable_int_from_thumb
                0x00206e54                __dispatch_from_thumb
                0x00206eb0                __interrupts_enable_change_to_arm
                0x00206ea8                __interrupts_get_and_disable_change_to_arm
                0x00206e58                __dispatch_change_to_arm
                0x00206e80                ____mulsf3_change_to_arm
                0x00206ea0                ____gtdf2_change_to_arm
                0x00206e8c                ____floatsidf_from_thumb
                0x00206e78                ____floatsisf_change_to_arm
                0x00206eb5                __display_bios_status_from_thumb
                0x00206e48                __disable_int_change_to_arm
                0x00206e7c                ____mulsf3_from_thumb
                0x00206e94                ____muldf3_from_thumb
                0x00206e50                __enable_int_change_to_arm
                0x00206e90                ____floatsidf_change_to_arm
                0x00206eac                __interrupts_enable_from_thumb
                0x00206eb8                __display_bios_status_change_to_arm
                0x00206e60                __start_dispatch_change_to_arm
                0x00206ec0                . = ALIGN (0x10)
 *fill*         0x00206ebc        0x4 00
 *(*.rodata *.rodata.*)
 .rodata.search_table.966
                0x00206ec0        0xf build/kernel/task.o
 .rodata.isrinib_intpri
                0x00206ecf        0x1 build/./kernel_cfg.o
                0x00206ecf                isrinib_intpri
 .rodata.ReadyEvent
                0x00206ed0        0x4 build/./kernel_cfg.o
                0x00206ed0                ReadyEvent
 .rodata.TouchWhiteEvent
                0x00206ed4        0x4 build/./kernel_cfg.o
                0x00206ed4                TouchWhiteEvent
 .rodata.TouchBlackEvent
                0x00206ed8        0x4 build/./kernel_cfg.o
                0x00206ed8                TouchBlackEvent
 .rodata.resinib_ceilpri
                0x00206edc        0x1 build/./kernel_cfg.o
                0x00206edc                resinib_ceilpri
 .rodata.LightSensor
                0x00206edd        0x1 build/./kernel_cfg.o
                0x00206edd                LightSensor
 *fill*         0x00206ede        0x2 00
 .rodata.alminib_cycle
                0x00206ee0        0x8 build/./kernel_cfg.o
                0x00206ee0                alminib_cycle
 .rodata.alminib_almval
                0x00206ee8        0x8 build/./kernel_cfg.o
                0x00206ee8                alminib_almval
 .rodata.alminib_autosta
                0x00206ef0        0x2 build/./kernel_cfg.o
                0x00206ef0                alminib_autosta
 *fill*         0x00206ef2        0x2 00
 .rodata.alminib_cback
                0x00206ef4        0x8 build/./kernel_cfg.o
                0x00206ef4                alminib_cback
 .rodata.alminib_cntid
                0x00206efc        0x2 build/./kernel_cfg.o
                0x00206efc                alminib_cntid
 *fill*         0x00206efe        0x2 00
 .rodata.cntinib_tickbase
                0x00206f00        0x4 build/./kernel_cfg.o
                0x00206f00                cntinib_tickbase
 .rodata.cntinib_maxval2
                0x00206f04        0x4 build/./kernel_cfg.o
                0x00206f04                cntinib_maxval2
 .rodata.cntinib_maxval
                0x00206f08        0x4 build/./kernel_cfg.o
                0x00206f08                cntinib_maxval
 .rodata.TimerCounter
                0x00206f0c        0x1 build/./kernel_cfg.o
                0x00206f0c                TimerCounter
 *fill*         0x00206f0d        0x1 00
 .rodata.tinib_stksz
                0x00206f0e        0xa build/./kernel_cfg.o
                0x00206f0e                tinib_stksz
 .rodata.tinib_stk
                0x00206f18       0x14 build/./kernel_cfg.o
                0x00206f18                tinib_stk
 .rodata.tinib_task
                0x00206f2c       0x14 build/./kernel_cfg.o
                0x00206f2c                tinib_task
 .rodata.tinib_autoact
                0x00206f40        0x5 build/./kernel_cfg.o
                0x00206f40                tinib_autoact
 .rodata.tinib_maxact
                0x00206f45        0x5 build/./kernel_cfg.o
                0x00206f45                tinib_maxact
 .rodata.tinib_exepri
                0x00206f4a        0x5 build/./kernel_cfg.o
                0x00206f4a                tinib_exepri
 .rodata.tinib_inipri
                0x00206f4f        0x5 build/./kernel_cfg.o
                0x00206f4f                tinib_inipri
 .rodata.MotorControlTask
                0x00206f54        0x1 build/./kernel_cfg.o
                0x00206f54                MotorControlTask
 .rodata.CalibrateSensorsTask
                0x00206f55        0x1 build/./kernel_cfg.o
                0x00206f55                CalibrateSensorsTask
 .rodata.tnum_exttask
                0x00206f56        0x1 build/./kernel_cfg.o
                0x00206f56                tnum_exttask
 .rodata.tnum_task
                0x00206f57        0x1 build/./kernel_cfg.o
                0x00206f57                tnum_task
 .rodata.tnum_resource
                0x00206f58        0x1 build/./kernel_cfg.o
                0x00206f58                tnum_resource
 .rodata.tnum_counter
                0x00206f59        0x1 build/./kernel_cfg.o
                0x00206f59                tnum_counter
 .rodata.tnum_alarm
                0x00206f5a        0x1 build/./kernel_cfg.o
                0x00206f5a                tnum_alarm
 *fill*         0x00206f5b        0x1 00
 .rodata.exec_addr
                0x00206f5c        0x4 build/ecrobot_base.o
                0x00206f5c                exec_addr
 .rodata.str1.4
                0x00206f60       0x80 build/ecrobot_base.o
 .rodata.bluetooth_slave_address
                0x00206fe0        0x7 build/car1.o
                0x00206fe0                bluetooth_slave_address
 *fill*         0x00206fe7        0x1 00
 .rodata.str1.4
                0x00206fe8       0x6a build/car1.o
                                 0x74 (size before relaxing)
 .rodata.NXT_COLORSENSOR_PROTOCOLS
                0x00207052        0x7 /cygdrive/c/cygwin/nxtOSEK/ecrobot/../ecrobot/libecrobot.a(ecrobot_interface.o)
                0x00207052                NXT_COLORSENSOR_PROTOCOLS
                0x00207060                . = ALIGN (0x10)
 *fill*         0x00207059        0x7 00
 *(*.gnu.linkonce.* .gcc_except_table)
                0x00207060                . = ALIGN (0x10)

.tors           0x00207060        0x0
                0x00207060                . = ALIGN (0x10)
                0x00207060                __ctor_begin = .
 *(*.ctors*)
                0x00207060                __ctor_end = .
                0x00207060                . = ALIGN (0x10)
                0x00207060                __dtor_begin = .
 *(*.dtors*)
                0x00207060                __dtor_end = .
                0x00207060                . = ALIGN (0x10)

.bss            0x00207060     0x1c34
 *(*.bss *.bss.*)
 .bss.ready_primap
                0x00207060        0x2 build/kernel/task.o
 .bss.ready_queue_last
                0x00207062       0x10 build/kernel/task.o
 .bss.ready_queue_first
                0x00207072       0x10 build/kernel/task.o
 *fill*         0x00207082        0x2 00
 .bss._stack_GetCurrentLightSensor
                0x00207084      0x200 build/./kernel_cfg.o
 .bss._stack_IdleTask
                0x00207284      0x200 build/./kernel_cfg.o
 .bss._stack_StarterTask
                0x00207484      0x200 build/./kernel_cfg.o
 .bss._stack_MotorControlTask
                0x00207684      0x200 build/./kernel_cfg.o
 .bss._stack_CalibrateSensorsTask
                0x00207884      0x200 build/./kernel_cfg.o
 .bss.receiveBuf
                0x00207a84       0x80 build/ecrobot_bluetooth.o
 .bss.sendBuf   0x00207b04      0x100 build/ecrobot_bluetooth.o
 .bss.handle    0x00207c04        0x1 build/ecrobot_bluetooth.o
 *fill*         0x00207c05        0x3 00
 .bss.status_bar_position
                0x00207c08        0x4 build/ecrobot_base.o
 .bss.last_act_time.2753
                0x00207c0c        0x4 build/ecrobot_base.o
 .bss.lcd.2682  0x00207c10      0x320 build/ecrobot_base.o
 .bss.OS_flag   0x00207f30        0x4 build/ecrobot_base.o
 .bss.status_bar
                0x00207f34       0x10 build/ecrobot_base.o
 .bss.iPreviousError.2854
                0x00207f44        0x4 build/car1.o
 .bss.buttons_i
                0x00207f48        0x4 /cygdrive/c/cygwin/nxtOSEK/ecrobot/../ecrobot/libecrobot.a(ecrobot_interface.o)
 .bss.buttons_states
                0x00207f4c       0x14 /cygdrive/c/cygwin/nxtOSEK/ecrobot/../ecrobot/libecrobot.a(ecrobot_interface.o)
 .bss.ecrobot_inputs
                0x00207f60        0x8 /cygdrive/c/cygwin/nxtOSEK/ecrobot/../ecrobot/libecrobot.a(ecrobot_interface.o)
 .bss.sensor_data
                0x00207f68       0x40 /cygdrive/c/cygwin/nxtOSEK/ecrobot/../ecrobot/libecrobot.a(ecrobot_interface.o)
 .bss.rgb_buf   0x00207fa8        0xc /cygdrive/c/cygwin/nxtOSEK/ecrobot/../ecrobot/libecrobot.a(colorsensor.o)
 .bss.systick_ms
                0x00207fb4        0x4 /cygdrive/c/cygwin/nxtOSEK/ecrobot/../ecrobot/libecrobot.a(systick.oram)
 .bss.delayedEnable
                0x00207fb8        0x1 /cygdrive/c/cygwin/nxtOSEK/ecrobot/../ecrobot/libecrobot.a(udp.oram)
 *fill*         0x00207fb9        0x3 00
 .bss.outCnt    0x00207fbc        0x4 /cygdrive/c/cygwin/nxtOSEK/ecrobot/../ecrobot/libecrobot.a(udp.oram)
 .bss.outPtr    0x00207fc0        0x4 /cygdrive/c/cygwin/nxtOSEK/ecrobot/../ecrobot/libecrobot.a(udp.oram)
 .bss.newAddress
                0x00207fc4        0x4 /cygdrive/c/cygwin/nxtOSEK/ecrobot/../ecrobot/libecrobot.a(udp.oram)
 .bss.currentRxBank
                0x00207fc8        0x4 /cygdrive/c/cygwin/nxtOSEK/ecrobot/../ecrobot/libecrobot.a(udp.oram)
 .bss.currentFeatures
                0x00207fcc        0x4 /cygdrive/c/cygwin/nxtOSEK/ecrobot/../ecrobot/libecrobot.a(udp.oram)
 .bss.currentConfig
                0x00207fd0        0x1 /cygdrive/c/cygwin/nxtOSEK/ecrobot/../ecrobot/libecrobot.a(udp.oram)
 *fill*         0x00207fd1        0x3 00
 .bss.twi_mask  0x00207fd4        0x4 /cygdrive/c/cygwin/nxtOSEK/ecrobot/../ecrobot/libecrobot.a(twi.oram)
 .bss.twi_ptr   0x00207fd8        0x4 /cygdrive/c/cygwin/nxtOSEK/ecrobot/../ecrobot/libecrobot.a(twi.oram)
 .bss.twi_pending
                0x00207fdc        0x4 /cygdrive/c/cygwin/nxtOSEK/ecrobot/../ecrobot/libecrobot.a(twi.oram)
 .bss.twi_state
                0x00207fe0        0x4 /cygdrive/c/cygwin/nxtOSEK/ecrobot/../ecrobot/libecrobot.a(twi.oram)
 .bss.page      0x00207fe4        0x1 /cygdrive/c/cygwin/nxtOSEK/ecrobot/../ecrobot/libecrobot.a(nxt_spi.oram)
                0x00207fe4                page
 .bss.dirty     0x00207fe5        0x1 /cygdrive/c/cygwin/nxtOSEK/ecrobot/../ecrobot/libecrobot.a(nxt_spi.oram)
                0x00207fe5                dirty
 *fill*         0x00207fe6        0x2 00
 .bss.display   0x00207fe8        0x4 /cygdrive/c/cygwin/nxtOSEK/ecrobot/../ecrobot/libecrobot.a(nxt_spi.oram)
                0x00207fe8                display
 .bss.interrupts_this_period
                0x00207fec        0x4 /cygdrive/c/cygwin/nxtOSEK/ecrobot/../ecrobot/libecrobot.a(nxt_motors.oram)
 .bss.nxt_motor_initialised
                0x00207ff0        0x4 /cygdrive/c/cygwin/nxtOSEK/ecrobot/../ecrobot/libecrobot.a(nxt_motors.oram)
 .bss.motor     0x00207ff4       0x30 /cygdrive/c/cygwin/nxtOSEK/ecrobot/../ecrobot/libecrobot.a(nxt_motors.oram)
 .bss.display_tick
                0x00208024        0x4 /cygdrive/c/cygwin/nxtOSEK/ecrobot/../ecrobot/libecrobot.a(display.oram)
                0x00208024                display_tick
 .bss.display_array
                0x00208028      0x388 /cygdrive/c/cygwin/nxtOSEK/ecrobot/../ecrobot/libecrobot.a(display.oram)
 .bss.i2c_int_count
                0x002083b0        0x4 /cygdrive/c/cygwin/nxtOSEK/ecrobot/../ecrobot/libecrobot.a(i2c.oram)
 .bss.i2c_port  0x002083b4      0x170 /cygdrive/c/cygwin/nxtOSEK/ecrobot/../ecrobot/libecrobot.a(i2c.oram)
 .bss.sound_mode
                0x00208524        0x1 /cygdrive/c/cygwin/nxtOSEK/ecrobot/../ecrobot/libecrobot.a(sound.oram)
                0x00208524                sound_mode
 *fill*         0x00208525        0x3 00
 .bss.in_buf_idx
                0x00208528        0x4 /cygdrive/c/cygwin/nxtOSEK/ecrobot/../ecrobot/libecrobot.a(bt.oram)
 .bss.buf_ptr   0x0020852c        0x4 /cygdrive/c/cygwin/nxtOSEK/ecrobot/../ecrobot/libecrobot.a(bt.oram)
 .bss.out_buf   0x00208530      0x200 /cygdrive/c/cygwin/nxtOSEK/ecrobot/../ecrobot/libecrobot.a(bt.oram)
 .bss.out_buf_ptr
                0x00208730        0x1 /cygdrive/c/cygwin/nxtOSEK/ecrobot/../ecrobot/libecrobot.a(bt.oram)
 .bss.in_buf_in_ptr
                0x00208731        0x1 /cygdrive/c/cygwin/nxtOSEK/ecrobot/../ecrobot/libecrobot.a(bt.oram)
 .bss.in_buf    0x00208732      0x100 /cygdrive/c/cygwin/nxtOSEK/ecrobot/../ecrobot/libecrobot.a(bt.oram)
 *fill*         0x00208832        0x2 00
 .bss.link_state
                0x00208834        0x4 /cygdrive/c/cygwin/nxtOSEK/ecrobot/../ecrobot/libecrobot.a(nxt_avr.oram)
 .bss.update_count
                0x00208838        0x4 /cygdrive/c/cygwin/nxtOSEK/ecrobot/../ecrobot/libecrobot.a(nxt_avr.oram)
 .bss.nxt_avr_stats
                0x0020883c       0x14 /cygdrive/c/cygwin/nxtOSEK/ecrobot/../ecrobot/libecrobot.a(nxt_avr.oram)
 .bss.debounce_cnt
                0x00208850        0x2 /cygdrive/c/cygwin/nxtOSEK/ecrobot/../ecrobot/libecrobot.a(nxt_avr.oram)
 .bss.debounce_state
                0x00208852        0x2 /cygdrive/c/cygwin/nxtOSEK/ecrobot/../ecrobot/libecrobot.a(nxt_avr.oram)
 .bss.button_state
                0x00208854        0x2 /cygdrive/c/cygwin/nxtOSEK/ecrobot/../ecrobot/libecrobot.a(nxt_avr.oram)
 .bss.prev_buttons
                0x00208856        0x2 /cygdrive/c/cygwin/nxtOSEK/ecrobot/../ecrobot/libecrobot.a(nxt_avr.oram)
 .bss.from_buf  0x00208858        0x4 /cygdrive/c/cygwin/nxtOSEK/ecrobot/../ecrobot/libecrobot.a(nxt_avr.oram)
 .bss.io_from_avr
                0x0020885c        0x4 /cygdrive/c/cygwin/nxtOSEK/ecrobot/../ecrobot/libecrobot.a(nxt_avr.oram)
 .bss.data_from_avr
                0x00208860       0x1a /cygdrive/c/cygwin/nxtOSEK/ecrobot/../ecrobot/libecrobot.a(nxt_avr.oram)
 .bss.data_to_avr
                0x0020887a        0x9 /cygdrive/c/cygwin/nxtOSEK/ecrobot/../ecrobot/libecrobot.a(nxt_avr.oram)
 .bss.io_to_avr
                0x00208883        0x8 /cygdrive/c/cygwin/nxtOSEK/ecrobot/../ecrobot/libecrobot.a(nxt_avr.oram)
 *fill*         0x0020888b        0x1 00
 .bss.display   0x0020888c        0x4 /cygdrive/c/cygwin/nxtOSEK/ecrobot/../ecrobot/libecrobot.a(nxt_lcd.oram)
                0x00208890                . = ALIGN (0x10)
                0x00208890                __bss_end__ = .
 COMMON         0x00208890        0x2 build/kernel/interrupt.o
                0x00208890                runisr
                0x00208891                sus_all_cnt
 *fill*         0x00208892        0x2 00
 COMMON         0x00208894       0x10 build/kernel/osctl.o
                0x00208894                callevel
                0x00208895                _errorhook_svcid
                0x00208896                appmode
                0x00208898                _errorhook_par1
                0x0020889c                _errorhook_par3
                0x002088a0                _errorhook_par2
 COMMON         0x002088a4        0x3 build/kernel/task.o
                0x002088a4                runtsk
                0x002088a5                schedtsk
                0x002088a6                nextpri
 *fill*         0x002088a7        0x1 00
 COMMON         0x002088a8       0x70 build/./kernel_cfg.o
                0x002088a8                tcb_waievt
                0x002088b0                rescb_prevpri
                0x002088b1                almcb_prev
                0x002088b3                tcb_lastres
                0x002088b8                almcb_almval
                0x002088c0                tcxb_pc
                0x002088d4                tcb_next
                0x002088d9                tcb_curpri
                0x002088de                tcb_tstat
                0x002088e3                isrcb_lastres
                0x002088e4                cntcb_almque
                0x002088e5                rescb_prevres
                0x002088e6                tcb_actcnt
                0x002088ec                tcb_curevt
                0x002088f4                almcb_cycle
                0x002088fc                tcxb_sp
                0x00208910                almcb_next
                0x00208914                cntcb_curval
 COMMON         0x00208918        0x8 build/car1.o
                0x00208918                sLightResource
 COMMON         0x00208920       0x44 /cygdrive/c/cygwin/nxtOSEK/ecrobot/../ecrobot/libecrobot.a(uart.oram)
                0x00208920                uart
 COMMON         0x00208964        0x4 /cygdrive/c/cygwin/nxtOSEK/ecrobot/../ecrobot/libecrobot.a(data_abort.oram)
                0x00208964                data_abort_pc
 COMMON         0x00208968        0x8 /cygdrive/c/cygwin/nxtOSEK/ecrobot/../ecrobot/libecrobot.a(display.oram)
                0x00208968                display_x
                0x0020896c                display_y
 COMMON         0x00208970      0x324 /cygdrive/c/cygwin/nxtOSEK/ecrobot/../ecrobot/libecrobot.a(sound.oram)
                0x00208970                sample
                0x00207060                __bss_start__ = ADDR (.bss)
                0x00208c94                __bss_end__ = (ADDR (.bss) + SIZEOF (.bss))
                0x00208c94                PROVIDE (end, .)

.heap_area      0x00208c94     0x6ee4
                0x0020fb78                . = (. + (0x20fb78 - end))
 *fill*         0x00208c94     0x6ee4 00

.stack          0x0020fb78      0x488
                0x0020fbf8                . = (. + 0x80)
 *fill*         0x0020fb78       0x80 00
                0x0020fc00                . = ALIGN (0x10)
 *fill*         0x0020fbf8        0x8 00
                0x0020fc00                __irq_stack__ = .
                0x0020fc00                __system_stack_bottom__ = .
                0x00210000                . = (. + 0x400)
 *fill*         0x0020fc00      0x400 00
                0x00210000                . = ALIGN (0x10)
                0x00210000                __system_stack__ = .
                0x00210000                __system_stack_top__ = .
                0x0020fb78                __stack_start__ = ADDR (.stack)
                0x00210000                __stack_end__ = (ADDR (.stack) + SIZEOF (.stack))
OUTPUT(car1_rxe.elf elf32-littlearm)

.comment        0x00000000      0x360
 .comment       0x00000000       0x12 build/kernel/alarm.o
 .comment       0x00000012       0x12 build/kernel/event.o
 .comment       0x00000024       0x12 build/kernel/interrupt.o
 .comment       0x00000036       0x12 build/kernel/osctl.o
 .comment       0x00000048       0x12 build/kernel/resource.o
 .comment       0x0000005a       0x12 build/kernel/task.o
 .comment       0x0000006c       0x12 build/kernel/task_manage.o
 .comment       0x0000007e       0x12 build/config/at91sam7s-gnu/cpu_config.o
 .comment       0x00000090       0x12 build/config/at91sam7s-gnu/lego_nxt/sys_config.o
 .comment       0x000000a2       0x12 build/./kernel_cfg.o
 .comment       0x000000b4       0x12 build/syscalls.o
 .comment       0x000000c6       0x12 build/ecrobot_bluetooth.o
 .comment       0x000000d8       0x12 build/ecrobot_base.o
 .comment       0x000000ea       0x12 build/ecrobot.o
 .comment       0x000000fc       0x12 build/car1.o
 .comment       0x0000010e       0x12 build/syslib/at91sam7s-gnu/lego_nxt/hw_sys_timer.oram
 .comment       0x00000120       0x12 /cygdrive/c/cygwin/nxtOSEK/ecrobot/../ecrobot/libecrobot.a(ecrobot_interface.o)
 .comment       0x00000132       0x12 /cygdrive/c/cygwin/nxtOSEK/ecrobot/../ecrobot/libecrobot.a(colorsensor.o)
 .comment       0x00000144       0x12 /cygdrive/c/cygwin/nxtOSEK/ecrobot/../ecrobot/libecrobot.a(osek_hook.o)
 .comment       0x00000156       0x12 /cygdrive/c/cygwin/nxtOSEK/ecrobot/../ecrobot/libecrobot.a(uart.oram)
 .comment       0x00000168       0x12 /cygdrive/c/cygwin/nxtOSEK/ecrobot/../ecrobot/libecrobot.a(systick.oram)
 .comment       0x0000017a       0x12 /cygdrive/c/cygwin/nxtOSEK/ecrobot/../ecrobot/libecrobot.a(byte_fifo.oram)
 .comment       0x0000018c       0x12 /cygdrive/c/cygwin/nxtOSEK/ecrobot/../ecrobot/libecrobot.a(aic.oram)
 .comment       0x0000019e       0x12 /cygdrive/c/cygwin/nxtOSEK/ecrobot/../ecrobot/libecrobot.a(udp.oram)
 .comment       0x000001b0       0x12 /cygdrive/c/cygwin/nxtOSEK/ecrobot/../ecrobot/libecrobot.a(twi.oram)
 .comment       0x000001c2       0x12 /cygdrive/c/cygwin/nxtOSEK/ecrobot/../ecrobot/libecrobot.a(nxt_spi.oram)
 .comment       0x000001d4       0x12 /cygdrive/c/cygwin/nxtOSEK/ecrobot/../ecrobot/libecrobot.a(nxt_motors.oram)
 .comment       0x000001e6       0x12 /cygdrive/c/cygwin/nxtOSEK/ecrobot/../ecrobot/libecrobot.a(data_abort.oram)
 .comment       0x000001f8       0x12 /cygdrive/c/cygwin/nxtOSEK/ecrobot/../ecrobot/libecrobot.a(display.oram)
 .comment       0x0000020a       0x12 /cygdrive/c/cygwin/nxtOSEK/ecrobot/../ecrobot/libecrobot.a(i2c.oram)
 .comment       0x0000021c       0x12 /cygdrive/c/cygwin/nxtOSEK/ecrobot/../ecrobot/libecrobot.a(sound.oram)
 .comment       0x0000022e       0x12 /cygdrive/c/cygwin/nxtOSEK/ecrobot/../ecrobot/libecrobot.a(bt.oram)
 .comment       0x00000240       0x12 /cygdrive/c/cygwin/nxtOSEK/ecrobot/../ecrobot/libecrobot.a(nxt_avr.oram)
 .comment       0x00000252       0x12 /cygdrive/c/cygwin/nxtOSEK/ecrobot/../ecrobot/libecrobot.a(sensors.oram)
 .comment       0x00000264       0x12 /cygdrive/c/cygwin/nxtOSEK/ecrobot/../ecrobot/libecrobot.a(sensors1.oram)
 .comment       0x00000276       0x12 /cygdrive/c/cygwin/nxtOSEK/ecrobot/../ecrobot/libecrobot.a(nxt_lcd.oram)
 .comment       0x00000288       0x12 /cygdrive/c/cygwin/nxtOSEK/ecrobot/../ecrobot/libecrobot.a(flash_loader.oram)
 .comment       0x0000029a       0x12 /cygdrive/c/cygwin/nxtOSEK/ecrobot/../ecrobot/libecrobot.a(ecrobot_usb.o)
 .comment       0x000002ac       0x12 /cygdrive/c/cygwin/nxtOSEK/ecrobot/../ecrobot/libecrobot.a(flashprog.oram)
 .comment       0x000002be       0x12 /cygdrive/C/cygwin/GNUARM/bin/../lib/gcc/arm-elf/4.0.2/thumb/interwork/libgcc.a(_muldi3.o)
 .comment       0x000002d0       0x12 /cygdrive/C/cygwin/GNUARM/bin/../lib/gcc/arm-elf/4.0.2/thumb/interwork/libgcc.a(_divdi3.o)
 .comment       0x000002e2       0x12 /cygdrive/C/cygwin/GNUARM/bin/../lib/gcc/arm-elf/4.0.2/thumb/interwork/libgcc.a(_clz.o)
 .comment       0x000002f4       0x12 /cygdrive/C/cygwin/GNUARM/bin/../lib/gcc/arm-elf/4.0.2/../../../../arm-elf/lib/thumb/interwork/libc.a(memcpy.o)
 .comment       0x00000306       0x12 /cygdrive/C/cygwin/GNUARM/bin/../lib/gcc/arm-elf/4.0.2/../../../../arm-elf/lib/thumb/interwork/libc.a(memset.o)
 .comment       0x00000318       0x12 /cygdrive/C/cygwin/GNUARM/bin/../lib/gcc/arm-elf/4.0.2/../../../../arm-elf/lib/thumb/interwork/libc.a(strcmp.o)
 .comment       0x0000032a       0x12 /cygdrive/C/cygwin/GNUARM/bin/../lib/gcc/arm-elf/4.0.2/../../../../arm-elf/lib/thumb/interwork/libc.a(strcpy.o)
 .comment       0x0000033c       0x12 /cygdrive/C/cygwin/GNUARM/bin/../lib/gcc/arm-elf/4.0.2/../../../../arm-elf/lib/thumb/interwork/libc.a(strlen.o)
 .comment       0x0000034e       0x12 /cygdrive/C/cygwin/GNUARM/bin/../lib/gcc/arm-elf/4.0.2/../../../../arm-elf/lib/thumb/interwork/libc.a(strncpy.o)

.debug_line     0x00000000      0xe10
 .debug_line    0x00000000       0x70 /cygdrive/C/cygwin/GNUARM/bin/../lib/gcc/arm-elf/4.0.2/thumb/interwork/libgcc.a(_udivsi3.o)
 .debug_line    0x00000070       0x7c /cygdrive/C/cygwin/GNUARM/bin/../lib/gcc/arm-elf/4.0.2/thumb/interwork/libgcc.a(_divsi3.o)
 .debug_line    0x000000ec       0x68 /cygdrive/C/cygwin/GNUARM/bin/../lib/gcc/arm-elf/4.0.2/thumb/interwork/libgcc.a(_umodsi3.o)
 .debug_line    0x00000154       0x71 /cygdrive/C/cygwin/GNUARM/bin/../lib/gcc/arm-elf/4.0.2/thumb/interwork/libgcc.a(_modsi3.o)
 .debug_line    0x000001c5       0x5a /cygdrive/C/cygwin/GNUARM/bin/../lib/gcc/arm-elf/4.0.2/thumb/interwork/libgcc.a(_dvmd_tls.o)
 .debug_line    0x0000021f      0x162 /cygdrive/C/cygwin/GNUARM/bin/../lib/gcc/arm-elf/4.0.2/thumb/interwork/libgcc.a(_addsubdf3.o)
 .debug_line    0x00000381      0x177 /cygdrive/C/cygwin/GNUARM/bin/../lib/gcc/arm-elf/4.0.2/thumb/interwork/libgcc.a(_muldivdf3.o)
 .debug_line    0x000004f8       0xa4 /cygdrive/C/cygwin/GNUARM/bin/../lib/gcc/arm-elf/4.0.2/thumb/interwork/libgcc.a(_cmpdf2.o)
 .debug_line    0x0000059c      0x110 /cygdrive/C/cygwin/GNUARM/bin/../lib/gcc/arm-elf/4.0.2/thumb/interwork/libgcc.a(_addsubsf3.o)
 .debug_line    0x000006ac      0x11a /cygdrive/C/cygwin/GNUARM/bin/../lib/gcc/arm-elf/4.0.2/thumb/interwork/libgcc.a(_muldivsf3.o)
 .debug_line    0x000007c6       0x6f /cygdrive/C/cygwin/GNUARM/bin/../lib/gcc/arm-elf/4.0.2/thumb/interwork/libgcc.a(_fixsfsi.o)
 .debug_line    0x00000835       0x61 /cygdrive/C/cygwin/GNUARM/bin/../lib/gcc/arm-elf/4.0.2/thumb/interwork/libgcc.a(_muldi3.o)
 .debug_line    0x00000896      0x122 /cygdrive/C/cygwin/GNUARM/bin/../lib/gcc/arm-elf/4.0.2/thumb/interwork/libgcc.a(_divdi3.o)
 .debug_line    0x000009b8       0x48 /cygdrive/C/cygwin/GNUARM/bin/../lib/gcc/arm-elf/4.0.2/thumb/interwork/libgcc.a(_clz.o)
 .debug_line    0x00000a00       0xc3 /cygdrive/C/cygwin/GNUARM/bin/../lib/gcc/arm-elf/4.0.2/../../../../arm-elf/lib/thumb/interwork/libc.a(memcpy.o)
 .debug_line    0x00000ac3       0xd4 /cygdrive/C/cygwin/GNUARM/bin/../lib/gcc/arm-elf/4.0.2/../../../../arm-elf/lib/thumb/interwork/libc.a(memset.o)
 .debug_line    0x00000b97       0x88 /cygdrive/C/cygwin/GNUARM/bin/../lib/gcc/arm-elf/4.0.2/../../../../arm-elf/lib/thumb/interwork/libc.a(strcmp.o)
 .debug_line    0x00000c1f       0x80 /cygdrive/C/cygwin/GNUARM/bin/../lib/gcc/arm-elf/4.0.2/../../../../arm-elf/lib/thumb/interwork/libc.a(strcpy.o)
 .debug_line    0x00000c9f       0xaf /cygdrive/C/cygwin/GNUARM/bin/../lib/gcc/arm-elf/4.0.2/../../../../arm-elf/lib/thumb/interwork/libc.a(strlen.o)
 .debug_line    0x00000d4e       0xc2 /cygdrive/C/cygwin/GNUARM/bin/../lib/gcc/arm-elf/4.0.2/../../../../arm-elf/lib/thumb/interwork/libc.a(strncpy.o)

.debug_info     0x00000000     0x14b5
 .debug_info    0x00000000       0x6a /cygdrive/C/cygwin/GNUARM/bin/../lib/gcc/arm-elf/4.0.2/thumb/interwork/libgcc.a(_udivsi3.o)
 .debug_info    0x0000006a       0x6a /cygdrive/C/cygwin/GNUARM/bin/../lib/gcc/arm-elf/4.0.2/thumb/interwork/libgcc.a(_divsi3.o)
 .debug_info    0x000000d4       0x6a /cygdrive/C/cygwin/GNUARM/bin/../lib/gcc/arm-elf/4.0.2/thumb/interwork/libgcc.a(_umodsi3.o)
 .debug_info    0x0000013e       0x6a /cygdrive/C/cygwin/GNUARM/bin/../lib/gcc/arm-elf/4.0.2/thumb/interwork/libgcc.a(_modsi3.o)
 .debug_info    0x000001a8       0x6a /cygdrive/C/cygwin/GNUARM/bin/../lib/gcc/arm-elf/4.0.2/thumb/interwork/libgcc.a(_dvmd_tls.o)
 .debug_info    0x00000212       0x69 /cygdrive/C/cygwin/GNUARM/bin/../lib/gcc/arm-elf/4.0.2/thumb/interwork/libgcc.a(_addsubdf3.o)
 .debug_info    0x0000027b       0x69 /cygdrive/C/cygwin/GNUARM/bin/../lib/gcc/arm-elf/4.0.2/thumb/interwork/libgcc.a(_muldivdf3.o)
 .debug_info    0x000002e4       0x69 /cygdrive/C/cygwin/GNUARM/bin/../lib/gcc/arm-elf/4.0.2/thumb/interwork/libgcc.a(_cmpdf2.o)
 .debug_info    0x0000034d       0x69 /cygdrive/C/cygwin/GNUARM/bin/../lib/gcc/arm-elf/4.0.2/thumb/interwork/libgcc.a(_addsubsf3.o)
 .debug_info    0x000003b6       0x69 /cygdrive/C/cygwin/GNUARM/bin/../lib/gcc/arm-elf/4.0.2/thumb/interwork/libgcc.a(_muldivsf3.o)
 .debug_info    0x0000041f       0x69 /cygdrive/C/cygwin/GNUARM/bin/../lib/gcc/arm-elf/4.0.2/thumb/interwork/libgcc.a(_fixsfsi.o)
 .debug_info    0x00000488      0x20e /cygdrive/C/cygwin/GNUARM/bin/../lib/gcc/arm-elf/4.0.2/thumb/interwork/libgcc.a(_muldi3.o)
 .debug_info    0x00000696      0x758 /cygdrive/C/cygwin/GNUARM/bin/../lib/gcc/arm-elf/4.0.2/thumb/interwork/libgcc.a(_divdi3.o)
 .debug_info    0x00000dee       0xc9 /cygdrive/C/cygwin/GNUARM/bin/../lib/gcc/arm-elf/4.0.2/thumb/interwork/libgcc.a(_clz.o)
 .debug_info    0x00000eb7      0x10d /cygdrive/C/cygwin/GNUARM/bin/../lib/gcc/arm-elf/4.0.2/../../../../arm-elf/lib/thumb/interwork/libc.a(memcpy.o)
 .debug_info    0x00000fc4      0x111 /cygdrive/C/cygwin/GNUARM/bin/../lib/gcc/arm-elf/4.0.2/../../../../arm-elf/lib/thumb/interwork/libc.a(memset.o)
 .debug_info    0x000010d5       0xd9 /cygdrive/C/cygwin/GNUARM/bin/../lib/gcc/arm-elf/4.0.2/../../../../arm-elf/lib/thumb/interwork/libc.a(strcmp.o)
 .debug_info    0x000011ae      0x10c /cygdrive/C/cygwin/GNUARM/bin/../lib/gcc/arm-elf/4.0.2/../../../../arm-elf/lib/thumb/interwork/libc.a(strcpy.o)
 .debug_info    0x000012ba       0xd5 /cygdrive/C/cygwin/GNUARM/bin/../lib/gcc/arm-elf/4.0.2/../../../../arm-elf/lib/thumb/interwork/libc.a(strlen.o)
 .debug_info    0x0000138f      0x126 /cygdrive/C/cygwin/GNUARM/bin/../lib/gcc/arm-elf/4.0.2/../../../../arm-elf/lib/thumb/interwork/libc.a(strncpy.o)

.debug_abbrev   0x00000000      0x6d9
 .debug_abbrev  0x00000000       0x14 /cygdrive/C/cygwin/GNUARM/bin/../lib/gcc/arm-elf/4.0.2/thumb/interwork/libgcc.a(_udivsi3.o)
 .debug_abbrev  0x00000014       0x14 /cygdrive/C/cygwin/GNUARM/bin/../lib/gcc/arm-elf/4.0.2/thumb/interwork/libgcc.a(_divsi3.o)
 .debug_abbrev  0x00000028       0x14 /cygdrive/C/cygwin/GNUARM/bin/../lib/gcc/arm-elf/4.0.2/thumb/interwork/libgcc.a(_umodsi3.o)
 .debug_abbrev  0x0000003c       0x14 /cygdrive/C/cygwin/GNUARM/bin/../lib/gcc/arm-elf/4.0.2/thumb/interwork/libgcc.a(_modsi3.o)
 .debug_abbrev  0x00000050       0x14 /cygdrive/C/cygwin/GNUARM/bin/../lib/gcc/arm-elf/4.0.2/thumb/interwork/libgcc.a(_dvmd_tls.o)
 .debug_abbrev  0x00000064       0x14 /cygdrive/C/cygwin/GNUARM/bin/../lib/gcc/arm-elf/4.0.2/thumb/interwork/libgcc.a(_addsubdf3.o)
 .debug_abbrev  0x00000078       0x14 /cygdrive/C/cygwin/GNUARM/bin/../lib/gcc/arm-elf/4.0.2/thumb/interwork/libgcc.a(_muldivdf3.o)
 .debug_abbrev  0x0000008c       0x14 /cygdrive/C/cygwin/GNUARM/bin/../lib/gcc/arm-elf/4.0.2/thumb/interwork/libgcc.a(_cmpdf2.o)
 .debug_abbrev  0x000000a0       0x14 /cygdrive/C/cygwin/GNUARM/bin/../lib/gcc/arm-elf/4.0.2/thumb/interwork/libgcc.a(_addsubsf3.o)
 .debug_abbrev  0x000000b4       0x14 /cygdrive/C/cygwin/GNUARM/bin/../lib/gcc/arm-elf/4.0.2/thumb/interwork/libgcc.a(_muldivsf3.o)
 .debug_abbrev  0x000000c8       0x14 /cygdrive/C/cygwin/GNUARM/bin/../lib/gcc/arm-elf/4.0.2/thumb/interwork/libgcc.a(_fixsfsi.o)
 .debug_abbrev  0x000000dc       0xec /cygdrive/C/cygwin/GNUARM/bin/../lib/gcc/arm-elf/4.0.2/thumb/interwork/libgcc.a(_muldi3.o)
 .debug_abbrev  0x000001c8      0x174 /cygdrive/C/cygwin/GNUARM/bin/../lib/gcc/arm-elf/4.0.2/thumb/interwork/libgcc.a(_divdi3.o)
 .debug_abbrev  0x0000033c       0x61 /cygdrive/C/cygwin/GNUARM/bin/../lib/gcc/arm-elf/4.0.2/thumb/interwork/libgcc.a(_clz.o)
 .debug_abbrev  0x0000039d       0x99 /cygdrive/C/cygwin/GNUARM/bin/../lib/gcc/arm-elf/4.0.2/../../../../arm-elf/lib/thumb/interwork/libc.a(memcpy.o)
 .debug_abbrev  0x00000436       0x9a /cygdrive/C/cygwin/GNUARM/bin/../lib/gcc/arm-elf/4.0.2/../../../../arm-elf/lib/thumb/interwork/libc.a(memset.o)
 .debug_abbrev  0x000004d0       0x71 /cygdrive/C/cygwin/GNUARM/bin/../lib/gcc/arm-elf/4.0.2/../../../../arm-elf/lib/thumb/interwork/libc.a(strcmp.o)
 .debug_abbrev  0x00000541       0x80 /cygdrive/C/cygwin/GNUARM/bin/../lib/gcc/arm-elf/4.0.2/../../../../arm-elf/lib/thumb/interwork/libc.a(strcpy.o)
 .debug_abbrev  0x000005c1       0x8b /cygdrive/C/cygwin/GNUARM/bin/../lib/gcc/arm-elf/4.0.2/../../../../arm-elf/lib/thumb/interwork/libc.a(strlen.o)
 .debug_abbrev  0x0000064c       0x8d /cygdrive/C/cygwin/GNUARM/bin/../lib/gcc/arm-elf/4.0.2/../../../../arm-elf/lib/thumb/interwork/libc.a(strncpy.o)

.debug_aranges  0x00000000      0x260
 .debug_aranges
                0x00000000       0x20 /cygdrive/C/cygwin/GNUARM/bin/../lib/gcc/arm-elf/4.0.2/thumb/interwork/libgcc.a(_udivsi3.o)
 .debug_aranges
                0x00000020       0x20 /cygdrive/C/cygwin/GNUARM/bin/../lib/gcc/arm-elf/4.0.2/thumb/interwork/libgcc.a(_divsi3.o)
 .debug_aranges
                0x00000040       0x20 /cygdrive/C/cygwin/GNUARM/bin/../lib/gcc/arm-elf/4.0.2/thumb/interwork/libgcc.a(_umodsi3.o)
 .debug_aranges
                0x00000060       0x20 /cygdrive/C/cygwin/GNUARM/bin/../lib/gcc/arm-elf/4.0.2/thumb/interwork/libgcc.a(_modsi3.o)
 .debug_aranges
                0x00000080       0x20 /cygdrive/C/cygwin/GNUARM/bin/../lib/gcc/arm-elf/4.0.2/thumb/interwork/libgcc.a(_dvmd_tls.o)
 .debug_aranges
                0x000000a0       0x20 /cygdrive/C/cygwin/GNUARM/bin/../lib/gcc/arm-elf/4.0.2/thumb/interwork/libgcc.a(_addsubdf3.o)
 .debug_aranges
                0x000000c0       0x20 /cygdrive/C/cygwin/GNUARM/bin/../lib/gcc/arm-elf/4.0.2/thumb/interwork/libgcc.a(_muldivdf3.o)
 .debug_aranges
                0x000000e0       0x20 /cygdrive/C/cygwin/GNUARM/bin/../lib/gcc/arm-elf/4.0.2/thumb/interwork/libgcc.a(_cmpdf2.o)
 .debug_aranges
                0x00000100       0x20 /cygdrive/C/cygwin/GNUARM/bin/../lib/gcc/arm-elf/4.0.2/thumb/interwork/libgcc.a(_addsubsf3.o)
 .debug_aranges
                0x00000120       0x20 /cygdrive/C/cygwin/GNUARM/bin/../lib/gcc/arm-elf/4.0.2/thumb/interwork/libgcc.a(_muldivsf3.o)
 .debug_aranges
                0x00000140       0x20 /cygdrive/C/cygwin/GNUARM/bin/../lib/gcc/arm-elf/4.0.2/thumb/interwork/libgcc.a(_fixsfsi.o)
 .debug_aranges
                0x00000160       0x20 /cygdrive/C/cygwin/GNUARM/bin/../lib/gcc/arm-elf/4.0.2/thumb/interwork/libgcc.a(_muldi3.o)
 .debug_aranges
                0x00000180       0x20 /cygdrive/C/cygwin/GNUARM/bin/../lib/gcc/arm-elf/4.0.2/thumb/interwork/libgcc.a(_divdi3.o)
 .debug_aranges
                0x000001a0       0x20 /cygdrive/C/cygwin/GNUARM/bin/../lib/gcc/arm-elf/4.0.2/../../../../arm-elf/lib/thumb/interwork/libc.a(memcpy.o)
 .debug_aranges
                0x000001c0       0x20 /cygdrive/C/cygwin/GNUARM/bin/../lib/gcc/arm-elf/4.0.2/../../../../arm-elf/lib/thumb/interwork/libc.a(memset.o)
 .debug_aranges
                0x000001e0       0x20 /cygdrive/C/cygwin/GNUARM/bin/../lib/gcc/arm-elf/4.0.2/../../../../arm-elf/lib/thumb/interwork/libc.a(strcmp.o)
 .debug_aranges
                0x00000200       0x20 /cygdrive/C/cygwin/GNUARM/bin/../lib/gcc/arm-elf/4.0.2/../../../../arm-elf/lib/thumb/interwork/libc.a(strcpy.o)
 .debug_aranges
                0x00000220       0x20 /cygdrive/C/cygwin/GNUARM/bin/../lib/gcc/arm-elf/4.0.2/../../../../arm-elf/lib/thumb/interwork/libc.a(strlen.o)
 .debug_aranges
                0x00000240       0x20 /cygdrive/C/cygwin/GNUARM/bin/../lib/gcc/arm-elf/4.0.2/../../../../arm-elf/lib/thumb/interwork/libc.a(strncpy.o)

.debug_frame    0x00000000      0x180
 .debug_frame   0x00000000       0x38 /cygdrive/C/cygwin/GNUARM/bin/../lib/gcc/arm-elf/4.0.2/thumb/interwork/libgcc.a(_muldi3.o)
 .debug_frame   0x00000038       0x3c /cygdrive/C/cygwin/GNUARM/bin/../lib/gcc/arm-elf/4.0.2/thumb/interwork/libgcc.a(_divdi3.o)
 .debug_frame   0x00000074       0x2c /cygdrive/C/cygwin/GNUARM/bin/../lib/gcc/arm-elf/4.0.2/../../../../arm-elf/lib/thumb/interwork/libc.a(memcpy.o)
 .debug_frame   0x000000a0       0x2c /cygdrive/C/cygwin/GNUARM/bin/../lib/gcc/arm-elf/4.0.2/../../../../arm-elf/lib/thumb/interwork/libc.a(memset.o)
 .debug_frame   0x000000cc       0x2c /cygdrive/C/cygwin/GNUARM/bin/../lib/gcc/arm-elf/4.0.2/../../../../arm-elf/lib/thumb/interwork/libc.a(strcmp.o)
 .debug_frame   0x000000f8       0x2c /cygdrive/C/cygwin/GNUARM/bin/../lib/gcc/arm-elf/4.0.2/../../../../arm-elf/lib/thumb/interwork/libc.a(strcpy.o)
 .debug_frame   0x00000124       0x2c /cygdrive/C/cygwin/GNUARM/bin/../lib/gcc/arm-elf/4.0.2/../../../../arm-elf/lib/thumb/interwork/libc.a(strlen.o)
 .debug_frame   0x00000150       0x30 /cygdrive/C/cygwin/GNUARM/bin/../lib/gcc/arm-elf/4.0.2/../../../../arm-elf/lib/thumb/interwork/libc.a(strncpy.o)

.debug_loc      0x00000000     0x13c0
 .debug_loc     0x00000000      0x156 /cygdrive/C/cygwin/GNUARM/bin/../lib/gcc/arm-elf/4.0.2/thumb/interwork/libgcc.a(_muldi3.o)
 .debug_loc     0x00000156      0xd45 /cygdrive/C/cygwin/GNUARM/bin/../lib/gcc/arm-elf/4.0.2/thumb/interwork/libgcc.a(_divdi3.o)
 .debug_loc     0x00000e9b      0x127 /cygdrive/C/cygwin/GNUARM/bin/../lib/gcc/arm-elf/4.0.2/../../../../arm-elf/lib/thumb/interwork/libc.a(memcpy.o)
 .debug_loc     0x00000fc2      0x12a /cygdrive/C/cygwin/GNUARM/bin/../lib/gcc/arm-elf/4.0.2/../../../../arm-elf/lib/thumb/interwork/libc.a(memset.o)
 .debug_loc     0x000010ec       0x8e /cygdrive/C/cygwin/GNUARM/bin/../lib/gcc/arm-elf/4.0.2/../../../../arm-elf/lib/thumb/interwork/libc.a(strcmp.o)
 .debug_loc     0x0000117a       0xb4 /cygdrive/C/cygwin/GNUARM/bin/../lib/gcc/arm-elf/4.0.2/../../../../arm-elf/lib/thumb/interwork/libc.a(strcpy.o)
 .debug_loc     0x0000122e       0x3c /cygdrive/C/cygwin/GNUARM/bin/../lib/gcc/arm-elf/4.0.2/../../../../arm-elf/lib/thumb/interwork/libc.a(strlen.o)
 .debug_loc     0x0000126a      0x156 /cygdrive/C/cygwin/GNUARM/bin/../lib/gcc/arm-elf/4.0.2/../../../../arm-elf/lib/thumb/interwork/libc.a(strncpy.o)

.debug_pubnames
                0x00000000      0x10d
 .debug_pubnames
                0x00000000       0x1f /cygdrive/C/cygwin/GNUARM/bin/../lib/gcc/arm-elf/4.0.2/thumb/interwork/libgcc.a(_muldi3.o)
 .debug_pubnames
                0x0000001f       0x1f /cygdrive/C/cygwin/GNUARM/bin/../lib/gcc/arm-elf/4.0.2/thumb/interwork/libgcc.a(_divdi3.o)
 .debug_pubnames
                0x0000003e       0x20 /cygdrive/C/cygwin/GNUARM/bin/../lib/gcc/arm-elf/4.0.2/thumb/interwork/libgcc.a(_clz.o)
 .debug_pubnames
                0x0000005e       0x1d /cygdrive/C/cygwin/GNUARM/bin/../lib/gcc/arm-elf/4.0.2/../../../../arm-elf/lib/thumb/interwork/libc.a(memcpy.o)
 .debug_pubnames
                0x0000007b       0x1d /cygdrive/C/cygwin/GNUARM/bin/../lib/gcc/arm-elf/4.0.2/../../../../arm-elf/lib/thumb/interwork/libc.a(memset.o)
 .debug_pubnames
                0x00000098       0x1d /cygdrive/C/cygwin/GNUARM/bin/../lib/gcc/arm-elf/4.0.2/../../../../arm-elf/lib/thumb/interwork/libc.a(strcmp.o)
 .debug_pubnames
                0x000000b5       0x1d /cygdrive/C/cygwin/GNUARM/bin/../lib/gcc/arm-elf/4.0.2/../../../../arm-elf/lib/thumb/interwork/libc.a(strcpy.o)
 .debug_pubnames
                0x000000d2       0x1d /cygdrive/C/cygwin/GNUARM/bin/../lib/gcc/arm-elf/4.0.2/../../../../arm-elf/lib/thumb/interwork/libc.a(strlen.o)
 .debug_pubnames
                0x000000ef       0x1e /cygdrive/C/cygwin/GNUARM/bin/../lib/gcc/arm-elf/4.0.2/../../../../arm-elf/lib/thumb/interwork/libc.a(strncpy.o)

.debug_ranges   0x00000000      0x1d8
 .debug_ranges  0x00000000       0x30 /cygdrive/C/cygwin/GNUARM/bin/../lib/gcc/arm-elf/4.0.2/thumb/interwork/libgcc.a(_muldi3.o)
 .debug_ranges  0x00000030      0x1a8 /cygdrive/C/cygwin/GNUARM/bin/../lib/gcc/arm-elf/4.0.2/thumb/interwork/libgcc.a(_divdi3.o)

.debug_str      0x00000000      0x38b
 .debug_str     0x00000000       0xfb /cygdrive/C/cygwin/GNUARM/bin/../lib/gcc/arm-elf/4.0.2/thumb/interwork/libgcc.a(_muldi3.o)
                                0x14f (size before relaxing)
 .debug_str     0x000000fb       0x5d /cygdrive/C/cygwin/GNUARM/bin/../lib/gcc/arm-elf/4.0.2/thumb/interwork/libgcc.a(_divdi3.o)
                                0x1a3 (size before relaxing)
 .debug_str     0x00000158        0x0 /cygdrive/C/cygwin/GNUARM/bin/../lib/gcc/arm-elf/4.0.2/thumb/interwork/libgcc.a(_clz.o)
                                0x104 (size before relaxing)
 .debug_str     0x00000158       0xb3 /cygdrive/C/cygwin/GNUARM/bin/../lib/gcc/arm-elf/4.0.2/../../../../arm-elf/lib/thumb/interwork/libc.a(memcpy.o)
                                 0xdf (size before relaxing)
 .debug_str     0x0000020b       0x5a /cygdrive/C/cygwin/GNUARM/bin/../lib/gcc/arm-elf/4.0.2/../../../../arm-elf/lib/thumb/interwork/libc.a(memset.o)
                                0x129 (size before relaxing)
 .debug_str     0x00000265       0x46 /cygdrive/C/cygwin/GNUARM/bin/../lib/gcc/arm-elf/4.0.2/../../../../arm-elf/lib/thumb/interwork/libc.a(strcmp.o)
                                0x10e (size before relaxing)
 .debug_str     0x000002ab       0x46 /cygdrive/C/cygwin/GNUARM/bin/../lib/gcc/arm-elf/4.0.2/../../../../arm-elf/lib/thumb/interwork/libc.a(strcpy.o)
                                0x130 (size before relaxing)
 .debug_str     0x000002f1       0x4c /cygdrive/C/cygwin/GNUARM/bin/../lib/gcc/arm-elf/4.0.2/../../../../arm-elf/lib/thumb/interwork/libc.a(strlen.o)
                                0x128 (size before relaxing)
 .debug_str     0x0000033d       0x4e /cygdrive/C/cygwin/GNUARM/bin/../lib/gcc/arm-elf/4.0.2/../../../../arm-elf/lib/thumb/interwork/libc.a(strncpy.o)
                                0x13f (size before relaxing)

Cross Reference Table

Symbol                                            File
ActivateTask                                      build/kernel/task_manage.o
                                                  build/./kernel_cfg.o
CalibrateSensorsTask                              build/./kernel_cfg.o
                                                  build/car1.o
CancelAlarm                                       build/kernel/alarm.o
ChainTask                                         build/kernel/task_manage.o
ClearEvent                                        build/kernel/event.o
                                                  build/car1.o
DisableAllInterrupts                              build/kernel/interrupt.o
EnableAllInterrupts                               build/kernel/interrupt.o
ErrorHook                                         /cygdrive/c/cygwin/nxtOSEK/ecrobot/../ecrobot/libecrobot.a(osek_hook.o)
                                                  build/kernel/osctl.o
GetActiveApplicationMode                          build/kernel/osctl.o
GetAlarm                                          build/kernel/alarm.o
GetAlarmBase                                      build/kernel/alarm.o
GetCurrentLightSensor                             build/./kernel_cfg.o
GetEvent                                          build/kernel/event.o
                                                  build/car1.o
GetResource                                       build/kernel/resource.o
                                                  build/car1.o
GetTaskID                                         build/kernel/task_manage.o
GetTaskState                                      build/kernel/task_manage.o
IdleTask                                          build/./kernel_cfg.o
LightSensor                                       build/./kernel_cfg.o
                                                  build/car1.o
MotorControlTask                                  build/./kernel_cfg.o
                                                  build/car1.o
NXT_COLORSENSOR_PROTOCOLS                         /cygdrive/c/cygwin/nxtOSEK/ecrobot/../ecrobot/libecrobot.a(ecrobot_interface.o)
NXT_Entry_Point                                   build/nxt_entry_point.o
                                                  build/nxt_binary_header.o
PostTaskHook                                      /cygdrive/c/cygwin/nxtOSEK/ecrobot/../ecrobot/libecrobot.a(osek_hook.o)
                                                  build/config/at91sam7s-gnu/cpu_support.oram
                                                  build/kernel/osctl.o
PreTaskHook                                       /cygdrive/c/cygwin/nxtOSEK/ecrobot/../ecrobot/libecrobot.a(osek_hook.o)
                                                  build/config/at91sam7s-gnu/cpu_support.oram
                                                  build/kernel/osctl.o
ReadyEvent                                        build/./kernel_cfg.o
                                                  build/car1.o
ReleaseResource                                   build/kernel/resource.o
                                                  build/car1.o
ResumeAllInterrupts                               build/kernel/interrupt.o
ResumeOSInterrupts                                build/kernel/interrupt.o
Schedule                                          build/kernel/task_manage.o